<html>
<body>
<pre>
<h1>µVision Build Log</h1>
<h2>Tool Versions:</h2>
IDE-Version: µVision V5.35.0.0
Copyright (C) 2021 ARM Ltd and ARM Germany GmbH. All rights reserved.
License Information: Ahmed Eldaly, Cairo university, LIC=----
 
Tool Versions:
Toolchain:       MDK-Lite  Version: 5.35.0.2
Toolchain Path:  C:\Keil_v5\ARM\ARMCLANG\Bin
C Compiler:      ArmClang.exe V6.16
Assembler:       Armasm.exe V6.16
Linker/Locator:  ArmLink.exe V6.16
Library Manager: ArmAr.exe V6.16
Hex Converter:   FromElf.exe V6.16
CPU DLL:         SARMCM3.DLL V5.35.0.2
Dialog DLL:      DCM.DLL V1.17.3.0
Target DLL:      UL2CM3.DLL V1.164.0.0
Dialog DLL:      TCM.DLL V1.53.0.0
 
<h2>Project:</h2>
E:\EECE\Shell\Tasks\Week1\Timer_code\Timer_code.uvproj
Project File Date:  09/12/2021

<h2>Output:</h2>
*** Using Compiler 'V6.16', folder: 'C:\Keil_v5\ARM\ARMCLANG\Bin'
Build target 'Target 1'
main.c(8): warning: no previous prototype for function 'SystemInit' [-Wmissing-prototypes]
void SystemInit(){}
     ^
main.c(8): note: declare 'static' if the function is not intended to be used outside of this translation unit
void SystemInit(){}
^
static 
main.c(8): warning: this old-style function definition is not preceded by a prototype [-Wstrict-prototypes]
void SystemInit(){}
               ^
main.c(16): warning: implicit conversion changes signedness: 'int' to 'unsigned int' [-Wsign-conversion]
        TIMER0_CTL_R &= (~(0x01));
                     ~~  ^~~~~~~
main.c(19): warning: implicit conversion changes signedness: 'int' to 'unsigned int' [-Wsign-conversion]
        TIMER0_CFG_R &= (~(0x07));
                     ~~  ^~~~~~~
main.c(22): warning: implicit conversion changes signedness: 'int' to 'unsigned int' [-Wsign-conversion]
        TIMER0_TAMR_R &= ((~(0x07)) | (0x02));
                      ~~  ~~~~~~~~~~^~~~~~~~
main.c(25): warning: implicit conversion turns floating-point number into integer: 'double' to 'uint32_t' (aka 'unsigned int') [-Wfloat-conversion]
        TIMER0_TAILR_R = 3*(1000000000/62.5);
                       ~ ~^~~~~~~~~~~~~~~~~~
main.c(10): warning: no previous prototype for function 'periodicTimer0Init' [-Wmissing-prototypes]
void periodicTimer0Init(void)
     ^
main.c(10): note: declare 'static' if the function is not intended to be used outside of this translation unit
void periodicTimer0Init(void)
^
static 
main.c(34): warning: no previous prototype for function 'PORTF_init' [-Wmissing-prototypes]
void PORTF_init(void)
     ^
main.c(34): note: declare 'static' if the function is not intended to be used outside of this translation unit
void PORTF_init(void)
^
static 
main.c(88): warning: no newline at end of file [-Wnewline-eof]
}
 ^
9 warnings generated.
compiling main.c...
linking...
Program Size: Code=568 RO-data=636 RW-data=0 ZI-data=608  
".\Objects\Timer_code.axf" - 0 Error(s), 9 Warning(s).
Build Time Elapsed:  00:00:02
</pre>
</body>
</html>
