<?xml version="1.0" encoding="ISO-8859-1" ?>
<link_info>
   <banner>TI ARM Linker PC v20.2.5.LTS</banner>
   <copyright>Copyright (c) 1996-2018 Texas Instruments Incorporated</copyright>
   <link_time>0x614c6be2</link_time>
   <link_errors>0x0</link_errors>
   <output_file>TestTasksPriorities.out</output_file>
   <entry_point>
      <name>_c_int00_noargs</name>
      <address>0x4a91</address>
   </entry_point>
   <input_file_list>
      <input_file id="fl-2">
         <path>.\</path>
         <kind>object</kind>
         <file>heap_2.obj</file>
         <name>heap_2.obj</name>
      </input_file>
      <input_file id="fl-3">
         <path>.\</path>
         <kind>object</kind>
         <file>list.obj</file>
         <name>list.obj</name>
      </input_file>
      <input_file id="fl-4">
         <path>.\</path>
         <kind>object</kind>
         <file>main.obj</file>
         <name>main.obj</name>
      </input_file>
      <input_file id="fl-5">
         <path>.\</path>
         <kind>object</kind>
         <file>port.obj</file>
         <name>port.obj</name>
      </input_file>
      <input_file id="fl-6">
         <path>.\</path>
         <kind>object</kind>
         <file>portasm.obj</file>
         <name>portasm.obj</name>
      </input_file>
      <input_file id="fl-7">
         <path>.\</path>
         <kind>object</kind>
         <file>queue.obj</file>
         <name>queue.obj</name>
      </input_file>
      <input_file id="fl-8">
         <path>.\</path>
         <kind>object</kind>
         <file>tasks.obj</file>
         <name>tasks.obj</name>
      </input_file>
      <input_file id="fl-9">
         <path>.\</path>
         <kind>object</kind>
         <file>timers.obj</file>
         <name>timers.obj</name>
      </input_file>
      <input_file id="fl-a">
         <path>.\</path>
         <kind>object</kind>
         <file>tm4c123gh6pm_startup_ccs.obj</file>
         <name>tm4c123gh6pm_startup_ccs.obj</name>
      </input_file>
      <input_file id="fl-f">
         <kind>object</kind>
         <file>&lt;internal&gt;</file>
         <name>&lt;internal&gt;</name>
      </input_file>
      <input_file id="fl-10">
         <path>C:\ti\TivaWare_C_Series-2.2.0.295\driverlib\ccs\Debug\</path>
         <kind>archive</kind>
         <file>driverlib.lib</file>
         <name>gpio.obj</name>
      </input_file>
      <input_file id="fl-11">
         <path>C:\ti\TivaWare_C_Series-2.2.0.295\driverlib\ccs\Debug\</path>
         <kind>archive</kind>
         <file>driverlib.lib</file>
         <name>interrupt.obj</name>
      </input_file>
      <input_file id="fl-12">
         <path>C:\ti\TivaWare_C_Series-2.2.0.295\driverlib\ccs\Debug\</path>
         <kind>archive</kind>
         <file>driverlib.lib</file>
         <name>sysctl.obj</name>
      </input_file>
      <input_file id="fl-13">
         <path>C:\ti\TivaWare_C_Series-2.2.0.295\driverlib\ccs\Debug\</path>
         <kind>archive</kind>
         <file>driverlib.lib</file>
         <name>uart.obj</name>
      </input_file>
      <input_file id="fl-14">
         <path>C:\ti\TivaWare_C_Series-2.2.0.295\driverlib\ccs\Debug\</path>
         <kind>archive</kind>
         <file>driverlib.lib</file>
         <name>cpu.obj</name>
      </input_file>
      <input_file id="fl-ca">
         <path>C:\ti\ccs1040\ccs\tools\compiler\ti-cgt-arm_20.2.5.LTS\lib\</path>
         <kind>archive</kind>
         <file>rtsv7M4_T_le_v4SPD16_eabi.lib</file>
         <name>memcpy_t2.asm.obj</name>
      </input_file>
      <input_file id="fl-cb">
         <path>C:\ti\ccs1040\ccs\tools\compiler\ti-cgt-arm_20.2.5.LTS\lib\</path>
         <kind>archive</kind>
         <file>rtsv7M4_T_le_v4SPD16_eabi.lib</file>
         <name>memset_t2.asm.obj</name>
      </input_file>
      <input_file id="fl-cc">
         <path>C:\ti\ccs1040\ccs\tools\compiler\ti-cgt-arm_20.2.5.LTS\lib\</path>
         <kind>archive</kind>
         <file>rtsv7M4_T_le_v4SPD16_eabi.lib</file>
         <name>copy_zero_init.c.obj</name>
      </input_file>
      <input_file id="fl-cd">
         <path>C:\ti\ccs1040\ccs\tools\compiler\ti-cgt-arm_20.2.5.LTS\lib\</path>
         <kind>archive</kind>
         <file>rtsv7M4_T_le_v4SPD16_eabi.lib</file>
         <name>copy_decompress_none.c.obj</name>
      </input_file>
      <input_file id="fl-ce">
         <path>C:\ti\ccs1040\ccs\tools\compiler\ti-cgt-arm_20.2.5.LTS\lib\</path>
         <kind>archive</kind>
         <file>rtsv7M4_T_le_v4SPD16_eabi.lib</file>
         <name>copy_decompress_lzss.c.obj</name>
      </input_file>
      <input_file id="fl-cf">
         <path>C:\ti\ccs1040\ccs\tools\compiler\ti-cgt-arm_20.2.5.LTS\lib\</path>
         <kind>archive</kind>
         <file>rtsv7M4_T_le_v4SPD16_eabi.lib</file>
         <name>boot_cortex_m.c.obj</name>
      </input_file>
      <input_file id="fl-d0">
         <path>C:\ti\ccs1040\ccs\tools\compiler\ti-cgt-arm_20.2.5.LTS\lib\</path>
         <kind>archive</kind>
         <file>rtsv7M4_T_le_v4SPD16_eabi.lib</file>
         <name>autoinit.c.obj</name>
      </input_file>
      <input_file id="fl-d1">
         <path>C:\ti\ccs1040\ccs\tools\compiler\ti-cgt-arm_20.2.5.LTS\lib\</path>
         <kind>archive</kind>
         <file>rtsv7M4_T_le_v4SPD16_eabi.lib</file>
         <name>pre_init.c.obj</name>
      </input_file>
      <input_file id="fl-d2">
         <path>C:\ti\ccs1040\ccs\tools\compiler\ti-cgt-arm_20.2.5.LTS\lib\</path>
         <kind>archive</kind>
         <file>rtsv7M4_T_le_v4SPD16_eabi.lib</file>
         <name>cpy_tbl.c.obj</name>
      </input_file>
      <input_file id="fl-d3">
         <path>C:\ti\ccs1040\ccs\tools\compiler\ti-cgt-arm_20.2.5.LTS\lib\</path>
         <kind>archive</kind>
         <file>rtsv7M4_T_le_v4SPD16_eabi.lib</file>
         <name>exit.c.obj</name>
      </input_file>
      <input_file id="fl-d4">
         <path>C:\ti\ccs1040\ccs\tools\compiler\ti-cgt-arm_20.2.5.LTS\lib\</path>
         <kind>archive</kind>
         <file>rtsv7M4_T_le_v4SPD16_eabi.lib</file>
         <name>_lock.c.obj</name>
      </input_file>
      <input_file id="fl-d5">
         <path>C:\ti\ccs1040\ccs\tools\compiler\ti-cgt-arm_20.2.5.LTS\lib\</path>
         <kind>archive</kind>
         <file>rtsv7M4_T_le_v4SPD16_eabi.lib</file>
         <name>args_main.c.obj</name>
      </input_file>
   </input_file_list>
   <object_component_list>
      <object_component id="oc-12">
         <name>.intvecs</name>
         <load_address>0x0</load_address>
         <run_address>0x0</run_address>
         <size>0x26c</size>
         <input_file_ref idref="fl-a"/>
      </object_component>
      <object_component id="oc-7f">
         <name>.text</name>
         <load_address>0x26c</load_address>
         <run_address>0x26c</run_address>
         <size>0x2434</size>
         <input_file_ref idref="fl-8"/>
      </object_component>
      <object_component id="oc-1e1">
         <name>.text</name>
         <load_address>0x26a0</load_address>
         <run_address>0x26a0</run_address>
         <size>0xf6c</size>
         <input_file_ref idref="fl-7"/>
      </object_component>
      <object_component id="oc-f6">
         <name>.text</name>
         <load_address>0x360c</load_address>
         <run_address>0x360c</run_address>
         <size>0x728</size>
         <input_file_ref idref="fl-9"/>
      </object_component>
      <object_component id="oc-de">
         <name>.text</name>
         <load_address>0x3d34</load_address>
         <run_address>0x3d34</run_address>
         <size>0x1d8</size>
         <input_file_ref idref="fl-2"/>
      </object_component>
      <object_component id="oc-32">
         <name>.text</name>
         <load_address>0x3f0c</load_address>
         <run_address>0x3f0c</run_address>
         <size>0x1c8</size>
         <input_file_ref idref="fl-5"/>
      </object_component>
      <object_component id="oc-c2">
         <name>.text</name>
         <load_address>0x40d4</load_address>
         <run_address>0x40d4</run_address>
         <size>0x174</size>
         <input_file_ref idref="fl-4"/>
      </object_component>
      <object_component id="oc-234">
         <name>.text:GPIOPadConfigSet</name>
         <load_address>0x4248</load_address>
         <run_address>0x4248</run_address>
         <size>0x16c</size>
         <input_file_ref idref="fl-10"/>
      </object_component>
      <object_component id="oc-e4">
         <name>.text</name>
         <load_address>0x43b4</load_address>
         <run_address>0x43b4</run_address>
         <size>0x132</size>
         <input_file_ref idref="fl-3"/>
      </object_component>
      <object_component id="oc-149">
         <name>.text:SysCtlClockGet</name>
         <load_address>0x44e8</load_address>
         <run_address>0x44e8</run_address>
         <size>0x118</size>
         <input_file_ref idref="fl-12"/>
      </object_component>
      <object_component id="oc-161">
         <name>.text:SysCtlClockSet</name>
         <load_address>0x4600</load_address>
         <run_address>0x4600</run_address>
         <size>0xf4</size>
         <input_file_ref idref="fl-12"/>
      </object_component>
      <object_component id="oc-2d">
         <name>.text</name>
         <load_address>0x46f4</load_address>
         <run_address>0x46f4</run_address>
         <size>0xda</size>
         <input_file_ref idref="fl-6"/>
      </object_component>
      <object_component id="oc-46">
         <name>.text</name>
         <load_address>0x47ce</load_address>
         <run_address>0x47ce</run_address>
         <size>0x9c</size>
         <input_file_ref idref="fl-ca"/>
      </object_component>
      <object_component id="oc-b6">
         <name>.text</name>
         <load_address>0x486a</load_address>
         <run_address>0x486a</run_address>
         <size>0x7a</size>
         <input_file_ref idref="fl-cb"/>
      </object_component>
      <object_component id="oc-15">
         <name>.text:decompress:lzss:__TI_decompress_lzss</name>
         <load_address>0x48e4</load_address>
         <run_address>0x48e4</run_address>
         <size>0x68</size>
         <input_file_ref idref="fl-ce"/>
      </object_component>
      <object_component id="oc-155">
         <name>.text:GPIOPinConfigure</name>
         <load_address>0x494c</load_address>
         <run_address>0x494c</run_address>
         <size>0x4c</size>
         <input_file_ref idref="fl-10"/>
      </object_component>
      <object_component id="oc-14f">
         <name>.text:UARTConfigSetExpClk</name>
         <load_address>0x4998</load_address>
         <run_address>0x4998</run_address>
         <size>0x46</size>
         <input_file_ref idref="fl-13"/>
      </object_component>
      <object_component id="oc-17d">
         <name>.text:__TI_auto_init_nobinit_nopinit:__TI_auto_init_nobinit_nopinit</name>
         <load_address>0x49e0</load_address>
         <run_address>0x49e0</run_address>
         <size>0x44</size>
         <input_file_ref idref="fl-d0"/>
      </object_component>
      <object_component id="oc-143">
         <name>.text:SysCtlPeripheralReady</name>
         <load_address>0x4a24</load_address>
         <run_address>0x4a24</run_address>
         <size>0x38</size>
         <input_file_ref idref="fl-12"/>
      </object_component>
      <object_component id="oc-13d">
         <name>.text:SysCtlPeripheralEnable</name>
         <load_address>0x4a5c</load_address>
         <run_address>0x4a5c</run_address>
         <size>0x34</size>
         <input_file_ref idref="fl-12"/>
      </object_component>
      <object_component id="oc-64">
         <name>.text:_c_int00_noargs:_c_int00_noargs</name>
         <load_address>0x4a90</load_address>
         <run_address>0x4a90</run_address>
         <size>0x34</size>
         <input_file_ref idref="fl-cf"/>
      </object_component>
      <object_component id="oc-22e">
         <name>.text:GPIODirModeSet</name>
         <load_address>0x4ac4</load_address>
         <run_address>0x4ac4</run_address>
         <size>0x2c</size>
         <input_file_ref idref="fl-10"/>
      </object_component>
      <object_component id="oc-21c">
         <name>.text:UARTDisable</name>
         <load_address>0x4af0</load_address>
         <run_address>0x4af0</run_address>
         <size>0x20</size>
         <input_file_ref idref="fl-13"/>
      </object_component>
      <object_component id="oc-15b">
         <name>.text:GPIOPinTypeUART</name>
         <load_address>0x4b10</load_address>
         <run_address>0x4b10</run_address>
         <size>0x16</size>
         <input_file_ref idref="fl-10"/>
      </object_component>
      <object_component id="oc-222">
         <name>.text:UARTEnable</name>
         <load_address>0x4b26</load_address>
         <run_address>0x4b26</run_address>
         <size>0x14</size>
         <input_file_ref idref="fl-13"/>
      </object_component>
      <object_component id="oc-1b">
         <name>.text:decompress:none:__TI_decompress_none</name>
         <load_address>0x4b3a</load_address>
         <run_address>0x4b3a</run_address>
         <size>0xe</size>
         <input_file_ref idref="fl-cd"/>
      </object_component>
      <object_component id="oc-58">
         <name>.text:decompress:ZI:__TI_zero_init</name>
         <load_address>0x4b48</load_address>
         <run_address>0x4b48</run_address>
         <size>0xc</size>
         <input_file_ref idref="fl-cc"/>
      </object_component>
      <object_component id="oc-27">
         <name>.text</name>
         <load_address>0x4b54</load_address>
         <run_address>0x4b54</run_address>
         <size>0xc</size>
         <input_file_ref idref="fl-a"/>
      </object_component>
      <object_component id="oc-137">
         <name>.text:UARTCharPut</name>
         <load_address>0x4b60</load_address>
         <run_address>0x4b60</run_address>
         <size>0xa</size>
         <input_file_ref idref="fl-13"/>
      </object_component>
      <object_component id="oc-23b">
         <name>.text:SysCtlDelay</name>
         <load_address>0x4b6a</load_address>
         <run_address>0x4b6a</run_address>
         <size>0x6</size>
         <input_file_ref idref="fl-12"/>
      </object_component>
      <object_component id="oc-bc">
         <name>.text:_system_pre_init</name>
         <load_address>0x4b70</load_address>
         <run_address>0x4b70</run_address>
         <size>0x4</size>
         <input_file_ref idref="fl-d1"/>
      </object_component>
      <object_component id="oc-171">
         <name>.text:abort:abort</name>
         <load_address>0x4b74</load_address>
         <run_address>0x4b74</run_address>
         <size>0x4</size>
         <input_file_ref idref="fl-d3"/>
      </object_component>
      <object_component id="oc-229">
         <name>.const:g_pui32GPIOBaseAddrs</name>
         <load_address>0x4b78</load_address>
         <run_address>0x4b78</run_address>
         <size>0x90</size>
         <input_file_ref idref="fl-10"/>
      </object_component>
      <object_component id="oc-218">
         <name>.const:g_pui32Xtals</name>
         <load_address>0x4c08</load_address>
         <run_address>0x4c08</run_address>
         <size>0x6c</size>
         <input_file_ref idref="fl-12"/>
      </object_component>
      <object_component id="oc-7c">
         <name>.const</name>
         <load_address>0x4c74</load_address>
         <run_address>0x4c74</run_address>
         <size>0x8</size>
         <input_file_ref idref="fl-5"/>
      </object_component>
      <object_component id="oc-ff">
         <name>.const</name>
         <load_address>0x4c7c</load_address>
         <run_address>0x4c7c</run_address>
         <size>0x4</size>
         <input_file_ref idref="fl-8"/>
      </object_component>
      <object_component id="oc-306">
         <name>.cinit..data.load</name>
         <load_address>0x4c80</load_address>
         <run_address>0x4c80</run_address>
         <size>0x1e</size>
      </object_component>
      <object_component id="oc-304">
         <name>__TI_handler_table</name>
         <load_address>0x4ca0</load_address>
         <run_address>0x4ca0</run_address>
         <size>0xc</size>
      </object_component>
      <object_component id="oc-307">
         <name>.cinit..bss.load</name>
         <load_address>0x4cb0</load_address>
         <run_address>0x4cb0</run_address>
         <size>0x8</size>
      </object_component>
      <object_component id="oc-305">
         <name>__TI_cinit_table</name>
         <load_address>0x4cb8</load_address>
         <run_address>0x4cb8</run_address>
         <size>0x10</size>
      </object_component>
      <object_component id="oc-1ca">
         <name>.data</name>
         <load_address>0x200051cc</load_address>
         <run_address>0x200051cc</run_address>
         <size>0x8</size>
         <input_file_ref idref="fl-2"/>
      </object_component>
      <object_component id="oc-167">
         <name>.data</name>
         <load_address>0x200051d4</load_address>
         <run_address>0x200051d4</run_address>
         <size>0x8</size>
         <input_file_ref idref="fl-4"/>
      </object_component>
      <object_component id="oc-86">
         <name>.data</name>
         <load_address>0x200051b4</load_address>
         <run_address>0x200051b4</run_address>
         <size>0xc</size>
         <input_file_ref idref="fl-5"/>
      </object_component>
      <object_component id="oc-79">
         <name>.data</name>
         <load_address>0x20005180</load_address>
         <run_address>0x20005180</run_address>
         <size>0x34</size>
         <input_file_ref idref="fl-8"/>
      </object_component>
      <object_component id="oc-1e7">
         <name>.data</name>
         <load_address>0x200051c0</load_address>
         <run_address>0x200051c0</run_address>
         <size>0xa</size>
         <input_file_ref idref="fl-9"/>
      </object_component>
      <object_component id="oc-1d3">
         <name>.bss:ucHeap</name>
         <uninitialized>true</uninitialized>
         <run_address>0x20000000</run_address>
         <size>0x4e20</size>
         <input_file_ref idref="fl-2"/>
      </object_component>
      <object_component id="oc-1cd">
         <name>.bss:xStart</name>
         <uninitialized>true</uninitialized>
         <run_address>0x20004f78</run_address>
         <size>0x8</size>
         <input_file_ref idref="fl-2"/>
      </object_component>
      <object_component id="oc-1d0">
         <name>.bss:xEnd</name>
         <uninitialized>true</uninitialized>
         <run_address>0x20004f70</run_address>
         <size>0x8</size>
         <input_file_ref idref="fl-2"/>
      </object_component>
      <object_component id="oc-ea">
         <name>.bss:pxReadyTasksLists</name>
         <uninitialized>true</uninitialized>
         <run_address>0x20004e20</run_address>
         <size>0x64</size>
         <input_file_ref idref="fl-8"/>
      </object_component>
      <object_component id="oc-102">
         <name>.bss:xDelayedTaskList1</name>
         <uninitialized>true</uninitialized>
         <run_address>0x20004efc</run_address>
         <size>0x14</size>
         <input_file_ref idref="fl-8"/>
      </object_component>
      <object_component id="oc-105">
         <name>.bss:xDelayedTaskList2</name>
         <uninitialized>true</uninitialized>
         <run_address>0x20004f10</run_address>
         <size>0x14</size>
         <input_file_ref idref="fl-8"/>
      </object_component>
      <object_component id="oc-f0">
         <name>.bss</name>
         <uninitialized>true</uninitialized>
         <run_address>0x20004f60</run_address>
         <size>0x8</size>
         <input_file_ref idref="fl-8"/>
      </object_component>
      <object_component id="oc-fc">
         <name>.bss:xPendingReadyList</name>
         <uninitialized>true</uninitialized>
         <run_address>0x20004f24</run_address>
         <size>0x14</size>
         <input_file_ref idref="fl-8"/>
      </object_component>
      <object_component id="oc-ed">
         <name>.bss:xTasksWaitingTermination</name>
         <uninitialized>true</uninitialized>
         <run_address>0x20004f4c</run_address>
         <size>0x14</size>
         <input_file_ref idref="fl-8"/>
      </object_component>
      <object_component id="oc-f3">
         <name>.bss:xSuspendedTaskList</name>
         <uninitialized>true</uninitialized>
         <run_address>0x20004f38</run_address>
         <size>0x14</size>
         <input_file_ref idref="fl-8"/>
      </object_component>
      <object_component id="oc-1ed">
         <name>.bss:xActiveTimerList1</name>
         <uninitialized>true</uninitialized>
         <run_address>0x20004ed4</run_address>
         <size>0x14</size>
         <input_file_ref idref="fl-9"/>
      </object_component>
      <object_component id="oc-1f0">
         <name>.bss:xActiveTimerList2</name>
         <uninitialized>true</uninitialized>
         <run_address>0x20004ee8</run_address>
         <size>0x14</size>
         <input_file_ref idref="fl-9"/>
      </object_component>
      <object_component id="oc-1ea">
         <name>.bss</name>
         <uninitialized>true</uninitialized>
         <run_address>0x20004f68</run_address>
         <size>0x8</size>
         <input_file_ref idref="fl-9"/>
      </object_component>
      <object_component id="oc-272">
         <name>.common:xQueueRegistry</name>
         <uninitialized>true</uninitialized>
         <run_address>0x20004e84</run_address>
         <size>0x50</size>
      </object_component>
      <object_component id="oc-24">
         <name>.stack</name>
         <uninitialized>true</uninitialized>
         <run_address>0x20004f80</run_address>
         <size>0x4</size>
         <input_file_ref idref="fl-cf"/>
      </object_component>
      <object_component id="oc-309">
         <name>.stack</name>
         <uninitialized>true</uninitialized>
         <run_address>0x20004f80</run_address>
         <size>0x0</size>
      </object_component>
      <object_component id="oc-121">
         <name>.debug_info</name>
         <load_address>0x0</load_address>
         <run_address>0x0</run_address>
         <size>0x40a</size>
         <input_file_ref idref="fl-2"/>
      </object_component>
      <object_component id="oc-1d4">
         <name>.debug_info</name>
         <load_address>0x40a</load_address>
         <run_address>0x40a</run_address>
         <size>0xce</size>
         <input_file_ref idref="fl-2"/>
      </object_component>
      <object_component id="oc-1ce">
         <name>.debug_info</name>
         <load_address>0x4d8</load_address>
         <run_address>0x4d8</run_address>
         <size>0xce</size>
         <input_file_ref idref="fl-2"/>
      </object_component>
      <object_component id="oc-1d1">
         <name>.debug_info</name>
         <load_address>0x5a6</load_address>
         <run_address>0x5a6</run_address>
         <size>0xca</size>
         <input_file_ref idref="fl-2"/>
      </object_component>
      <object_component id="oc-1cb">
         <name>.debug_info</name>
         <load_address>0x670</load_address>
         <run_address>0x670</run_address>
         <size>0xe8</size>
         <input_file_ref idref="fl-2"/>
      </object_component>
      <object_component id="oc-e2">
         <name>.debug_info</name>
         <load_address>0x758</load_address>
         <run_address>0x758</run_address>
         <size>0x549</size>
         <input_file_ref idref="fl-2"/>
      </object_component>
      <object_component id="oc-112">
         <name>.debug_info</name>
         <load_address>0xca1</load_address>
         <run_address>0xca1</run_address>
         <size>0x315</size>
         <input_file_ref idref="fl-2"/>
      </object_component>
      <object_component id="oc-1b6">
         <name>.debug_info</name>
         <load_address>0xfb6</load_address>
         <run_address>0xfb6</run_address>
         <size>0x110</size>
         <input_file_ref idref="fl-2"/>
      </object_component>
      <object_component id="oc-9c">
         <name>.debug_info</name>
         <load_address>0x10c6</load_address>
         <run_address>0x10c6</run_address>
         <size>0x26b</size>
         <input_file_ref idref="fl-2"/>
      </object_component>
      <object_component id="oc-1c5">
         <name>.debug_info</name>
         <load_address>0x1331</load_address>
         <run_address>0x1331</run_address>
         <size>0x48b</size>
         <input_file_ref idref="fl-2"/>
      </object_component>
      <object_component id="oc-209">
         <name>.debug_info</name>
         <load_address>0x17bc</load_address>
         <run_address>0x17bc</run_address>
         <size>0x62</size>
         <input_file_ref idref="fl-2"/>
      </object_component>
      <object_component id="oc-41">
         <name>.debug_info</name>
         <load_address>0x181e</load_address>
         <run_address>0x181e</run_address>
         <size>0x84</size>
         <input_file_ref idref="fl-2"/>
      </object_component>
      <object_component id="oc-8b">
         <name>.debug_info</name>
         <load_address>0x18a2</load_address>
         <run_address>0x18a2</run_address>
         <size>0x2c</size>
         <input_file_ref idref="fl-2"/>
      </object_component>
      <object_component id="oc-122">
         <name>.debug_info</name>
         <load_address>0x18ce</load_address>
         <run_address>0x18ce</run_address>
         <size>0x2a4</size>
         <input_file_ref idref="fl-2"/>
      </object_component>
      <object_component id="oc-95">
         <name>.debug_info</name>
         <load_address>0x1b72</load_address>
         <run_address>0x1b72</run_address>
         <size>0xbb</size>
         <input_file_ref idref="fl-2"/>
      </object_component>
      <object_component id="oc-90">
         <name>.debug_info</name>
         <load_address>0x1c2d</load_address>
         <run_address>0x1c2d</run_address>
         <size>0x53</size>
         <input_file_ref idref="fl-2"/>
      </object_component>
      <object_component id="oc-117">
         <name>.debug_info</name>
         <load_address>0x1c80</load_address>
         <run_address>0x1c80</run_address>
         <size>0x14c</size>
         <input_file_ref idref="fl-2"/>
      </object_component>
      <object_component id="oc-1d8">
         <name>.debug_info</name>
         <load_address>0x1dcc</load_address>
         <run_address>0x1dcc</run_address>
         <size>0x376</size>
         <input_file_ref idref="fl-3"/>
      </object_component>
      <object_component id="oc-e6">
         <name>.debug_info</name>
         <load_address>0x2142</load_address>
         <run_address>0x2142</run_address>
         <size>0x446</size>
         <input_file_ref idref="fl-3"/>
      </object_component>
      <object_component id="oc-16b">
         <name>.debug_info</name>
         <load_address>0x2588</load_address>
         <run_address>0x2588</run_address>
         <size>0x65b</size>
         <input_file_ref idref="fl-4"/>
      </object_component>
      <object_component id="oc-168">
         <name>.debug_info</name>
         <load_address>0x2be3</load_address>
         <run_address>0x2be3</run_address>
         <size>0x102</size>
         <input_file_ref idref="fl-4"/>
      </object_component>
      <object_component id="oc-c3">
         <name>.debug_info</name>
         <load_address>0x2ce5</load_address>
         <run_address>0x2ce5</run_address>
         <size>0x503</size>
         <input_file_ref idref="fl-4"/>
      </object_component>
      <object_component id="oc-11c">
         <name>.debug_info</name>
         <load_address>0x31e8</load_address>
         <run_address>0x31e8</run_address>
         <size>0x48b</size>
         <input_file_ref idref="fl-4"/>
      </object_component>
      <object_component id="oc-241">
         <name>.debug_info</name>
         <load_address>0x3673</load_address>
         <run_address>0x3673</run_address>
         <size>0x4f</size>
         <input_file_ref idref="fl-4"/>
      </object_component>
      <object_component id="oc-16c">
         <name>.debug_info</name>
         <load_address>0x36c2</load_address>
         <run_address>0x36c2</run_address>
         <size>0x8b</size>
         <input_file_ref idref="fl-4"/>
      </object_component>
      <object_component id="oc-1b1">
         <name>.debug_info</name>
         <load_address>0x374d</load_address>
         <run_address>0x374d</run_address>
         <size>0x4f</size>
         <input_file_ref idref="fl-4"/>
      </object_component>
      <object_component id="oc-10d">
         <name>.debug_info</name>
         <load_address>0x379c</load_address>
         <run_address>0x379c</run_address>
         <size>0x53</size>
         <input_file_ref idref="fl-4"/>
      </object_component>
      <object_component id="oc-8a">
         <name>.debug_info</name>
         <load_address>0x37ef</load_address>
         <run_address>0x37ef</run_address>
         <size>0x447</size>
         <input_file_ref idref="fl-5"/>
      </object_component>
      <object_component id="oc-7d">
         <name>.debug_info</name>
         <load_address>0x3c36</load_address>
         <run_address>0x3c36</run_address>
         <size>0x143</size>
         <input_file_ref idref="fl-5"/>
      </object_component>
      <object_component id="oc-87">
         <name>.debug_info</name>
         <load_address>0x3d79</load_address>
         <run_address>0x3d79</run_address>
         <size>0x14e</size>
         <input_file_ref idref="fl-5"/>
      </object_component>
      <object_component id="oc-34">
         <name>.debug_info</name>
         <load_address>0x3ec7</load_address>
         <run_address>0x3ec7</run_address>
         <size>0x62e</size>
         <input_file_ref idref="fl-5"/>
      </object_component>
      <object_component id="oc-30">
         <name>.debug_info</name>
         <load_address>0x44f5</load_address>
         <run_address>0x44f5</run_address>
         <size>0x230</size>
         <input_file_ref idref="fl-6"/>
      </object_component>
      <object_component id="oc-266">
         <name>.debug_info</name>
         <load_address>0x4725</load_address>
         <run_address>0x4725</run_address>
         <size>0x8ea</size>
         <input_file_ref idref="fl-7"/>
      </object_component>
      <object_component id="oc-1e5">
         <name>.debug_info</name>
         <load_address>0x500f</load_address>
         <run_address>0x500f</run_address>
         <size>0x3b4e</size>
         <input_file_ref idref="fl-7"/>
      </object_component>
      <object_component id="oc-2c7">
         <name>.debug_info</name>
         <load_address>0x8b5d</load_address>
         <run_address>0x8b5d</run_address>
         <size>0x253</size>
         <input_file_ref idref="fl-7"/>
      </object_component>
      <object_component id="oc-274">
         <name>.debug_info</name>
         <load_address>0x8db0</load_address>
         <run_address>0x8db0</run_address>
         <size>0x46</size>
         <input_file_ref idref="fl-7"/>
      </object_component>
      <object_component id="oc-1bb">
         <name>.debug_info</name>
         <load_address>0x8df6</load_address>
         <run_address>0x8df6</run_address>
         <size>0x35</size>
         <input_file_ref idref="fl-7"/>
      </object_component>
      <object_component id="oc-d6">
         <name>.debug_info</name>
         <load_address>0x8e2b</load_address>
         <run_address>0x8e2b</run_address>
         <size>0x7ee</size>
         <input_file_ref idref="fl-8"/>
      </object_component>
      <object_component id="oc-7a">
         <name>.debug_info</name>
         <load_address>0x9619</load_address>
         <run_address>0x9619</run_address>
         <size>0x33b</size>
         <input_file_ref idref="fl-8"/>
      </object_component>
      <object_component id="oc-eb">
         <name>.debug_info</name>
         <load_address>0x9954</load_address>
         <run_address>0x9954</run_address>
         <size>0xe4</size>
         <input_file_ref idref="fl-8"/>
      </object_component>
      <object_component id="oc-103">
         <name>.debug_info</name>
         <load_address>0x9a38</load_address>
         <run_address>0x9a38</run_address>
         <size>0xe4</size>
         <input_file_ref idref="fl-8"/>
      </object_component>
      <object_component id="oc-106">
         <name>.debug_info</name>
         <load_address>0x9b1c</load_address>
         <run_address>0x9b1c</run_address>
         <size>0xe4</size>
         <input_file_ref idref="fl-8"/>
      </object_component>
      <object_component id="oc-f1">
         <name>.debug_info</name>
         <load_address>0x9c00</load_address>
         <run_address>0x9c00</run_address>
         <size>0x127</size>
         <input_file_ref idref="fl-8"/>
      </object_component>
      <object_component id="oc-fd">
         <name>.debug_info</name>
         <load_address>0x9d27</load_address>
         <run_address>0x9d27</run_address>
         <size>0xe4</size>
         <input_file_ref idref="fl-8"/>
      </object_component>
      <object_component id="oc-ee">
         <name>.debug_info</name>
         <load_address>0x9e0b</load_address>
         <run_address>0x9e0b</run_address>
         <size>0xf2</size>
         <input_file_ref idref="fl-8"/>
      </object_component>
      <object_component id="oc-f4">
         <name>.debug_info</name>
         <load_address>0x9efd</load_address>
         <run_address>0x9efd</run_address>
         <size>0xe6</size>
         <input_file_ref idref="fl-8"/>
      </object_component>
      <object_component id="oc-100">
         <name>.debug_info</name>
         <load_address>0x9fe3</load_address>
         <run_address>0x9fe3</run_address>
         <size>0xe5</size>
         <input_file_ref idref="fl-8"/>
      </object_component>
      <object_component id="oc-81">
         <name>.debug_info</name>
         <load_address>0xa0c8</load_address>
         <run_address>0xa0c8</run_address>
         <size>0x55bf</size>
         <input_file_ref idref="fl-8"/>
      </object_component>
      <object_component id="oc-d7">
         <name>.debug_info</name>
         <load_address>0xf687</load_address>
         <run_address>0xf687</run_address>
         <size>0x30c</size>
         <input_file_ref idref="fl-8"/>
      </object_component>
      <object_component id="oc-1c0">
         <name>.debug_info</name>
         <load_address>0xf993</load_address>
         <run_address>0xf993</run_address>
         <size>0x15a</size>
         <input_file_ref idref="fl-8"/>
      </object_component>
      <object_component id="oc-1f9">
         <name>.debug_info</name>
         <load_address>0xfaed</load_address>
         <run_address>0xfaed</run_address>
         <size>0x865</size>
         <input_file_ref idref="fl-9"/>
      </object_component>
      <object_component id="oc-1ee">
         <name>.debug_info</name>
         <load_address>0x10352</load_address>
         <run_address>0x10352</run_address>
         <size>0xe4</size>
         <input_file_ref idref="fl-9"/>
      </object_component>
      <object_component id="oc-1f1">
         <name>.debug_info</name>
         <load_address>0x10436</load_address>
         <run_address>0x10436</run_address>
         <size>0xe4</size>
         <input_file_ref idref="fl-9"/>
      </object_component>
      <object_component id="oc-1eb">
         <name>.debug_info</name>
         <load_address>0x1051a</load_address>
         <run_address>0x1051a</run_address>
         <size>0x11c</size>
         <input_file_ref idref="fl-9"/>
      </object_component>
      <object_component id="oc-1e8">
         <name>.debug_info</name>
         <load_address>0x10636</load_address>
         <run_address>0x10636</run_address>
         <size>0x108</size>
         <input_file_ref idref="fl-9"/>
      </object_component>
      <object_component id="oc-f9">
         <name>.debug_info</name>
         <load_address>0x1073e</load_address>
         <run_address>0x1073e</run_address>
         <size>0x2145</size>
         <input_file_ref idref="fl-9"/>
      </object_component>
      <object_component id="oc-1fa">
         <name>.debug_info</name>
         <load_address>0x12883</load_address>
         <run_address>0x12883</run_address>
         <size>0x1e2</size>
         <input_file_ref idref="fl-9"/>
      </object_component>
      <object_component id="oc-1f4">
         <name>.debug_info</name>
         <load_address>0x12a65</load_address>
         <run_address>0x12a65</run_address>
         <size>0x46</size>
         <input_file_ref idref="fl-9"/>
      </object_component>
      <object_component id="oc-3a">
         <name>.debug_info</name>
         <load_address>0x12aab</load_address>
         <run_address>0x12aab</run_address>
         <size>0x32e</size>
         <input_file_ref idref="fl-a"/>
      </object_component>
      <object_component id="oc-13">
         <name>.debug_info</name>
         <load_address>0x12dd9</load_address>
         <run_address>0x12dd9</run_address>
         <size>0xed</size>
         <input_file_ref idref="fl-a"/>
      </object_component>
      <object_component id="oc-2b">
         <name>.debug_info</name>
         <load_address>0x12ec6</load_address>
         <run_address>0x12ec6</run_address>
         <size>0x269</size>
         <input_file_ref idref="fl-a"/>
      </object_component>
      <object_component id="oc-22d">
         <name>.debug_info</name>
         <load_address>0x1312f</load_address>
         <run_address>0x1312f</run_address>
         <size>0x3e4</size>
         <input_file_ref idref="fl-10"/>
      </object_component>
      <object_component id="oc-22a">
         <name>.debug_info</name>
         <load_address>0x13513</load_address>
         <run_address>0x13513</run_address>
         <size>0x164</size>
         <input_file_ref idref="fl-10"/>
      </object_component>
      <object_component id="oc-232">
         <name>.debug_info</name>
         <load_address>0x13677</load_address>
         <run_address>0x13677</run_address>
         <size>0x2bc</size>
         <input_file_ref idref="fl-10"/>
      </object_component>
      <object_component id="oc-238">
         <name>.debug_info</name>
         <load_address>0x13933</load_address>
         <run_address>0x13933</run_address>
         <size>0x31f</size>
         <input_file_ref idref="fl-10"/>
      </object_component>
      <object_component id="oc-15f">
         <name>.debug_info</name>
         <load_address>0x13c52</load_address>
         <run_address>0x13c52</run_address>
         <size>0x29b</size>
         <input_file_ref idref="fl-10"/>
      </object_component>
      <object_component id="oc-158">
         <name>.debug_info</name>
         <load_address>0x13eed</load_address>
         <run_address>0x13eed</run_address>
         <size>0x289</size>
         <input_file_ref idref="fl-10"/>
      </object_component>
      <object_component id="oc-28a">
         <name>.debug_info</name>
         <load_address>0x14176</load_address>
         <run_address>0x14176</run_address>
         <size>0x26b</size>
         <input_file_ref idref="fl-10"/>
      </object_component>
      <object_component id="oc-283">
         <name>.debug_info</name>
         <load_address>0x143e1</load_address>
         <run_address>0x143e1</run_address>
         <size>0x297</size>
         <input_file_ref idref="fl-10"/>
      </object_component>
      <object_component id="oc-295">
         <name>.debug_info</name>
         <load_address>0x14678</load_address>
         <run_address>0x14678</run_address>
         <size>0xef</size>
         <input_file_ref idref="fl-10"/>
      </object_component>
      <object_component id="oc-20f">
         <name>.debug_info</name>
         <load_address>0x14767</load_address>
         <run_address>0x14767</run_address>
         <size>0xbb</size>
         <input_file_ref idref="fl-10"/>
      </object_component>
      <object_component id="oc-216">
         <name>.debug_info</name>
         <load_address>0x14822</load_address>
         <run_address>0x14822</run_address>
         <size>0x441</size>
         <input_file_ref idref="fl-12"/>
      </object_component>
      <object_component id="oc-219">
         <name>.debug_info</name>
         <load_address>0x14c63</load_address>
         <run_address>0x14c63</run_address>
         <size>0x156</size>
         <input_file_ref idref="fl-12"/>
      </object_component>
      <object_component id="oc-146">
         <name>.debug_info</name>
         <load_address>0x14db9</load_address>
         <run_address>0x14db9</run_address>
         <size>0x288</size>
         <input_file_ref idref="fl-12"/>
      </object_component>
      <object_component id="oc-140">
         <name>.debug_info</name>
         <load_address>0x15041</load_address>
         <run_address>0x15041</run_address>
         <size>0x286</size>
         <input_file_ref idref="fl-12"/>
      </object_component>
      <object_component id="oc-163">
         <name>.debug_info</name>
         <load_address>0x152c7</load_address>
         <run_address>0x152c7</run_address>
         <size>0x2e4</size>
         <input_file_ref idref="fl-12"/>
      </object_component>
      <object_component id="oc-14b">
         <name>.debug_info</name>
         <load_address>0x155ab</load_address>
         <run_address>0x155ab</run_address>
         <size>0x2be</size>
         <input_file_ref idref="fl-12"/>
      </object_component>
      <object_component id="oc-291">
         <name>.debug_info</name>
         <load_address>0x15869</load_address>
         <run_address>0x15869</run_address>
         <size>0x51</size>
         <input_file_ref idref="fl-12"/>
      </object_component>
      <object_component id="oc-214">
         <name>.debug_info</name>
         <load_address>0x158ba</load_address>
         <run_address>0x158ba</run_address>
         <size>0x3cb</size>
         <input_file_ref idref="fl-13"/>
      </object_component>
      <object_component id="oc-223">
         <name>.debug_info</name>
         <load_address>0x15c85</load_address>
         <run_address>0x15c85</run_address>
         <size>0x250</size>
         <input_file_ref idref="fl-13"/>
      </object_component>
      <object_component id="oc-21d">
         <name>.debug_info</name>
         <load_address>0x15ed5</load_address>
         <run_address>0x15ed5</run_address>
         <size>0x252</size>
         <input_file_ref idref="fl-13"/>
      </object_component>
      <object_component id="oc-150">
         <name>.debug_info</name>
         <load_address>0x16127</load_address>
         <run_address>0x16127</run_address>
         <size>0x32f</size>
         <input_file_ref idref="fl-13"/>
      </object_component>
      <object_component id="oc-138">
         <name>.debug_info</name>
         <load_address>0x16456</load_address>
         <run_address>0x16456</run_address>
         <size>0x27c</size>
         <input_file_ref idref="fl-13"/>
      </object_component>
      <object_component id="oc-47">
         <name>.debug_info</name>
         <load_address>0x166d2</load_address>
         <run_address>0x166d2</run_address>
         <size>0x119</size>
         <input_file_ref idref="fl-ca"/>
      </object_component>
      <object_component id="oc-b7">
         <name>.debug_info</name>
         <load_address>0x167eb</load_address>
         <run_address>0x167eb</run_address>
         <size>0x147</size>
         <input_file_ref idref="fl-cb"/>
      </object_component>
      <object_component id="oc-b5">
         <name>.debug_info</name>
         <load_address>0x16932</load_address>
         <run_address>0x16932</run_address>
         <size>0x2d4</size>
         <input_file_ref idref="fl-cc"/>
      </object_component>
      <object_component id="oc-5a">
         <name>.debug_info</name>
         <load_address>0x16c06</load_address>
         <run_address>0x16c06</run_address>
         <size>0x1b5</size>
         <input_file_ref idref="fl-cc"/>
      </object_component>
      <object_component id="oc-b0">
         <name>.debug_info</name>
         <load_address>0x16dbb</load_address>
         <run_address>0x16dbb</run_address>
         <size>0x46</size>
         <input_file_ref idref="fl-cc"/>
      </object_component>
      <object_component id="oc-12e">
         <name>.debug_info</name>
         <load_address>0x16e01</load_address>
         <run_address>0x16e01</run_address>
         <size>0x2c</size>
         <input_file_ref idref="fl-cc"/>
      </object_component>
      <object_component id="oc-51">
         <name>.debug_info</name>
         <load_address>0x16e2d</load_address>
         <run_address>0x16e2d</run_address>
         <size>0x2a8</size>
         <input_file_ref idref="fl-cd"/>
      </object_component>
      <object_component id="oc-1f">
         <name>.debug_info</name>
         <load_address>0x170d5</load_address>
         <run_address>0x170d5</run_address>
         <size>0x1ea</size>
         <input_file_ref idref="fl-cd"/>
      </object_component>
      <object_component id="oc-4c">
         <name>.debug_info</name>
         <load_address>0x172bf</load_address>
         <run_address>0x172bf</run_address>
         <size>0x46</size>
         <input_file_ref idref="fl-cd"/>
      </object_component>
      <object_component id="oc-a8">
         <name>.debug_info</name>
         <load_address>0x17305</load_address>
         <run_address>0x17305</run_address>
         <size>0x2c</size>
         <input_file_ref idref="fl-cd"/>
      </object_component>
      <object_component id="oc-a6">
         <name>.debug_info</name>
         <load_address>0x17331</load_address>
         <run_address>0x17331</run_address>
         <size>0x29e</size>
         <input_file_ref idref="fl-ce"/>
      </object_component>
      <object_component id="oc-19">
         <name>.debug_info</name>
         <load_address>0x175cf</load_address>
         <run_address>0x175cf</run_address>
         <size>0x250</size>
         <input_file_ref idref="fl-ce"/>
      </object_component>
      <object_component id="oc-3c">
         <name>.debug_info</name>
         <load_address>0x1781f</load_address>
         <run_address>0x1781f</run_address>
         <size>0x60</size>
         <input_file_ref idref="fl-ce"/>
      </object_component>
      <object_component id="oc-127">
         <name>.debug_info</name>
         <load_address>0x1787f</load_address>
         <run_address>0x1787f</run_address>
         <size>0x46</size>
         <input_file_ref idref="fl-ce"/>
      </object_component>
      <object_component id="oc-a1">
         <name>.debug_info</name>
         <load_address>0x178c5</load_address>
         <run_address>0x178c5</run_address>
         <size>0x39</size>
         <input_file_ref idref="fl-ce"/>
      </object_component>
      <object_component id="oc-25">
         <name>.debug_info</name>
         <load_address>0x178fe</load_address>
         <run_address>0x178fe</run_address>
         <size>0x10b</size>
         <input_file_ref idref="fl-cf"/>
      </object_component>
      <object_component id="oc-65">
         <name>.debug_info</name>
         <load_address>0x17a09</load_address>
         <run_address>0x17a09</run_address>
         <size>0x1a9</size>
         <input_file_ref idref="fl-cf"/>
      </object_component>
      <object_component id="oc-251">
         <name>.debug_info</name>
         <load_address>0x17bb2</load_address>
         <run_address>0x17bb2</run_address>
         <size>0x4b3</size>
         <input_file_ref idref="fl-d0"/>
      </object_component>
      <object_component id="oc-17e">
         <name>.debug_info</name>
         <load_address>0x18065</load_address>
         <run_address>0x18065</run_address>
         <size>0x1a6</size>
         <input_file_ref idref="fl-d0"/>
      </object_component>
      <object_component id="oc-2b4">
         <name>.debug_info</name>
         <load_address>0x1820b</load_address>
         <run_address>0x1820b</run_address>
         <size>0x39</size>
         <input_file_ref idref="fl-d0"/>
      </object_component>
      <object_component id="oc-2cf">
         <name>.debug_info</name>
         <load_address>0x18244</load_address>
         <run_address>0x18244</run_address>
         <size>0x39</size>
         <input_file_ref idref="fl-d0"/>
      </object_component>
      <object_component id="oc-2b9">
         <name>.debug_info</name>
         <load_address>0x1827d</load_address>
         <run_address>0x1827d</run_address>
         <size>0x39</size>
         <input_file_ref idref="fl-d0"/>
      </object_component>
      <object_component id="oc-2be">
         <name>.debug_info</name>
         <load_address>0x182b6</load_address>
         <run_address>0x182b6</run_address>
         <size>0xcd</size>
         <input_file_ref idref="fl-d0"/>
      </object_component>
      <object_component id="oc-bd">
         <name>.debug_info</name>
         <load_address>0x18383</load_address>
         <run_address>0x18383</run_address>
         <size>0x153</size>
         <input_file_ref idref="fl-d1"/>
      </object_component>
      <object_component id="oc-173">
         <name>.debug_info</name>
         <load_address>0x184d6</load_address>
         <run_address>0x184d6</run_address>
         <size>0x122</size>
         <input_file_ref idref="fl-d3"/>
      </object_component>
      <object_component id="oc-30a">
         <name>.debug_info</name>
         <load_address>0x185f8</load_address>
         <run_address>0x185f8</run_address>
         <size>0xa0</size>
      </object_component>
      <object_component id="oc-208">
         <name>.debug_line</name>
         <load_address>0x0</load_address>
         <run_address>0x0</run_address>
         <size>0x2d</size>
         <input_file_ref idref="fl-2"/>
      </object_component>
      <object_component id="oc-26f">
         <name>.debug_line</name>
         <load_address>0x2d</load_address>
         <run_address>0x2d</run_address>
         <size>0x2f</size>
         <input_file_ref idref="fl-2"/>
      </object_component>
      <object_component id="oc-26b">
         <name>.debug_line</name>
         <load_address>0x5c</load_address>
         <run_address>0x5c</run_address>
         <size>0x2f</size>
         <input_file_ref idref="fl-2"/>
      </object_component>
      <object_component id="oc-26d">
         <name>.debug_line</name>
         <load_address>0x8b</load_address>
         <run_address>0x8b</run_address>
         <size>0x2f</size>
         <input_file_ref idref="fl-2"/>
      </object_component>
      <object_component id="oc-269">
         <name>.debug_line</name>
         <load_address>0xba</load_address>
         <run_address>0xba</run_address>
         <size>0x2f</size>
         <input_file_ref idref="fl-2"/>
      </object_component>
      <object_component id="oc-e1">
         <name>.debug_line</name>
         <load_address>0xe9</load_address>
         <run_address>0xe9</run_address>
         <size>0x106</size>
         <input_file_ref idref="fl-2"/>
      </object_component>
      <object_component id="oc-115">
         <name>.debug_line</name>
         <load_address>0x1ef</load_address>
         <run_address>0x1ef</run_address>
         <size>0x2d</size>
         <input_file_ref idref="fl-2"/>
      </object_component>
      <object_component id="oc-1b9">
         <name>.debug_line</name>
         <load_address>0x21c</load_address>
         <run_address>0x21c</run_address>
         <size>0x6b</size>
         <input_file_ref idref="fl-2"/>
      </object_component>
      <object_component id="oc-9f">
         <name>.debug_line</name>
         <load_address>0x287</load_address>
         <run_address>0x287</run_address>
         <size>0x6f</size>
         <input_file_ref idref="fl-2"/>
      </object_component>
      <object_component id="oc-1c8">
         <name>.debug_line</name>
         <load_address>0x2f6</load_address>
         <run_address>0x2f6</run_address>
         <size>0x31</size>
         <input_file_ref idref="fl-2"/>
      </object_component>
      <object_component id="oc-20c">
         <name>.debug_line</name>
         <load_address>0x327</load_address>
         <run_address>0x327</run_address>
         <size>0x2f</size>
         <input_file_ref idref="fl-2"/>
      </object_component>
      <object_component id="oc-44">
         <name>.debug_line</name>
         <load_address>0x356</load_address>
         <run_address>0x356</run_address>
         <size>0x20</size>
         <input_file_ref idref="fl-2"/>
      </object_component>
      <object_component id="oc-8e">
         <name>.debug_line</name>
         <load_address>0x376</load_address>
         <run_address>0x376</run_address>
         <size>0x31</size>
         <input_file_ref idref="fl-2"/>
      </object_component>
      <object_component id="oc-125">
         <name>.debug_line</name>
         <load_address>0x3a7</load_address>
         <run_address>0x3a7</run_address>
         <size>0x73</size>
         <input_file_ref idref="fl-2"/>
      </object_component>
      <object_component id="oc-98">
         <name>.debug_line</name>
         <load_address>0x41a</load_address>
         <run_address>0x41a</run_address>
         <size>0x70</size>
         <input_file_ref idref="fl-2"/>
      </object_component>
      <object_component id="oc-93">
         <name>.debug_line</name>
         <load_address>0x48a</load_address>
         <run_address>0x48a</run_address>
         <size>0x32</size>
         <input_file_ref idref="fl-2"/>
      </object_component>
      <object_component id="oc-11a">
         <name>.debug_line</name>
         <load_address>0x4bc</load_address>
         <run_address>0x4bc</run_address>
         <size>0x2d</size>
         <input_file_ref idref="fl-2"/>
      </object_component>
      <object_component id="oc-271">
         <name>.debug_line</name>
         <load_address>0x4e9</load_address>
         <run_address>0x4e9</run_address>
         <size>0x20</size>
         <input_file_ref idref="fl-3"/>
      </object_component>
      <object_component id="oc-e9">
         <name>.debug_line</name>
         <load_address>0x509</load_address>
         <run_address>0x509</run_address>
         <size>0xe0</size>
         <input_file_ref idref="fl-3"/>
      </object_component>
      <object_component id="oc-240">
         <name>.debug_line</name>
         <load_address>0x5e9</load_address>
         <run_address>0x5e9</run_address>
         <size>0xd1</size>
         <input_file_ref idref="fl-4"/>
      </object_component>
      <object_component id="oc-23e">
         <name>.debug_line</name>
         <load_address>0x6ba</load_address>
         <run_address>0x6ba</run_address>
         <size>0x2d</size>
         <input_file_ref idref="fl-4"/>
      </object_component>
      <object_component id="oc-c6">
         <name>.debug_line</name>
         <load_address>0x6e7</load_address>
         <run_address>0x6e7</run_address>
         <size>0xd5</size>
         <input_file_ref idref="fl-4"/>
      </object_component>
      <object_component id="oc-11f">
         <name>.debug_line</name>
         <load_address>0x7bc</load_address>
         <run_address>0x7bc</run_address>
         <size>0x31</size>
         <input_file_ref idref="fl-4"/>
      </object_component>
      <object_component id="oc-244">
         <name>.debug_line</name>
         <load_address>0x7ed</load_address>
         <run_address>0x7ed</run_address>
         <size>0x2e</size>
         <input_file_ref idref="fl-4"/>
      </object_component>
      <object_component id="oc-16f">
         <name>.debug_line</name>
         <load_address>0x81b</load_address>
         <run_address>0x81b</run_address>
         <size>0x20</size>
         <input_file_ref idref="fl-4"/>
      </object_component>
      <object_component id="oc-1b4">
         <name>.debug_line</name>
         <load_address>0x83b</load_address>
         <run_address>0x83b</run_address>
         <size>0x2f</size>
         <input_file_ref idref="fl-4"/>
      </object_component>
      <object_component id="oc-110">
         <name>.debug_line</name>
         <load_address>0x86a</load_address>
         <run_address>0x86a</run_address>
         <size>0x6b</size>
         <input_file_ref idref="fl-4"/>
      </object_component>
      <object_component id="oc-10c">
         <name>.debug_line</name>
         <load_address>0x8d5</load_address>
         <run_address>0x8d5</run_address>
         <size>0x3a</size>
         <input_file_ref idref="fl-5"/>
      </object_component>
      <object_component id="oc-dd">
         <name>.debug_line</name>
         <load_address>0x90f</load_address>
         <run_address>0x90f</run_address>
         <size>0x2d</size>
         <input_file_ref idref="fl-5"/>
      </object_component>
      <object_component id="oc-10a">
         <name>.debug_line</name>
         <load_address>0x93c</load_address>
         <run_address>0x93c</run_address>
         <size>0x2d</size>
         <input_file_ref idref="fl-5"/>
      </object_component>
      <object_component id="oc-33">
         <name>.debug_line</name>
         <load_address>0x969</load_address>
         <run_address>0x969</run_address>
         <size>0x160</size>
         <input_file_ref idref="fl-5"/>
      </object_component>
      <object_component id="oc-2e">
         <name>.debug_line</name>
         <load_address>0xac9</load_address>
         <run_address>0xac9</run_address>
         <size>0xc2</size>
         <input_file_ref idref="fl-6"/>
      </object_component>
      <object_component id="oc-2c6">
         <name>.debug_line</name>
         <load_address>0xb8b</load_address>
         <run_address>0xb8b</run_address>
         <size>0x6b</size>
         <input_file_ref idref="fl-7"/>
      </object_component>
      <object_component id="oc-1e2">
         <name>.debug_line</name>
         <load_address>0xbf6</load_address>
         <run_address>0xbf6</run_address>
         <size>0x9c2</size>
         <input_file_ref idref="fl-7"/>
      </object_component>
      <object_component id="oc-2ca">
         <name>.debug_line</name>
         <load_address>0x15b8</load_address>
         <run_address>0x15b8</run_address>
         <size>0x2e</size>
         <input_file_ref idref="fl-7"/>
      </object_component>
      <object_component id="oc-277">
         <name>.debug_line</name>
         <load_address>0x15e6</load_address>
         <run_address>0x15e6</run_address>
         <size>0x2e</size>
         <input_file_ref idref="fl-7"/>
      </object_component>
      <object_component id="oc-1be">
         <name>.debug_line</name>
         <load_address>0x1614</load_address>
         <run_address>0x1614</run_address>
         <size>0x74</size>
         <input_file_ref idref="fl-7"/>
      </object_component>
      <object_component id="oc-1b0">
         <name>.debug_line</name>
         <load_address>0x1688</load_address>
         <run_address>0x1688</run_address>
         <size>0xaa</size>
         <input_file_ref idref="fl-8"/>
      </object_component>
      <object_component id="oc-d5">
         <name>.debug_line</name>
         <load_address>0x1732</load_address>
         <run_address>0x1732</run_address>
         <size>0x2e</size>
         <input_file_ref idref="fl-8"/>
      </object_component>
      <object_component id="oc-1da">
         <name>.debug_line</name>
         <load_address>0x1760</load_address>
         <run_address>0x1760</run_address>
         <size>0x2e</size>
         <input_file_ref idref="fl-8"/>
      </object_component>
      <object_component id="oc-204">
         <name>.debug_line</name>
         <load_address>0x178e</load_address>
         <run_address>0x178e</run_address>
         <size>0x2e</size>
         <input_file_ref idref="fl-8"/>
      </object_component>
      <object_component id="oc-206">
         <name>.debug_line</name>
         <load_address>0x17bc</load_address>
         <run_address>0x17bc</run_address>
         <size>0x2e</size>
         <input_file_ref idref="fl-8"/>
      </object_component>
      <object_component id="oc-1de">
         <name>.debug_line</name>
         <load_address>0x17ea</load_address>
         <run_address>0x17ea</run_address>
         <size>0x2e</size>
         <input_file_ref idref="fl-8"/>
      </object_component>
      <object_component id="oc-200">
         <name>.debug_line</name>
         <load_address>0x1818</load_address>
         <run_address>0x1818</run_address>
         <size>0x2e</size>
         <input_file_ref idref="fl-8"/>
      </object_component>
      <object_component id="oc-1dc">
         <name>.debug_line</name>
         <load_address>0x1846</load_address>
         <run_address>0x1846</run_address>
         <size>0x2e</size>
         <input_file_ref idref="fl-8"/>
      </object_component>
      <object_component id="oc-1e0">
         <name>.debug_line</name>
         <load_address>0x1874</load_address>
         <run_address>0x1874</run_address>
         <size>0x2e</size>
         <input_file_ref idref="fl-8"/>
      </object_component>
      <object_component id="oc-202">
         <name>.debug_line</name>
         <load_address>0x18a2</load_address>
         <run_address>0x18a2</run_address>
         <size>0x2e</size>
         <input_file_ref idref="fl-8"/>
      </object_component>
      <object_component id="oc-80">
         <name>.debug_line</name>
         <load_address>0x18d0</load_address>
         <run_address>0x18d0</run_address>
         <size>0xe39</size>
         <input_file_ref idref="fl-8"/>
      </object_component>
      <object_component id="oc-da">
         <name>.debug_line</name>
         <load_address>0x2709</load_address>
         <run_address>0x2709</run_address>
         <size>0x2d</size>
         <input_file_ref idref="fl-8"/>
      </object_component>
      <object_component id="oc-1c3">
         <name>.debug_line</name>
         <load_address>0x2736</load_address>
         <run_address>0x2736</run_address>
         <size>0x2e</size>
         <input_file_ref idref="fl-8"/>
      </object_component>
      <object_component id="oc-282">
         <name>.debug_line</name>
         <load_address>0x2764</load_address>
         <run_address>0x2764</run_address>
         <size>0x6b</size>
         <input_file_ref idref="fl-9"/>
      </object_component>
      <object_component id="oc-27e">
         <name>.debug_line</name>
         <load_address>0x27cf</load_address>
         <run_address>0x27cf</run_address>
         <size>0x2f</size>
         <input_file_ref idref="fl-9"/>
      </object_component>
      <object_component id="oc-280">
         <name>.debug_line</name>
         <load_address>0x27fe</load_address>
         <run_address>0x27fe</run_address>
         <size>0x2f</size>
         <input_file_ref idref="fl-9"/>
      </object_component>
      <object_component id="oc-27c">
         <name>.debug_line</name>
         <load_address>0x282d</load_address>
         <run_address>0x282d</run_address>
         <size>0x2f</size>
         <input_file_ref idref="fl-9"/>
      </object_component>
      <object_component id="oc-27a">
         <name>.debug_line</name>
         <load_address>0x285c</load_address>
         <run_address>0x285c</run_address>
         <size>0x2f</size>
         <input_file_ref idref="fl-9"/>
      </object_component>
      <object_component id="oc-f7">
         <name>.debug_line</name>
         <load_address>0x288b</load_address>
         <run_address>0x288b</run_address>
         <size>0x4c8</size>
         <input_file_ref idref="fl-9"/>
      </object_component>
      <object_component id="oc-1fd">
         <name>.debug_line</name>
         <load_address>0x2d53</load_address>
         <run_address>0x2d53</run_address>
         <size>0x2f</size>
         <input_file_ref idref="fl-9"/>
      </object_component>
      <object_component id="oc-1f7">
         <name>.debug_line</name>
         <load_address>0x2d82</load_address>
         <run_address>0x2d82</run_address>
         <size>0x2f</size>
         <input_file_ref idref="fl-9"/>
      </object_component>
      <object_component id="oc-9b">
         <name>.debug_line</name>
         <load_address>0x2db1</load_address>
         <run_address>0x2db1</run_address>
         <size>0x41</size>
         <input_file_ref idref="fl-a"/>
      </object_component>
      <object_component id="oc-39">
         <name>.debug_line</name>
         <load_address>0x2df2</load_address>
         <run_address>0x2df2</run_address>
         <size>0x41</size>
         <input_file_ref idref="fl-a"/>
      </object_component>
      <object_component id="oc-29">
         <name>.debug_line</name>
         <load_address>0x2e33</load_address>
         <run_address>0x2e33</run_address>
         <size>0xa1</size>
         <input_file_ref idref="fl-a"/>
      </object_component>
      <object_component id="oc-2a1">
         <name>.debug_line</name>
         <load_address>0x2ed4</load_address>
         <run_address>0x2ed4</run_address>
         <size>0x82</size>
         <input_file_ref idref="fl-10"/>
      </object_component>
      <object_component id="oc-29f">
         <name>.debug_line</name>
         <load_address>0x2f56</load_address>
         <run_address>0x2f56</run_address>
         <size>0x7d</size>
         <input_file_ref idref="fl-10"/>
      </object_component>
      <object_component id="oc-231">
         <name>.debug_line</name>
         <load_address>0x2fd3</load_address>
         <run_address>0x2fd3</run_address>
         <size>0x95</size>
         <input_file_ref idref="fl-10"/>
      </object_component>
      <object_component id="oc-237">
         <name>.debug_line</name>
         <load_address>0x3068</load_address>
         <run_address>0x3068</run_address>
         <size>0xc4</size>
         <input_file_ref idref="fl-10"/>
      </object_component>
      <object_component id="oc-15e">
         <name>.debug_line</name>
         <load_address>0x312c</load_address>
         <run_address>0x312c</run_address>
         <size>0x99</size>
         <input_file_ref idref="fl-10"/>
      </object_component>
      <object_component id="oc-15a">
         <name>.debug_line</name>
         <load_address>0x31c5</load_address>
         <run_address>0x31c5</run_address>
         <size>0xa7</size>
         <input_file_ref idref="fl-10"/>
      </object_component>
      <object_component id="oc-28d">
         <name>.debug_line</name>
         <load_address>0x326c</load_address>
         <run_address>0x326c</run_address>
         <size>0x71</size>
         <input_file_ref idref="fl-10"/>
      </object_component>
      <object_component id="oc-286">
         <name>.debug_line</name>
         <load_address>0x32dd</load_address>
         <run_address>0x32dd</run_address>
         <size>0x75</size>
         <input_file_ref idref="fl-10"/>
      </object_component>
      <object_component id="oc-298">
         <name>.debug_line</name>
         <load_address>0x3352</load_address>
         <run_address>0x3352</run_address>
         <size>0x71</size>
         <input_file_ref idref="fl-10"/>
      </object_component>
      <object_component id="oc-212">
         <name>.debug_line</name>
         <load_address>0x33c3</load_address>
         <run_address>0x33c3</run_address>
         <size>0x72</size>
         <input_file_ref idref="fl-10"/>
      </object_component>
      <object_component id="oc-290">
         <name>.debug_line</name>
         <load_address>0x3435</load_address>
         <run_address>0x3435</run_address>
         <size>0x13d</size>
         <input_file_ref idref="fl-12"/>
      </object_component>
      <object_component id="oc-29b">
         <name>.debug_line</name>
         <load_address>0x3572</load_address>
         <run_address>0x3572</run_address>
         <size>0x7f</size>
         <input_file_ref idref="fl-12"/>
      </object_component>
      <object_component id="oc-145">
         <name>.debug_line</name>
         <load_address>0x35f1</load_address>
         <run_address>0x35f1</run_address>
         <size>0x94</size>
         <input_file_ref idref="fl-12"/>
      </object_component>
      <object_component id="oc-13f">
         <name>.debug_line</name>
         <load_address>0x3685</load_address>
         <run_address>0x3685</run_address>
         <size>0x94</size>
         <input_file_ref idref="fl-12"/>
      </object_component>
      <object_component id="oc-162">
         <name>.debug_line</name>
         <load_address>0x3719</load_address>
         <run_address>0x3719</run_address>
         <size>0xee</size>
         <input_file_ref idref="fl-12"/>
      </object_component>
      <object_component id="oc-14a">
         <name>.debug_line</name>
         <load_address>0x3807</load_address>
         <run_address>0x3807</run_address>
         <size>0x118</size>
         <input_file_ref idref="fl-12"/>
      </object_component>
      <object_component id="oc-293">
         <name>.debug_line</name>
         <load_address>0x391f</load_address>
         <run_address>0x391f</run_address>
         <size>0x7f</size>
         <input_file_ref idref="fl-12"/>
      </object_component>
      <object_component id="oc-289">
         <name>.debug_line</name>
         <load_address>0x399e</load_address>
         <run_address>0x399e</run_address>
         <size>0x82</size>
         <input_file_ref idref="fl-13"/>
      </object_component>
      <object_component id="oc-226">
         <name>.debug_line</name>
         <load_address>0x3a20</load_address>
         <run_address>0x3a20</run_address>
         <size>0x93</size>
         <input_file_ref idref="fl-13"/>
      </object_component>
      <object_component id="oc-220">
         <name>.debug_line</name>
         <load_address>0x3ab3</load_address>
         <run_address>0x3ab3</run_address>
         <size>0x96</size>
         <input_file_ref idref="fl-13"/>
      </object_component>
      <object_component id="oc-153">
         <name>.debug_line</name>
         <load_address>0x3b49</load_address>
         <run_address>0x3b49</run_address>
         <size>0xb3</size>
         <input_file_ref idref="fl-13"/>
      </object_component>
      <object_component id="oc-13b">
         <name>.debug_line</name>
         <load_address>0x3bfc</load_address>
         <run_address>0x3bfc</run_address>
         <size>0x93</size>
         <input_file_ref idref="fl-13"/>
      </object_component>
      <object_component id="oc-4a">
         <name>.debug_line</name>
         <load_address>0x3c8f</load_address>
         <run_address>0x3c8f</run_address>
         <size>0x88</size>
         <input_file_ref idref="fl-ca"/>
      </object_component>
      <object_component id="oc-ba">
         <name>.debug_line</name>
         <load_address>0x3d17</load_address>
         <run_address>0x3d17</run_address>
         <size>0x79</size>
         <input_file_ref idref="fl-cb"/>
      </object_component>
      <object_component id="oc-134">
         <name>.debug_line</name>
         <load_address>0x3d90</load_address>
         <run_address>0x3d90</run_address>
         <size>0x92</size>
         <input_file_ref idref="fl-cc"/>
      </object_component>
      <object_component id="oc-5c">
         <name>.debug_line</name>
         <load_address>0x3e22</load_address>
         <run_address>0x3e22</run_address>
         <size>0x53</size>
         <input_file_ref idref="fl-cc"/>
      </object_component>
      <object_component id="oc-b3">
         <name>.debug_line</name>
         <load_address>0x3e75</load_address>
         <run_address>0x3e75</run_address>
         <size>0x34</size>
         <input_file_ref idref="fl-cc"/>
      </object_component>
      <object_component id="oc-131">
         <name>.debug_line</name>
         <load_address>0x3ea9</load_address>
         <run_address>0x3ea9</run_address>
         <size>0x92</size>
         <input_file_ref idref="fl-cc"/>
      </object_component>
      <object_component id="oc-ae">
         <name>.debug_line</name>
         <load_address>0x3f3b</load_address>
         <run_address>0x3f3b</run_address>
         <size>0x20</size>
         <input_file_ref idref="fl-cd"/>
      </object_component>
      <object_component id="oc-1d">
         <name>.debug_line</name>
         <load_address>0x3f5b</load_address>
         <run_address>0x3f5b</run_address>
         <size>0x55</size>
         <input_file_ref idref="fl-cd"/>
      </object_component>
      <object_component id="oc-4f">
         <name>.debug_line</name>
         <load_address>0x3fb0</load_address>
         <run_address>0x3fb0</run_address>
         <size>0x3a</size>
         <input_file_ref idref="fl-cd"/>
      </object_component>
      <object_component id="oc-ab">
         <name>.debug_line</name>
         <load_address>0x3fea</load_address>
         <run_address>0x3fea</run_address>
         <size>0x92</size>
         <input_file_ref idref="fl-cd"/>
      </object_component>
      <object_component id="oc-12d">
         <name>.debug_line</name>
         <load_address>0x407c</load_address>
         <run_address>0x407c</run_address>
         <size>0x20</size>
         <input_file_ref idref="fl-ce"/>
      </object_component>
      <object_component id="oc-17">
         <name>.debug_line</name>
         <load_address>0x409c</load_address>
         <run_address>0x409c</run_address>
         <size>0xa9</size>
         <input_file_ref idref="fl-ce"/>
      </object_component>
      <object_component id="oc-3f">
         <name>.debug_line</name>
         <load_address>0x4145</load_address>
         <run_address>0x4145</run_address>
         <size>0x3a</size>
         <input_file_ref idref="fl-ce"/>
      </object_component>
      <object_component id="oc-12a">
         <name>.debug_line</name>
         <load_address>0x417f</load_address>
         <run_address>0x417f</run_address>
         <size>0x9a</size>
         <input_file_ref idref="fl-ce"/>
      </object_component>
      <object_component id="oc-a4">
         <name>.debug_line</name>
         <load_address>0x4219</load_address>
         <run_address>0x4219</run_address>
         <size>0x96</size>
         <input_file_ref idref="fl-ce"/>
      </object_component>
      <object_component id="oc-77">
         <name>.debug_line</name>
         <load_address>0x42af</load_address>
         <run_address>0x42af</run_address>
         <size>0x33</size>
         <input_file_ref idref="fl-cf"/>
      </object_component>
      <object_component id="oc-69">
         <name>.debug_line</name>
         <load_address>0x42e2</load_address>
         <run_address>0x42e2</run_address>
         <size>0x45</size>
         <input_file_ref idref="fl-cf"/>
      </object_component>
      <object_component id="oc-2b3">
         <name>.debug_line</name>
         <load_address>0x4327</load_address>
         <run_address>0x4327</run_address>
         <size>0xbf</size>
         <input_file_ref idref="fl-d0"/>
      </object_component>
      <object_component id="oc-182">
         <name>.debug_line</name>
         <load_address>0x43e6</load_address>
         <run_address>0x43e6</run_address>
         <size>0x6f</size>
         <input_file_ref idref="fl-d0"/>
      </object_component>
      <object_component id="oc-2b7">
         <name>.debug_line</name>
         <load_address>0x4455</load_address>
         <run_address>0x4455</run_address>
         <size>0x2e</size>
         <input_file_ref idref="fl-d0"/>
      </object_component>
      <object_component id="oc-2d2">
         <name>.debug_line</name>
         <load_address>0x4483</load_address>
         <run_address>0x4483</run_address>
         <size>0x9a</size>
         <input_file_ref idref="fl-d0"/>
      </object_component>
      <object_component id="oc-2bc">
         <name>.debug_line</name>
         <load_address>0x451d</load_address>
         <run_address>0x451d</run_address>
         <size>0x97</size>
         <input_file_ref idref="fl-d0"/>
      </object_component>
      <object_component id="oc-2c1">
         <name>.debug_line</name>
         <load_address>0x45b4</load_address>
         <run_address>0x45b4</run_address>
         <size>0x93</size>
         <input_file_ref idref="fl-d0"/>
      </object_component>
      <object_component id="oc-c1">
         <name>.debug_line</name>
         <load_address>0x4647</load_address>
         <run_address>0x4647</run_address>
         <size>0x40</size>
         <input_file_ref idref="fl-d1"/>
      </object_component>
      <object_component id="oc-176">
         <name>.debug_line</name>
         <load_address>0x4687</load_address>
         <run_address>0x4687</run_address>
         <size>0x3c</size>
         <input_file_ref idref="fl-d3"/>
      </object_component>
      <object_component id="oc-e0">
         <name>.debug_frame</name>
         <load_address>0x0</load_address>
         <run_address>0x0</run_address>
         <size>0xbc</size>
         <input_file_ref idref="fl-2"/>
      </object_component>
      <object_component id="oc-e5">
         <name>.debug_frame</name>
         <load_address>0xbc</load_address>
         <run_address>0xbc</run_address>
         <size>0xb8</size>
         <input_file_ref idref="fl-3"/>
      </object_component>
      <object_component id="oc-c7">
         <name>.debug_frame</name>
         <load_address>0x174</load_address>
         <run_address>0x174</run_address>
         <size>0xc8</size>
         <input_file_ref idref="fl-4"/>
      </object_component>
      <object_component id="oc-37">
         <name>.debug_frame</name>
         <load_address>0x23c</load_address>
         <run_address>0x23c</run_address>
         <size>0x110</size>
         <input_file_ref idref="fl-5"/>
      </object_component>
      <object_component id="oc-1e4">
         <name>.debug_frame</name>
         <load_address>0x34c</load_address>
         <run_address>0x34c</run_address>
         <size>0x49c</size>
[...]
      </symbol>
      <symbol id="sm-265">
         <name>uxQueueGetQueueNumber</name>
         <value>0x30ed</value>
         <object_component_ref idref="oc-1e1"/>
      </symbol>
      <symbol id="sm-266">
         <name>xQueueTakeMutexRecursive</name>
         <value>0x28bb</value>
         <object_component_ref idref="oc-1e1"/>
      </symbol>
      <symbol id="sm-267">
         <name>vQueueWaitForMessageRestricted</name>
         <value>0x3479</value>
         <object_component_ref idref="oc-1e1"/>
      </symbol>
      <symbol id="sm-268">
         <name>vQueueDelete</name>
         <value>0x30d7</value>
         <object_component_ref idref="oc-1e1"/>
      </symbol>
      <symbol id="sm-269">
         <name>xQueuePeek</name>
         <value>0x2e6f</value>
         <object_component_ref idref="oc-1e1"/>
      </symbol>
      <symbol id="sm-26a">
         <name>xQueueAddToSet</name>
         <value>0x34ed</value>
         <object_component_ref idref="oc-1e1"/>
      </symbol>
      <symbol id="sm-26b">
         <name>xQueueReceive</name>
         <value>0x2beb</value>
         <object_component_ref idref="oc-1e1"/>
      </symbol>
      <symbol id="sm-26c">
         <name>xQueueCreateSet</name>
         <value>0x34d9</value>
         <object_component_ref idref="oc-1e1"/>
      </symbol>
      <symbol id="sm-26d">
         <name>pcQueueGetName</name>
         <value>0x33f5</value>
         <object_component_ref idref="oc-1e1"/>
      </symbol>
      <symbol id="sm-26e">
         <name>xQueueRemoveFromSet</name>
         <value>0x3521</value>
         <object_component_ref idref="oc-1e1"/>
      </symbol>
      <symbol id="sm-26f">
         <name>ucQueueGetQueueType</name>
         <value>0x310d</value>
         <object_component_ref idref="oc-1e1"/>
      </symbol>
      <symbol id="sm-4c3">
         <name>vTaskDelay</name>
         <value>0x601</value>
         <object_component_ref idref="oc-7f"/>
      </symbol>
      <symbol id="sm-4c4">
         <name>vTaskSuspendAll</name>
         <value>0xc0d</value>
         <object_component_ref idref="oc-7f"/>
      </symbol>
      <symbol id="sm-4c5">
         <name>vTaskPlaceOnEventList</name>
         <value>0x13e1</value>
         <object_component_ref idref="oc-7f"/>
      </symbol>
      <symbol id="sm-4c6">
         <name>vTaskSetTaskNumber</name>
         <value>0x186d</value>
         <object_component_ref idref="oc-7f"/>
      </symbol>
      <symbol id="sm-4c7">
         <name>uxTaskPriorityGetFromISR</name>
         <value>0x741</value>
         <object_component_ref idref="oc-7f"/>
      </symbol>
      <symbol id="sm-4c8">
         <name>pcTaskGetName</name>
         <value>0xe25</value>
         <object_component_ref idref="oc-7f"/>
      </symbol>
      <symbol id="sm-4c9">
         <name>xTaskCheckForTimeOut</name>
         <value>0x1791</value>
         <object_component_ref idref="oc-7f"/>
      </symbol>
      <symbol id="sm-4ca">
         <name>vTaskGenericNotifyGiveFromISR</name>
         <value>0x23a1</value>
         <object_component_ref idref="oc-7f"/>
      </symbol>
      <symbol id="sm-4cb">
         <name>vTaskRemoveFromUnorderedEventList</name>
         <value>0x1641</value>
         <object_component_ref idref="oc-7f"/>
      </symbol>
      <symbol id="sm-4cc">
         <name>vTaskPrioritySet</name>
         <value>0x78d</value>
         <object_component_ref idref="oc-7f"/>
      </symbol>
      <symbol id="sm-4cd">
         <name>xTaskPriorityDisinherit</name>
         <value>0x1cb1</value>
         <object_component_ref idref="oc-7f"/>
      </symbol>
      <symbol id="sm-4ce">
         <name>xTaskAbortDelay</name>
         <value>0x10b1</value>
         <object_component_ref idref="oc-7f"/>
      </symbol>
      <symbol id="sm-4cf">
         <name>vTaskStartScheduler</name>
         <value>0xb97</value>
         <object_component_ref idref="oc-7f"/>
      </symbol>
      <symbol id="sm-4d0">
         <name>vTaskInternalSetTimeOutState</name>
         <value>0x1771</value>
         <object_component_ref idref="oc-7f"/>
      </symbol>
      <symbol id="sm-4d1">
         <name>pvTaskIncrementMutexHeldCount</name>
         <value>0x1e9f</value>
         <object_component_ref idref="oc-7f"/>
      </symbol>
      <symbol id="sm-4d2">
         <name>uxTaskGetStackHighWaterMark</name>
         <value>0x1ae3</value>
         <object_component_ref idref="oc-7f"/>
      </symbol>
      <symbol id="sm-4d3">
         <name>xTaskGenericNotifyStateClear</name>
         <value>0x2509</value>
         <object_component_ref idref="oc-7f"/>
      </symbol>
      <symbol id="sm-4d4">
         <name>xTaskGenericNotify</name>
         <value>0x2035</value>
         <object_component_ref idref="oc-7f"/>
      </symbol>
      <symbol id="sm-4d5">
         <name>vTaskPriorityDisinheritAfterTimeout</name>
         <value>0x1d85</value>
         <object_component_ref idref="oc-7f"/>
      </symbol>
      <symbol id="sm-4d6">
         <name>xTaskCreate</name>
         <value>0x26d</value>
         <object_component_ref idref="oc-7f"/>
      </symbol>
      <symbol id="sm-4d7">
         <name>xTaskDelayUntil</name>
         <value>0x553</value>
         <object_component_ref idref="oc-7f"/>
      </symbol>
      <symbol id="sm-4d8">
         <name>uxTaskGetTaskNumber</name>
         <value>0x1849</value>
         <object_component_ref idref="oc-7f"/>
      </symbol>
      <symbol id="sm-4d9">
         <name>vTaskEndScheduler</name>
         <value>0xbf1</value>
         <object_component_ref idref="oc-7f"/>
      </symbol>
      <symbol id="sm-4da">
         <name>vTaskMissedYield</name>
         <value>0x183d</value>
         <object_component_ref idref="oc-7f"/>
      </symbol>
      <symbol id="sm-4db">
         <name>uxTaskGetNumberOfTasks</name>
         <value>0xe1b</value>
         <object_component_ref idref="oc-7f"/>
      </symbol>
      <symbol id="sm-4dc">
         <name>xTaskCatchUpTicks</name>
         <value>0x1091</value>
         <object_component_ref idref="oc-7f"/>
      </symbol>
      <symbol id="sm-4dd">
         <name>xTaskGenericNotifyFromISR</name>
         <value>0x21bd</value>
         <object_component_ref idref="oc-7f"/>
      </symbol>
      <symbol id="sm-4de">
         <name>vTaskGetInfo</name>
         <value>0x1959</value>
         <object_component_ref idref="oc-7f"/>
      </symbol>
      <symbol id="sm-4df">
         <name>uxTaskPriorityGet</name>
         <value>0x719</value>
         <object_component_ref idref="oc-7f"/>
      </symbol>
      <symbol id="sm-4e0">
         <name>xTaskResumeAll</name>
         <value>0xc29</value>
         <object_component_ref idref="oc-7f"/>
      </symbol>
      <symbol id="sm-4e1">
         <name>xTaskGetHandle</name>
         <value>0xf35</value>
         <object_component_ref idref="oc-7f"/>
      </symbol>
      <symbol id="sm-4e2">
         <name>xTaskGetTickCount</name>
         <value>0xdcd</value>
         <object_component_ref idref="oc-7f"/>
      </symbol>
      <symbol id="sm-4e3">
         <name>ulTaskGenericNotifyTake</name>
         <value>0x1ec5</value>
         <object_component_ref idref="oc-7f"/>
      </symbol>
      <symbol id="sm-4e4">
         <name>uxTaskGetSystemState</name>
         <value>0xfb9</value>
         <object_component_ref idref="oc-7f"/>
      </symbol>
      <symbol id="sm-4e5">
         <name>vTaskDelete</name>
         <value>0x4c7</value>
         <object_component_ref idref="oc-7f"/>
      </symbol>
      <symbol id="sm-4e6">
         <name>ulTaskGenericNotifyValueClear</name>
         <value>0x2553</value>
         <object_component_ref idref="oc-7f"/>
      </symbol>
      <symbol id="sm-4e7">
         <name>xTaskGenericNotifyWait</name>
         <value>0x1f6b</value>
         <object_component_ref idref="oc-7f"/>
      </symbol>
      <symbol id="sm-4e8">
         <name>pxCurrentTCB</name>
         <value>0x20005180</value>
         <object_component_ref idref="oc-79"/>
      </symbol>
      <symbol id="sm-4e9">
         <name>eTaskGetState</name>
         <value>0x655</value>
         <object_component_ref idref="oc-7f"/>
      </symbol>
      <symbol id="sm-4ea">
         <name>vTaskSuspend</name>
         <value>0x8dd</value>
         <object_component_ref idref="oc-7f"/>
      </symbol>
      <symbol id="sm-4eb">
         <name>xTaskGetIdleTaskHandle</name>
         <value>0x108b</value>
         <object_component_ref idref="oc-7f"/>
      </symbol>
      <symbol id="sm-4ec">
         <name>xTaskGetTickCountFromISR</name>
         <value>0xded</value>
         <object_component_ref idref="oc-7f"/>
      </symbol>
      <symbol id="sm-4ed">
         <name>vTaskResume</name>
         <value>0x9ef</value>
         <object_component_ref idref="oc-7f"/>
      </symbol>
      <symbol id="sm-4ee">
         <name>uxTopUsedPriority</name>
         <value>0x4c7c</value>
         <object_component_ref idref="oc-ff"/>
      </symbol>
      <symbol id="sm-4ef">
         <name>vTaskPlaceOnEventListRestricted</name>
         <value>0x147d</value>
         <object_component_ref idref="oc-7f"/>
      </symbol>
      <symbol id="sm-4f0">
         <name>vTaskSetTimeOutState</name>
         <value>0x1753</value>
         <object_component_ref idref="oc-7f"/>
      </symbol>
      <symbol id="sm-4f1">
         <name>xTaskIncrementTick</name>
         <value>0x1191</value>
         <object_component_ref idref="oc-7f"/>
      </symbol>
      <symbol id="sm-4f2">
         <name>vTaskSwitchContext</name>
         <value>0x135d</value>
         <object_component_ref idref="oc-7f"/>
      </symbol>
      <symbol id="sm-4f3">
         <name>uxTaskResetEventItemValue</name>
         <value>0x1e79</value>
         <object_component_ref idref="oc-7f"/>
      </symbol>
      <symbol id="sm-4f4">
         <name>xTaskGetSchedulerState</name>
         <value>0x1b75</value>
         <object_component_ref idref="oc-7f"/>
      </symbol>
      <symbol id="sm-4f5">
         <name>xTaskResumeFromISR</name>
         <value>0xabd</value>
         <object_component_ref idref="oc-7f"/>
      </symbol>
      <symbol id="sm-4f6">
         <name>xTaskGetCurrentTaskHandle</name>
         <value>0x1b51</value>
         <object_component_ref idref="oc-7f"/>
      </symbol>
      <symbol id="sm-4f7">
         <name>vTaskPlaceOnUnorderedEventList</name>
         <value>0x1411</value>
         <object_component_ref idref="oc-7f"/>
      </symbol>
      <symbol id="sm-4f8">
         <name>xTaskRemoveFromEventList</name>
         <value>0x14e9</value>
         <object_component_ref idref="oc-7f"/>
      </symbol>
      <symbol id="sm-4f9">
         <name>xTaskPriorityInherit</name>
         <value>0x1bb1</value>
         <object_component_ref idref="oc-7f"/>
      </symbol>
      <symbol id="sm-5a2">
         <name>vTimerSetTimerNumber</name>
         <value>0x3d07</value>
         <object_component_ref idref="oc-f6"/>
      </symbol>
      <symbol id="sm-5a3">
         <name>xTimerGetTimerDaemonTaskHandle</name>
         <value>0x3737</value>
         <object_component_ref idref="oc-f6"/>
      </symbol>
      <symbol id="sm-5a4">
         <name>pcTimerGetName</name>
         <value>0x37c7</value>
         <object_component_ref idref="oc-f6"/>
      </symbol>
      <symbol id="sm-5a5">
         <name>xTimerCreateTimerTask</name>
         <value>0x360d</value>
         <object_component_ref idref="oc-f6"/>
      </symbol>
      <symbol id="sm-5a6">
         <name>xTimerGetExpiryTime</name>
         <value>0x37ad</value>
         <object_component_ref idref="oc-f6"/>
      </symbol>
      <symbol id="sm-5a7">
         <name>uxTimerGetTimerNumber</name>
         <value>0x3cf9</value>
         <object_component_ref idref="oc-f6"/>
      </symbol>
      <symbol id="sm-5a8">
         <name>xTimerIsTimerActive</name>
         <value>0x3c29</value>
         <object_component_ref idref="oc-f6"/>
      </symbol>
      <symbol id="sm-5a9">
         <name>xTimerGetPeriod</name>
         <value>0x373d</value>
         <object_component_ref idref="oc-f6"/>
      </symbol>
      <symbol id="sm-5aa">
         <name>xTimerCreate</name>
         <value>0x3637</value>
         <object_component_ref idref="oc-f6"/>
      </symbol>
      <symbol id="sm-5ab">
         <name>vTimerSetReloadMode</name>
         <value>0x374f</value>
         <object_component_ref idref="oc-f6"/>
      </symbol>
      <symbol id="sm-5ac">
         <name>xTimerGenericCommand</name>
         <value>0x36c3</value>
         <object_component_ref idref="oc-f6"/>
      </symbol>
      <symbol id="sm-5ad">
         <name>uxTimerGetReloadMode</name>
         <value>0x3785</value>
         <object_component_ref idref="oc-f6"/>
      </symbol>
      <symbol id="sm-5ae">
         <name>pvTimerGetTimerID</name>
         <value>0x3c55</value>
         <object_component_ref idref="oc-f6"/>
      </symbol>
      <symbol id="sm-5af">
         <name>xTimerPendFunctionCallFromISR</name>
         <value>0x3c89</value>
         <object_component_ref idref="oc-f6"/>
      </symbol>
      <symbol id="sm-5b0">
         <name>xTimerPendFunctionCall</name>
         <value>0x3cbf</value>
         <object_component_ref idref="oc-f6"/>
      </symbol>
      <symbol id="sm-5b1">
         <name>vTimerSetTimerID</name>
         <value>0x3c6f</value>
         <object_component_ref idref="oc-f6"/>
      </symbol>
      <symbol id="sm-5cd">
         <name>ResetISR</name>
         <value>0x4b55</value>
         <object_component_ref idref="oc-27"/>
      </symbol>
      <symbol id="sm-5ce">
         <name>g_pfnVectors</name>
         <value>0x0</value>
         <object_component_ref idref="oc-12"/>
      </symbol>
      <symbol id="sm-61c">
         <name>GPIOPinConfigure</name>
         <value>0x494d</value>
         <object_component_ref idref="oc-155"/>
      </symbol>
      <symbol id="sm-61d">
         <name>GPIOPinTypeUART</name>
         <value>0x4b11</value>
         <object_component_ref idref="oc-15b"/>
      </symbol>
      <symbol id="sm-61e">
         <name>GPIODirModeSet</name>
         <value>0x4ac5</value>
         <object_component_ref idref="oc-22e"/>
      </symbol>
      <symbol id="sm-61f">
         <name>GPIOPadConfigSet</name>
         <value>0x4249</value>
         <object_component_ref idref="oc-234"/>
      </symbol>
      <symbol id="sm-67e">
         <name>SysCtlClockSet</name>
         <value>0x4601</value>
         <object_component_ref idref="oc-161"/>
      </symbol>
      <symbol id="sm-67f">
         <name>SysCtlDelay</name>
         <value>0x4b6b</value>
         <object_component_ref idref="oc-23b"/>
      </symbol>
      <symbol id="sm-680">
         <name>SysCtlPeripheralEnable</name>
         <value>0x4a5d</value>
         <object_component_ref idref="oc-13d"/>
      </symbol>
      <symbol id="sm-681">
         <name>SysCtlClockGet</name>
         <value>0x44e9</value>
         <object_component_ref idref="oc-149"/>
      </symbol>
      <symbol id="sm-682">
         <name>SysCtlPeripheralReady</name>
         <value>0x4a25</value>
         <object_component_ref idref="oc-143"/>
      </symbol>
      <symbol id="sm-6ac">
         <name>UARTConfigSetExpClk</name>
         <value>0x4999</value>
         <object_component_ref idref="oc-14f"/>
      </symbol>
      <symbol id="sm-6ad">
         <name>UARTDisable</name>
         <value>0x4af1</value>
         <object_component_ref idref="oc-21c"/>
      </symbol>
      <symbol id="sm-6ae">
         <name>UARTCharPut</name>
         <value>0x4b61</value>
         <object_component_ref idref="oc-137"/>
      </symbol>
      <symbol id="sm-6af">
         <name>UARTEnable</name>
         <value>0x4b27</value>
         <object_component_ref idref="oc-222"/>
      </symbol>
      <symbol id="sm-6cb">
         <name>memcpy</name>
         <value>0x47cf</value>
         <object_component_ref idref="oc-46"/>
      </symbol>
      <symbol id="sm-6cc">
         <name>__aeabi_memcpy</name>
         <value>0x47cf</value>
         <object_component_ref idref="oc-46"/>
      </symbol>
      <symbol id="sm-6cd">
         <name>__aeabi_memcpy8</name>
         <value>0x47cf</value>
         <object_component_ref idref="oc-46"/>
      </symbol>
      <symbol id="sm-6ce">
         <name>__aeabi_memcpy4</name>
         <value>0x47cf</value>
         <object_component_ref idref="oc-46"/>
      </symbol>
      <symbol id="sm-6dd">
         <name>__aeabi_memset</name>
         <value>0x486d</value>
         <object_component_ref idref="oc-b6"/>
      </symbol>
      <symbol id="sm-6de">
         <name>memset</name>
         <value>0x4873</value>
         <object_component_ref idref="oc-b6"/>
      </symbol>
      <symbol id="sm-6df">
         <name>__aeabi_memset8</name>
         <value>0x486d</value>
         <object_component_ref idref="oc-b6"/>
      </symbol>
      <symbol id="sm-6e0">
         <name>__aeabi_memset4</name>
         <value>0x486d</value>
         <object_component_ref idref="oc-b6"/>
      </symbol>
      <symbol id="sm-6e1">
         <name>__aeabi_memclr8</name>
         <value>0x486b</value>
         <object_component_ref idref="oc-b6"/>
      </symbol>
      <symbol id="sm-6e2">
         <name>__aeabi_memclr4</name>
         <value>0x486b</value>
         <object_component_ref idref="oc-b6"/>
      </symbol>
      <symbol id="sm-6e3">
         <name>__aeabi_memclr</name>
         <value>0x486b</value>
         <object_component_ref idref="oc-b6"/>
      </symbol>
      <symbol id="sm-6fa">
         <name>__TI_zero_init</name>
         <value>0x4b49</value>
         <object_component_ref idref="oc-58"/>
      </symbol>
      <symbol id="sm-711">
         <name>__TI_decompress_none</name>
         <value>0x4b3b</value>
         <object_component_ref idref="oc-1b"/>
      </symbol>
      <symbol id="sm-734">
         <name>__TI_decompress_lzss</name>
         <value>0x48e5</value>
         <object_component_ref idref="oc-15"/>
      </symbol>
      <symbol id="sm-747">
         <name>__stack</name>
         <value>0x20004f80</value>
         <object_component_ref idref="oc-24"/>
      </symbol>
      <symbol id="sm-748">
         <name>_c_int00_noargs</name>
         <value>0x4a91</value>
         <object_component_ref idref="oc-64"/>
      </symbol>
      <symbol id="sm-770">
         <name>__TI_auto_init_nobinit_nopinit</name>
         <value>0x49e1</value>
         <object_component_ref idref="oc-17d"/>
      </symbol>
      <symbol id="sm-77a">
         <name>_system_pre_init</name>
         <value>0x4b71</value>
         <object_component_ref idref="oc-bc"/>
      </symbol>
      <symbol id="sm-786">
         <name>C$$EXIT</name>
         <value>0x4b75</value>
         <object_component_ref idref="oc-171"/>
      </symbol>
      <symbol id="sm-787">
         <name>abort</name>
         <value>0x4b75</value>
         <object_component_ref idref="oc-171"/>
      </symbol>
      <symbol id="sm-78a">
         <name>__TI_static_base__</name>
         <value>0x0</value>
      </symbol>
      <symbol id="sm-78d">
         <name>__mpu_init</name>
         <value>0x0</value>
      </symbol>
      <symbol id="sm-78e">
         <name>_system_post_cinit</name>
         <value>0x0</value>
      </symbol>
   </symbol_table>
   <title>Link successful</title>
</link_info>
