<?xml version="1.0" encoding="ISO-8859-1" ?>
<link_info>
   <banner>TI ARM Linker PC v20.2.5.LTS</banner>
   <copyright>Copyright (c) 1996-2018 Texas Instruments Incorporated</copyright>
   <link_time>0x61481c21</link_time>
   <link_errors>0x0</link_errors>
   <output_file>FreeRTOS_Task.out</output_file>
   <entry_point>
      <name>_c_int00_noargs</name>
      <address>0x5d4d</address>
   </entry_point>
   <input_file_list>
      <input_file id="fl-2">
         <path>.\</path>
         <kind>object</kind>
         <file>event_groups.obj</file>
         <name>event_groups.obj</name>
      </input_file>
      <input_file id="fl-3">
         <path>.\</path>
         <kind>object</kind>
         <file>heap_2.obj</file>
         <name>heap_2.obj</name>
      </input_file>
      <input_file id="fl-4">
         <path>.\</path>
         <kind>object</kind>
         <file>list.obj</file>
         <name>list.obj</name>
      </input_file>
      <input_file id="fl-5">
         <path>.\</path>
         <kind>object</kind>
         <file>main.obj</file>
         <name>main.obj</name>
      </input_file>
      <input_file id="fl-6">
         <path>.\</path>
         <kind>object</kind>
         <file>port.obj</file>
         <name>port.obj</name>
      </input_file>
      <input_file id="fl-7">
         <path>.\</path>
         <kind>object</kind>
         <file>portasm.obj</file>
         <name>portasm.obj</name>
      </input_file>
      <input_file id="fl-8">
         <path>.\</path>
         <kind>object</kind>
         <file>queue.obj</file>
         <name>queue.obj</name>
      </input_file>
      <input_file id="fl-9">
         <path>.\</path>
         <kind>object</kind>
         <file>tasks.obj</file>
         <name>tasks.obj</name>
      </input_file>
      <input_file id="fl-a">
         <path>.\</path>
         <kind>object</kind>
         <file>timers.obj</file>
         <name>timers.obj</name>
      </input_file>
      <input_file id="fl-b">
         <path>.\</path>
         <kind>object</kind>
         <file>tm4c123gh6pm_startup_ccs.obj</file>
         <name>tm4c123gh6pm_startup_ccs.obj</name>
      </input_file>
      <input_file id="fl-10">
         <kind>object</kind>
         <file>&lt;internal&gt;</file>
         <name>&lt;internal&gt;</name>
      </input_file>
      <input_file id="fl-11">
         <path>C:\ti\TivaWare_C_Series-2.2.0.295\driverlib\ccs\Debug\</path>
         <kind>archive</kind>
         <file>driverlib.lib</file>
         <name>gpio.obj</name>
      </input_file>
      <input_file id="fl-12">
         <path>C:\ti\TivaWare_C_Series-2.2.0.295\driverlib\ccs\Debug\</path>
         <kind>archive</kind>
         <file>driverlib.lib</file>
         <name>interrupt.obj</name>
      </input_file>
      <input_file id="fl-13">
         <path>C:\ti\TivaWare_C_Series-2.2.0.295\driverlib\ccs\Debug\</path>
         <kind>archive</kind>
         <file>driverlib.lib</file>
         <name>sysctl.obj</name>
      </input_file>
      <input_file id="fl-14">
         <path>C:\ti\TivaWare_C_Series-2.2.0.295\driverlib\ccs\Debug\</path>
         <kind>archive</kind>
         <file>driverlib.lib</file>
         <name>uart.obj</name>
      </input_file>
      <input_file id="fl-15">
         <path>C:\ti\TivaWare_C_Series-2.2.0.295\driverlib\ccs\Debug\</path>
         <kind>archive</kind>
         <file>driverlib.lib</file>
         <name>cpu.obj</name>
      </input_file>
      <input_file id="fl-cb">
         <path>C:\ti\ccs1040\ccs\tools\compiler\ti-cgt-arm_20.2.5.LTS\lib\</path>
         <kind>archive</kind>
         <file>rtsv7M4_T_le_v4SPD16_eabi.lib</file>
         <name>memcpy_t2.asm.obj</name>
      </input_file>
      <input_file id="fl-cc">
         <path>C:\ti\ccs1040\ccs\tools\compiler\ti-cgt-arm_20.2.5.LTS\lib\</path>
         <kind>archive</kind>
         <file>rtsv7M4_T_le_v4SPD16_eabi.lib</file>
         <name>memset_t2.asm.obj</name>
      </input_file>
      <input_file id="fl-cd">
         <path>C:\ti\ccs1040\ccs\tools\compiler\ti-cgt-arm_20.2.5.LTS\lib\</path>
         <kind>archive</kind>
         <file>rtsv7M4_T_le_v4SPD16_eabi.lib</file>
         <name>copy_zero_init.c.obj</name>
      </input_file>
      <input_file id="fl-ce">
         <path>C:\ti\ccs1040\ccs\tools\compiler\ti-cgt-arm_20.2.5.LTS\lib\</path>
         <kind>archive</kind>
         <file>rtsv7M4_T_le_v4SPD16_eabi.lib</file>
         <name>copy_decompress_none.c.obj</name>
      </input_file>
      <input_file id="fl-cf">
         <path>C:\ti\ccs1040\ccs\tools\compiler\ti-cgt-arm_20.2.5.LTS\lib\</path>
         <kind>archive</kind>
         <file>rtsv7M4_T_le_v4SPD16_eabi.lib</file>
         <name>copy_decompress_lzss.c.obj</name>
      </input_file>
      <input_file id="fl-d0">
         <path>C:\ti\ccs1040\ccs\tools\compiler\ti-cgt-arm_20.2.5.LTS\lib\</path>
         <kind>archive</kind>
         <file>rtsv7M4_T_le_v4SPD16_eabi.lib</file>
         <name>assert.c.obj</name>
      </input_file>
      <input_file id="fl-d1">
         <path>C:\ti\ccs1040\ccs\tools\compiler\ti-cgt-arm_20.2.5.LTS\lib\</path>
         <kind>archive</kind>
         <file>rtsv7M4_T_le_v4SPD16_eabi.lib</file>
         <name>defs.c.obj</name>
      </input_file>
      <input_file id="fl-d2">
         <path>C:\ti\ccs1040\ccs\tools\compiler\ti-cgt-arm_20.2.5.LTS\lib\</path>
         <kind>archive</kind>
         <file>rtsv7M4_T_le_v4SPD16_eabi.lib</file>
         <name>boot_cortex_m.c.obj</name>
      </input_file>
      <input_file id="fl-d3">
         <path>C:\ti\ccs1040\ccs\tools\compiler\ti-cgt-arm_20.2.5.LTS\lib\</path>
         <kind>archive</kind>
         <file>rtsv7M4_T_le_v4SPD16_eabi.lib</file>
         <name>fflush.c.obj</name>
      </input_file>
      <input_file id="fl-d4">
         <path>C:\ti\ccs1040\ccs\tools\compiler\ti-cgt-arm_20.2.5.LTS\lib\</path>
         <kind>archive</kind>
         <file>rtsv7M4_T_le_v4SPD16_eabi.lib</file>
         <name>fputs.c.obj</name>
      </input_file>
      <input_file id="fl-d5">
         <path>C:\ti\ccs1040\ccs\tools\compiler\ti-cgt-arm_20.2.5.LTS\lib\</path>
         <kind>archive</kind>
         <file>rtsv7M4_T_le_v4SPD16_eabi.lib</file>
         <name>_io_perm.c.obj</name>
      </input_file>
      <input_file id="fl-d6">
         <path>C:\ti\ccs1040\ccs\tools\compiler\ti-cgt-arm_20.2.5.LTS\lib\</path>
         <kind>archive</kind>
         <file>rtsv7M4_T_le_v4SPD16_eabi.lib</file>
         <name>setvbuf.c.obj</name>
      </input_file>
      <input_file id="fl-d7">
         <path>C:\ti\ccs1040\ccs\tools\compiler\ti-cgt-arm_20.2.5.LTS\lib\</path>
         <kind>archive</kind>
         <file>rtsv7M4_T_le_v4SPD16_eabi.lib</file>
         <name>autoinit.c.obj</name>
      </input_file>
      <input_file id="fl-d8">
         <path>C:\ti\ccs1040\ccs\tools\compiler\ti-cgt-arm_20.2.5.LTS\lib\</path>
         <kind>archive</kind>
         <file>rtsv7M4_T_le_v4SPD16_eabi.lib</file>
         <name>pre_init.c.obj</name>
      </input_file>
      <input_file id="fl-d9">
         <path>C:\ti\ccs1040\ccs\tools\compiler\ti-cgt-arm_20.2.5.LTS\lib\</path>
         <kind>archive</kind>
         <file>rtsv7M4_T_le_v4SPD16_eabi.lib</file>
         <name>cpy_tbl.c.obj</name>
      </input_file>
      <input_file id="fl-da">
         <path>C:\ti\ccs1040\ccs\tools\compiler\ti-cgt-arm_20.2.5.LTS\lib\</path>
         <kind>archive</kind>
         <file>rtsv7M4_T_le_v4SPD16_eabi.lib</file>
         <name>exit.c.obj</name>
      </input_file>
      <input_file id="fl-db">
         <path>C:\ti\ccs1040\ccs\tools\compiler\ti-cgt-arm_20.2.5.LTS\lib\</path>
         <kind>archive</kind>
         <file>rtsv7M4_T_le_v4SPD16_eabi.lib</file>
         <name>_lock.c.obj</name>
      </input_file>
      <input_file id="fl-dc">
         <path>C:\ti\ccs1040\ccs\tools\compiler\ti-cgt-arm_20.2.5.LTS\lib\</path>
         <kind>archive</kind>
         <file>rtsv7M4_T_le_v4SPD16_eabi.lib</file>
         <name>args_main.c.obj</name>
      </input_file>
      <input_file id="fl-dd">
         <path>C:\ti\ccs1040\ccs\tools\compiler\ti-cgt-arm_20.2.5.LTS\lib\</path>
         <kind>archive</kind>
         <file>rtsv7M4_T_le_v4SPD16_eabi.lib</file>
         <name>memchr.c.obj</name>
      </input_file>
      <input_file id="fl-de">
         <path>C:\ti\ccs1040\ccs\tools\compiler\ti-cgt-arm_20.2.5.LTS\lib\</path>
         <kind>archive</kind>
         <file>rtsv7M4_T_le_v4SPD16_eabi.lib</file>
         <name>memory.c.obj</name>
      </input_file>
      <input_file id="fl-df">
         <path>C:\ti\ccs1040\ccs\tools\compiler\ti-cgt-arm_20.2.5.LTS\lib\</path>
         <kind>archive</kind>
         <file>rtsv7M4_T_le_v4SPD16_eabi.lib</file>
         <name>strlen.c.obj</name>
      </input_file>
      <input_file id="fl-e0">
         <path>C:\ti\ccs1040\ccs\tools\compiler\ti-cgt-arm_20.2.5.LTS\lib\</path>
         <kind>archive</kind>
         <file>rtsv7M4_T_le_v4SPD16_eabi.lib</file>
         <name>write.c.obj</name>
      </input_file>
      <input_file id="fl-e1">
         <path>C:\ti\ccs1040\ccs\tools\compiler\ti-cgt-arm_20.2.5.LTS\lib\</path>
         <kind>archive</kind>
         <file>rtsv7M4_T_le_v4SPD16_eabi.lib</file>
         <name>host_device.c.obj</name>
      </input_file>
      <input_file id="fl-e2">
         <path>C:\ti\ccs1040\ccs\tools\compiler\ti-cgt-arm_20.2.5.LTS\lib\</path>
         <kind>archive</kind>
         <file>rtsv7M4_T_le_v4SPD16_eabi.lib</file>
         <name>fopen.c.obj</name>
      </input_file>
      <input_file id="fl-e3">
         <path>C:\ti\ccs1040\ccs\tools\compiler\ti-cgt-arm_20.2.5.LTS\lib\</path>
         <kind>archive</kind>
         <file>rtsv7M4_T_le_v4SPD16_eabi.lib</file>
         <name>fseek.c.obj</name>
      </input_file>
      <input_file id="fl-e4">
         <path>C:\ti\ccs1040\ccs\tools\compiler\ti-cgt-arm_20.2.5.LTS\lib\</path>
         <kind>archive</kind>
         <file>rtsv7M4_T_le_v4SPD16_eabi.lib</file>
         <name>hostclose.c.obj</name>
      </input_file>
      <input_file id="fl-e5">
         <path>C:\ti\ccs1040\ccs\tools\compiler\ti-cgt-arm_20.2.5.LTS\lib\</path>
         <kind>archive</kind>
         <file>rtsv7M4_T_le_v4SPD16_eabi.lib</file>
         <name>hostlseek.c.obj</name>
      </input_file>
      <input_file id="fl-e6">
         <path>C:\ti\ccs1040\ccs\tools\compiler\ti-cgt-arm_20.2.5.LTS\lib\</path>
         <kind>archive</kind>
         <file>rtsv7M4_T_le_v4SPD16_eabi.lib</file>
         <name>hostopen.c.obj</name>
      </input_file>
      <input_file id="fl-e7">
         <path>C:\ti\ccs1040\ccs\tools\compiler\ti-cgt-arm_20.2.5.LTS\lib\</path>
         <kind>archive</kind>
         <file>rtsv7M4_T_le_v4SPD16_eabi.lib</file>
         <name>hostread.c.obj</name>
      </input_file>
      <input_file id="fl-e8">
         <path>C:\ti\ccs1040\ccs\tools\compiler\ti-cgt-arm_20.2.5.LTS\lib\</path>
         <kind>archive</kind>
         <file>rtsv7M4_T_le_v4SPD16_eabi.lib</file>
         <name>hostrename.c.obj</name>
      </input_file>
      <input_file id="fl-e9">
         <path>C:\ti\ccs1040\ccs\tools\compiler\ti-cgt-arm_20.2.5.LTS\lib\</path>
         <kind>archive</kind>
         <file>rtsv7M4_T_le_v4SPD16_eabi.lib</file>
         <name>hostunlink.c.obj</name>
      </input_file>
      <input_file id="fl-ea">
         <path>C:\ti\ccs1040\ccs\tools\compiler\ti-cgt-arm_20.2.5.LTS\lib\</path>
         <kind>archive</kind>
         <file>rtsv7M4_T_le_v4SPD16_eabi.lib</file>
         <name>hostwrite.c.obj</name>
      </input_file>
      <input_file id="fl-eb">
         <path>C:\ti\ccs1040\ccs\tools\compiler\ti-cgt-arm_20.2.5.LTS\lib\</path>
         <kind>archive</kind>
         <file>rtsv7M4_T_le_v4SPD16_eabi.lib</file>
         <name>trgmsg.c.obj</name>
      </input_file>
      <input_file id="fl-ec">
         <path>C:\ti\ccs1040\ccs\tools\compiler\ti-cgt-arm_20.2.5.LTS\lib\</path>
         <kind>archive</kind>
         <file>rtsv7M4_T_le_v4SPD16_eabi.lib</file>
         <name>open.c.obj</name>
      </input_file>
      <input_file id="fl-ed">
         <path>C:\ti\ccs1040\ccs\tools\compiler\ti-cgt-arm_20.2.5.LTS\lib\</path>
         <kind>archive</kind>
         <file>rtsv7M4_T_le_v4SPD16_eabi.lib</file>
         <name>lseek.c.obj</name>
      </input_file>
      <input_file id="fl-ee">
         <path>C:\ti\ccs1040\ccs\tools\compiler\ti-cgt-arm_20.2.5.LTS\lib\</path>
         <kind>archive</kind>
         <file>rtsv7M4_T_le_v4SPD16_eabi.lib</file>
         <name>fclose.c.obj</name>
      </input_file>
      <input_file id="fl-ef">
         <path>C:\ti\ccs1040\ccs\tools\compiler\ti-cgt-arm_20.2.5.LTS\lib\</path>
         <kind>archive</kind>
         <file>rtsv7M4_T_le_v4SPD16_eabi.lib</file>
         <name>getdevice.c.obj</name>
      </input_file>
      <input_file id="fl-f0">
         <path>C:\ti\ccs1040\ccs\tools\compiler\ti-cgt-arm_20.2.5.LTS\lib\</path>
         <kind>archive</kind>
         <file>rtsv7M4_T_le_v4SPD16_eabi.lib</file>
         <name>strchr.c.obj</name>
      </input_file>
      <input_file id="fl-f1">
         <path>C:\ti\ccs1040\ccs\tools\compiler\ti-cgt-arm_20.2.5.LTS\lib\</path>
         <kind>archive</kind>
         <file>rtsv7M4_T_le_v4SPD16_eabi.lib</file>
         <name>strcmp.c.obj</name>
      </input_file>
      <input_file id="fl-f2">
         <path>C:\ti\ccs1040\ccs\tools\compiler\ti-cgt-arm_20.2.5.LTS\lib\</path>
         <kind>archive</kind>
         <file>rtsv7M4_T_le_v4SPD16_eabi.lib</file>
         <name>strcpy.c.obj</name>
      </input_file>
      <input_file id="fl-f3">
         <path>C:\ti\ccs1040\ccs\tools\compiler\ti-cgt-arm_20.2.5.LTS\lib\</path>
         <kind>archive</kind>
         <file>rtsv7M4_T_le_v4SPD16_eabi.lib</file>
         <name>strncpy.c.obj</name>
      </input_file>
      <input_file id="fl-f4">
         <path>C:\ti\ccs1040\ccs\tools\compiler\ti-cgt-arm_20.2.5.LTS\lib\</path>
         <kind>archive</kind>
         <file>rtsv7M4_T_le_v4SPD16_eabi.lib</file>
         <name>remove.c.obj</name>
      </input_file>
      <input_file id="fl-f5">
         <path>C:\ti\ccs1040\ccs\tools\compiler\ti-cgt-arm_20.2.5.LTS\lib\</path>
         <kind>archive</kind>
         <file>rtsv7M4_T_le_v4SPD16_eabi.lib</file>
         <name>close.c.obj</name>
      </input_file>
      <input_file id="fl-f6">
         <path>C:\ti\ccs1040\ccs\tools\compiler\ti-cgt-arm_20.2.5.LTS\lib\</path>
         <kind>archive</kind>
         <file>rtsv7M4_T_le_v4SPD16_eabi.lib</file>
         <name>unlink.c.obj</name>
      </input_file>
   </input_file_list>
   <object_component_list>
      <object_component id="oc-12">
         <name>.intvecs</name>
         <load_address>0x0</load_address>
         <run_address>0x0</run_address>
         <size>0x26c</size>
         <input_file_ref idref="fl-b"/>
      </object_component>
      <object_component id="oc-86">
         <name>.text</name>
         <load_address>0x26c</load_address>
         <run_address>0x26c</run_address>
         <size>0x2450</size>
         <input_file_ref idref="fl-9"/>
      </object_component>
      <object_component id="oc-150">
         <name>.text</name>
         <load_address>0x26bc</load_address>
         <run_address>0x26bc</run_address>
         <size>0xf6c</size>
         <input_file_ref idref="fl-8"/>
      </object_component>
      <object_component id="oc-c9">
         <name>.text</name>
         <load_address>0x3628</load_address>
         <run_address>0x3628</run_address>
         <size>0x8c0</size>
         <input_file_ref idref="fl-5"/>
      </object_component>
      <object_component id="oc-109">
         <name>.text</name>
         <load_address>0x3ee8</load_address>
         <run_address>0x3ee8</run_address>
         <size>0x728</size>
         <input_file_ref idref="fl-a"/>
      </object_component>
      <object_component id="oc-f1">
         <name>.text</name>
         <load_address>0x4610</load_address>
         <run_address>0x4610</run_address>
         <size>0x1d8</size>
         <input_file_ref idref="fl-3"/>
      </object_component>
      <object_component id="oc-35">
         <name>.text</name>
         <load_address>0x47e8</load_address>
         <run_address>0x47e8</run_address>
         <size>0x1c8</size>
         <input_file_ref idref="fl-6"/>
      </object_component>
      <object_component id="oc-192">
         <name>.text:GPIOPadConfigSet</name>
         <load_address>0x49b0</load_address>
         <run_address>0x49b0</run_address>
         <size>0x16c</size>
         <input_file_ref idref="fl-11"/>
      </object_component>
      <object_component id="oc-f7">
         <name>.text</name>
         <load_address>0x4b1c</load_address>
         <run_address>0x4b1c</run_address>
         <size>0x132</size>
         <input_file_ref idref="fl-4"/>
      </object_component>
      <object_component id="oc-39e">
         <name>.text:_nop</name>
         <load_address>0x4c4e</load_address>
         <run_address>0x4c4e</run_address>
         <size>0x2</size>
         <input_file_ref idref="fl-db"/>
      </object_component>
      <object_component id="oc-198">
         <name>.text:SysCtlClockGet</name>
         <load_address>0x4c50</load_address>
         <run_address>0x4c50</run_address>
         <size>0x118</size>
         <input_file_ref idref="fl-13"/>
      </object_component>
      <object_component id="oc-2e7">
         <name>.text:fputs</name>
         <load_address>0x4d68</load_address>
         <run_address>0x4d68</run_address>
         <size>0x114</size>
         <input_file_ref idref="fl-d4"/>
      </object_component>
      <object_component id="oc-43c">
         <name>.text:aligned_alloc</name>
         <load_address>0x4e7c</load_address>
         <run_address>0x4e7c</run_address>
         <size>0x100</size>
         <input_file_ref idref="fl-de"/>
      </object_component>
      <object_component id="oc-1ce">
         <name>.text:SysCtlClockSet</name>
         <load_address>0x4f7c</load_address>
         <run_address>0x4f7c</run_address>
         <size>0xf4</size>
         <input_file_ref idref="fl-13"/>
      </object_component>
      <object_component id="oc-3fa">
         <name>.text:free</name>
         <load_address>0x5070</load_address>
         <run_address>0x5070</run_address>
         <size>0xe4</size>
         <input_file_ref idref="fl-de"/>
      </object_component>
      <object_component id="oc-3c9">
         <name>.text:setvbuf</name>
         <load_address>0x5154</load_address>
         <run_address>0x5154</run_address>
         <size>0xdc</size>
         <input_file_ref idref="fl-d6"/>
      </object_component>
      <object_component id="oc-30">
         <name>.text</name>
         <load_address>0x5230</load_address>
         <run_address>0x5230</run_address>
         <size>0xda</size>
         <input_file_ref idref="fl-7"/>
      </object_component>
      <object_component id="oc-49">
         <name>.text</name>
         <load_address>0x530a</load_address>
         <run_address>0x530a</run_address>
         <size>0x9c</size>
         <input_file_ref idref="fl-cb"/>
      </object_component>
      <object_component id="oc-2ed">
         <name>.text:fflush</name>
         <load_address>0x53a8</load_address>
         <run_address>0x53a8</run_address>
         <size>0x7c</size>
         <input_file_ref idref="fl-d3"/>
      </object_component>
      <object_component id="oc-bd">
         <name>.text</name>
         <load_address>0x5424</load_address>
         <run_address>0x5424</run_address>
         <size>0x7a</size>
         <input_file_ref idref="fl-cc"/>
      </object_component>
      <object_component id="oc-443">
         <name>.text:__TI_closefile</name>
         <load_address>0x54a0</load_address>
         <run_address>0x54a0</run_address>
         <size>0x74</size>
         <input_file_ref idref="fl-ee"/>
      </object_component>
      <object_component id="oc-481">
         <name>.text:split</name>
         <load_address>0x5514</load_address>
         <run_address>0x5514</run_address>
         <size>0x70</size>
         <input_file_ref idref="fl-de"/>
      </object_component>
      <object_component id="oc-470">
         <name>.text:HOSTrename</name>
         <load_address>0x5584</load_address>
         <run_address>0x5584</run_address>
         <size>0x6c</size>
         <input_file_ref idref="fl-e8"/>
      </object_component>
      <object_component id="oc-464">
         <name>.text:HOSTlseek</name>
         <load_address>0x55f0</load_address>
         <run_address>0x55f0</run_address>
         <size>0x68</size>
         <input_file_ref idref="fl-e5"/>
      </object_component>
      <object_component id="oc-1c2">
         <name>.text:IntEnable</name>
         <load_address>0x5658</load_address>
         <run_address>0x5658</run_address>
         <size>0x68</size>
         <input_file_ref idref="fl-12"/>
      </object_component>
      <object_component id="oc-15">
         <name>.text:decompress:lzss:__TI_decompress_lzss</name>
         <load_address>0x56c0</load_address>
         <run_address>0x56c0</run_address>
         <size>0x68</size>
         <input_file_ref idref="fl-cf"/>
      </object_component>
      <object_component id="oc-3c3">
         <name>.text:fseek</name>
         <load_address>0x5728</load_address>
         <run_address>0x5728</run_address>
         <size>0x64</size>
         <input_file_ref idref="fl-e3"/>
      </object_component>
      <object_component id="oc-36c">
         <name>.text:__TI_wrt_ok</name>
         <load_address>0x578c</load_address>
         <run_address>0x578c</run_address>
         <size>0x62</size>
         <input_file_ref idref="fl-d5"/>
      </object_component>
      <object_component id="oc-44c">
         <name>.text:HOSTopen</name>
         <load_address>0x57f0</load_address>
         <run_address>0x57f0</run_address>
         <size>0x60</size>
         <input_file_ref idref="fl-e6"/>
      </object_component>
      <object_component id="oc-488">
         <name>.text:close</name>
         <load_address>0x5850</load_address>
         <run_address>0x5850</run_address>
         <size>0x5c</size>
         <input_file_ref idref="fl-f5"/>
      </object_component>
      <object_component id="oc-458">
         <name>.text:HOSTread</name>
         <load_address>0x58ac</load_address>
         <run_address>0x58ac</run_address>
         <size>0x58</size>
         <input_file_ref idref="fl-e7"/>
      </object_component>
      <object_component id="oc-45e">
         <name>.text:HOSTwrite</name>
         <load_address>0x5904</load_address>
         <run_address>0x5904</run_address>
         <size>0x58</size>
         <input_file_ref idref="fl-ea"/>
      </object_component>
      <object_component id="oc-1a4">
         <name>.text:GPIOPinConfigure</name>
         <load_address>0x595c</load_address>
         <run_address>0x595c</run_address>
         <size>0x4c</size>
         <input_file_ref idref="fl-11"/>
      </object_component>
      <object_component id="oc-37e">
         <name>.text:__TI_doflush</name>
         <load_address>0x59a8</load_address>
         <run_address>0x59a8</run_address>
         <size>0x4c</size>
         <input_file_ref idref="fl-d3"/>
      </object_component>
      <object_component id="oc-1f0">
         <name>.text:exit</name>
         <load_address>0x59f4</load_address>
         <run_address>0x59f4</run_address>
         <size>0x48</size>
         <input_file_ref idref="fl-da"/>
      </object_component>
      <object_component id="oc-19e">
         <name>.text:UARTConfigSetExpClk</name>
         <load_address>0x5a3c</load_address>
         <run_address>0x5a3c</run_address>
         <size>0x46</size>
         <input_file_ref idref="fl-14"/>
      </object_component>
      <object_component id="oc-452">
         <name>.text:HOSTclose</name>
         <load_address>0x5a84</load_address>
         <run_address>0x5a84</run_address>
         <size>0x44</size>
         <input_file_ref idref="fl-e4"/>
      </object_component>
      <object_component id="oc-46a">
         <name>.text:HOSTunlink</name>
         <load_address>0x5ac8</load_address>
         <run_address>0x5ac8</run_address>
         <size>0x44</size>
         <input_file_ref idref="fl-e9"/>
      </object_component>
      <object_component id="oc-1f6">
         <name>.text:__TI_auto_init_nobinit_nopinit:__TI_auto_init_nobinit_nopinit</name>
         <load_address>0x5b0c</load_address>
         <run_address>0x5b0c</run_address>
         <size>0x44</size>
         <input_file_ref idref="fl-d7"/>
      </object_component>
      <object_component id="oc-4be">
         <name>.text:getdevice</name>
         <load_address>0x5b50</load_address>
         <run_address>0x5b50</run_address>
         <size>0x44</size>
         <input_file_ref idref="fl-ef"/>
      </object_component>
      <object_component id="oc-2c9">
         <name>.text:_UARTIntNumberGet</name>
         <load_address>0x5b94</load_address>
         <run_address>0x5b94</run_address>
         <size>0x40</size>
         <input_file_ref idref="fl-14"/>
      </object_component>
      <object_component id="oc-17a">
         <name>.text:SysCtlPeripheralReady</name>
         <load_address>0x5bd4</load_address>
         <run_address>0x5bd4</run_address>
         <size>0x38</size>
         <input_file_ref idref="fl-13"/>
      </object_component>
      <object_component id="oc-497">
         <name>.text:__TI_writemsg</name>
         <load_address>0x5c0c</load_address>
         <run_address>0x5c0c</run_address>
         <size>0x38</size>
         <input_file_ref idref="fl-eb"/>
      </object_component>
      <object_component id="oc-4e6">
         <name>.text:strncpy</name>
         <load_address>0x5c44</load_address>
         <run_address>0x5c44</run_address>
         <size>0x36</size>
         <input_file_ref idref="fl-f3"/>
      </object_component>
      <object_component id="oc-2cf">
         <name>.text:IntRegister</name>
         <load_address>0x5c7c</load_address>
         <run_address>0x5c7c</run_address>
         <size>0x34</size>
         <input_file_ref idref="fl-12"/>
      </object_component>
      <object_component id="oc-174">
         <name>.text:SysCtlPeripheralEnable</name>
         <load_address>0x5cb0</load_address>
         <run_address>0x5cb0</run_address>
         <size>0x34</size>
         <input_file_ref idref="fl-13"/>
      </object_component>
      <object_component id="oc-406">
         <name>.text:__TI_cleanup</name>
         <load_address>0x5ce4</load_address>
         <run_address>0x5ce4</run_address>
         <size>0x34</size>
         <input_file_ref idref="fl-e2"/>
      </object_component>
      <object_component id="oc-49d">
         <name>.text:__TI_readmsg</name>
         <load_address>0x5d18</load_address>
         <run_address>0x5d18</run_address>
         <size>0x34</size>
         <input_file_ref idref="fl-eb"/>
      </object_component>
      <object_component id="oc-67">
         <name>.text:_c_int00_noargs:_c_int00_noargs</name>
         <load_address>0x5d4c</load_address>
         <run_address>0x5d4c</run_address>
         <size>0x34</size>
         <input_file_ref idref="fl-d2"/>
      </object_component>
      <object_component id="oc-4ec">
         <name>.text:finddevice</name>
         <load_address>0x5d80</load_address>
         <run_address>0x5d80</run_address>
         <size>0x30</size>
         <input_file_ref idref="fl-ef"/>
      </object_component>
      <object_component id="oc-2a9">
         <name>.text:GPIODirModeSet</name>
         <load_address>0x5db0</load_address>
         <run_address>0x5db0</run_address>
         <size>0x2c</size>
         <input_file_ref idref="fl-11"/>
      </object_component>
      <object_component id="oc-48e">
         <name>.text:unlink</name>
         <load_address>0x5ddc</load_address>
         <run_address>0x5ddc</run_address>
         <size>0x2c</size>
         <input_file_ref idref="fl-f6"/>
      </object_component>
      <object_component id="oc-435">
         <name>.text:free_list_insert</name>
         <load_address>0x5e08</load_address>
         <run_address>0x5e08</run_address>
         <size>0x28</size>
         <input_file_ref idref="fl-de"/>
      </object_component>
      <object_component id="oc-3f2">
         <name>.text:lseek</name>
         <load_address>0x5e30</load_address>
         <run_address>0x5e30</run_address>
         <size>0x28</size>
         <input_file_ref idref="fl-ed"/>
      </object_component>
      <object_component id="oc-384">
         <name>.text:write</name>
         <load_address>0x5e58</load_address>
         <run_address>0x5e58</run_address>
         <size>0x28</size>
         <input_file_ref idref="fl-e0"/>
      </object_component>
      <object_component id="oc-2a">
         <name>.text</name>
         <load_address>0x5e80</load_address>
         <run_address>0x5e80</run_address>
         <size>0x26</size>
         <input_file_ref idref="fl-b"/>
      </object_component>
      <object_component id="oc-2b6">
         <name>.text:UARTDisable</name>
         <load_address>0x5ea8</load_address>
         <run_address>0x5ea8</run_address>
         <size>0x20</size>
         <input_file_ref idref="fl-14"/>
      </object_component>
      <object_component id="oc-378">
         <name>.text:memchr</name>
         <load_address>0x5ec8</load_address>
         <run_address>0x5ec8</run_address>
         <size>0x20</size>
         <input_file_ref idref="fl-dd"/>
      </object_component>
      <object_component id="oc-1d7">
         <name>.text:_abort_msg</name>
         <load_address>0x5ee8</load_address>
         <run_address>0x5ee8</run_address>
         <size>0x1c</size>
         <input_file_ref idref="fl-d0"/>
      </object_component>
      <object_component id="oc-42f">
         <name>.text:free_list_remove</name>
         <load_address>0x5f04</load_address>
         <run_address>0x5f04</run_address>
         <size>0x1c</size>
         <input_file_ref idref="fl-de"/>
      </object_component>
      <object_component id="oc-186">
         <name>.text:GPIOPinTypeGPIOOutput</name>
         <load_address>0x5f20</load_address>
         <run_address>0x5f20</run_address>
         <size>0x1a</size>
         <input_file_ref idref="fl-11"/>
      </object_component>
      <object_component id="oc-180">
         <name>.text:GPIOUnlockPin</name>
         <load_address>0x5f3c</load_address>
         <run_address>0x5f3c</run_address>
         <size>0x18</size>
         <input_file_ref idref="fl-11"/>
      </object_component>
      <object_component id="oc-1b6">
         <name>.text:UARTIntRegister</name>
         <load_address>0x5f54</load_address>
         <run_address>0x5f54</run_address>
         <size>0x18</size>
         <input_file_ref idref="fl-14"/>
      </object_component>
      <object_component id="oc-505">
         <name>.text:strcmp</name>
         <load_address>0x5f6c</load_address>
         <run_address>0x5f6c</run_address>
         <size>0x18</size>
         <input_file_ref idref="fl-f1"/>
      </object_component>
      <object_component id="oc-18c">
         <name>.text:GPIOPinTypeGPIOInput</name>
         <load_address>0x5f84</load_address>
         <run_address>0x5f84</run_address>
         <size>0x16</size>
         <input_file_ref idref="fl-11"/>
      </object_component>
      <object_component id="oc-1aa">
         <name>.text:GPIOPinTypeUART</name>
         <load_address>0x5f9a</load_address>
         <run_address>0x5f9a</run_address>
         <size>0x16</size>
         <input_file_ref idref="fl-11"/>
      </object_component>
      <object_component id="oc-4e0">
         <name>.text:strchr</name>
         <load_address>0x5fb0</load_address>
         <run_address>0x5fb0</run_address>
         <size>0x16</size>
         <input_file_ref idref="fl-f0"/>
      </object_component>
      <object_component id="oc-2bc">
         <name>.text:UARTEnable</name>
         <load_address>0x5fc6</load_address>
         <run_address>0x5fc6</run_address>
         <size>0x14</size>
         <input_file_ref idref="fl-14"/>
      </object_component>
      <object_component id="oc-4b1">
         <name>.text:strcpy</name>
         <load_address>0x5fda</load_address>
         <run_address>0x5fda</run_address>
         <size>0x14</size>
         <input_file_ref idref="fl-f2"/>
      </object_component>
      <object_component id="oc-372">
         <name>.text:strlen</name>
         <load_address>0x5fee</load_address>
         <run_address>0x5fee</run_address>
         <size>0x14</size>
         <input_file_ref idref="fl-df"/>
      </object_component>
      <object_component id="oc-1c8">
         <name>.text:IntMasterEnable</name>
         <load_address>0x6002</load_address>
         <run_address>0x6002</run_address>
         <size>0x10</size>
         <input_file_ref idref="fl-12"/>
      </object_component>
      <object_component id="oc-1b">
         <name>.text:decompress:none:__TI_decompress_none</name>
         <load_address>0x6012</load_address>
         <run_address>0x6012</run_address>
         <size>0xe</size>
         <input_file_ref idref="fl-ce"/>
      </object_component>
      <object_component id="oc-2dc">
         <name>.text:CPUcpsie</name>
         <load_address>0x6020</load_address>
         <run_address>0x6020</run_address>
         <size>0xc</size>
         <input_file_ref idref="fl-15"/>
      </object_component>
      <object_component id="oc-5b">
         <name>.text:decompress:ZI:__TI_zero_init</name>
         <load_address>0x602c</load_address>
         <run_address>0x602c</run_address>
         <size>0xc</size>
         <input_file_ref idref="fl-cd"/>
      </object_component>
      <object_component id="oc-156">
         <name>.text:UARTCharGet</name>
         <load_address>0x6038</load_address>
         <run_address>0x6038</run_address>
         <size>0xa</size>
         <input_file_ref idref="fl-14"/>
      </object_component>
      <object_component id="oc-14a">
         <name>.text:UARTCharPut</name>
         <load_address>0x6042</load_address>
         <run_address>0x6042</run_address>
         <size>0xa</size>
         <input_file_ref idref="fl-14"/>
      </object_component>
      <object_component id="oc-1b0">
         <name>.text:UARTFIFOEnable</name>
         <load_address>0x604c</load_address>
         <run_address>0x604c</run_address>
         <size>0xa</size>
         <input_file_ref idref="fl-14"/>
      </object_component>
      <object_component id="oc-1bc">
         <name>.text:UARTIntEnable</name>
         <load_address>0x6056</load_address>
         <run_address>0x6056</run_address>
         <size>0x8</size>
         <input_file_ref idref="fl-14"/>
      </object_component>
      <object_component id="oc-400">
         <name>.text:malloc</name>
         <load_address>0x605e</load_address>
         <run_address>0x605e</run_address>
         <size>0x8</size>
         <input_file_ref idref="fl-de"/>
      </object_component>
      <object_component id="oc-162">
         <name>.text:GPIOPinRead</name>
         <load_address>0x6066</load_address>
         <run_address>0x6066</run_address>
         <size>0x6</size>
         <input_file_ref idref="fl-11"/>
      </object_component>
      <object_component id="oc-168">
         <name>.text:GPIOPinWrite</name>
         <load_address>0x606c</load_address>
         <run_address>0x606c</run_address>
         <size>0x6</size>
         <input_file_ref idref="fl-11"/>
      </object_component>
      <object_component id="oc-2e3">
         <name>.text:SysCtlDelay</name>
         <load_address>0x6072</load_address>
         <run_address>0x6072</run_address>
         <size>0x6</size>
         <input_file_ref idref="fl-13"/>
      </object_component>
      <object_component id="oc-15c">
         <name>.text:UARTIntClear</name>
         <load_address>0x6078</load_address>
         <run_address>0x6078</run_address>
         <size>0x4</size>
         <input_file_ref idref="fl-14"/>
      </object_component>
      <object_component id="oc-c3">
         <name>.text:_system_pre_init</name>
         <load_address>0x607c</load_address>
         <run_address>0x607c</run_address>
         <size>0x4</size>
         <input_file_ref idref="fl-d8"/>
      </object_component>
      <object_component id="oc-1ea">
         <name>.text:abort:abort</name>
         <load_address>0x6080</load_address>
         <run_address>0x6080</run_address>
         <size>0x4</size>
         <input_file_ref idref="fl-da"/>
      </object_component>
      <object_component id="oc-2c3">
         <name>.const:g_pui32GPIOBaseAddrs</name>
         <load_address>0x6084</load_address>
         <run_address>0x6084</run_address>
         <size>0x90</size>
         <input_file_ref idref="fl-11"/>
      </object_component>
      <object_component id="oc-2b2">
         <name>.const:g_pui32Xtals</name>
         <load_address>0x6114</load_address>
         <run_address>0x6114</run_address>
         <size>0x6c</size>
         <input_file_ref idref="fl-13"/>
      </object_component>
      <object_component id="oc-35c">
         <name>.const:g_ppui32UARTIntMap</name>
         <load_address>0x6180</load_address>
         <run_address>0x6180</run_address>
         <size>0x40</size>
         <input_file_ref idref="fl-14"/>
      </object_component>
      <object_component id="oc-35f">
         <name>.const:g_ppui32UARTIntMapSnowflake</name>
         <load_address>0x61c0</load_address>
         <run_address>0x61c0</run_address>
         <size>0x40</size>
         <input_file_ref idref="fl-14"/>
      </object_component>
      <object_component id="oc-2d7">
         <name>.const:g_pui32EnRegs</name>
         <load_address>0x6200</load_address>
         <run_address>0x6200</run_address>
         <size>0x14</size>
         <input_file_ref idref="fl-12"/>
      </object_component>
      <object_component id="oc-83">
         <name>.const</name>
         <load_address>0x6214</load_address>
         <run_address>0x6214</run_address>
         <size>0x8</size>
         <input_file_ref idref="fl-6"/>
      </object_component>
      <object_component id="oc-112">
         <name>.const</name>
         <load_address>0x621c</load_address>
         <run_address>0x621c</run_address>
         <size>0x4</size>
         <input_file_ref idref="fl-9"/>
      </object_component>
      <object_component id="oc-547">
         <name>.cinit..data.load</name>
         <load_address>0x6220</load_address>
         <run_address>0x6220</run_address>
         <size>0x8a</size>
      </object_component>
      <object_component id="oc-544">
         <name>__TI_handler_table</name>
         <load_address>0x62ac</load_address>
         <run_address>0x62ac</run_address>
         <size>0xc</size>
      </object_component>
      <object_component id="oc-548">
         <name>.cinit..bss.load</name>
         <load_address>0x62b8</load_address>
         <run_address>0x62b8</run_address>
         <size>0x8</size>
      </object_component>
      <object_component id="oc-546">
         <name>.cinit..vtable.load</name>
         <load_address>0x62c0</load_address>
         <run_address>0x62c0</run_address>
         <size>0x8</size>
      </object_component>
      <object_component id="oc-545">
         <name>__TI_cinit_table</name>
         <load_address>0x62c8</load_address>
         <run_address>0x62c8</run_address>
         <size>0x18</size>
      </object_component>
      <object_component id="oc-363">
         <name>.vtable</name>
         <uninitialized>true</uninitialized>
         <run_address>0x20000000</run_address>
         <size>0x26c</size>
         <input_file_ref idref="fl-12"/>
      </object_component>
      <object_component id="oc-23e">
         <name>.data</name>
         <load_address>0x200055f8</load_address>
         <run_address>0x200055f8</run_address>
         <size>0x8</size>
         <input_file_ref idref="fl-3"/>
      </object_component>
      <object_component id="oc-16e">
         <name>.data</name>
         <load_address>0x200055a4</load_address>
         <run_address>0x200055a4</run_address>
         <size>0x10</size>
         <input_file_ref idref="fl-5"/>
      </object_component>
      <object_component id="oc-1d4">
         <name>.data:TimerReceivePeriods</name>
         <load_address>0x20005600</load_address>
         <run_address>0x20005600</run_address>
         <size>0x6</size>
         <input_file_ref idref="fl-5"/>
      </object_component>
      <object_component id="oc-8d">
         <name>.data</name>
         <load_address>0x200055d0</load_address>
         <run_address>0x200055d0</run_address>
         <size>0xc</size>
         <input_file_ref idref="fl-6"/>
      </object_component>
      <object_component id="oc-80">
         <name>.data</name>
         <load_address>0x20005570</load_address>
         <run_address>0x20005570</run_address>
         <size>0x34</size>
         <input_file_ref idref="fl-9"/>
      </object_component>
      <object_component id="oc-256">
         <name>.data</name>
         <load_address>0x200055dc</load_address>
         <run_address>0x200055dc</run_address>
         <size>0xa</size>
         <input_file_ref idref="fl-a"/>
      </object_component>
      <object_component id="oc-2f3">
         <name>.data:_ftable</name>
         <load_address>0x200053b8</load_address>
         <run_address>0x200053b8</run_address>
         <size>0xf0</size>
         <input_file_ref idref="fl-d1"/>
      </object_component>
      <object_component id="oc-38c">
         <name>.data</name>
         <load_address>0x200055b4</load_address>
         <run_address>0x200055b4</run_address>
         <size>0x10</size>
         <input_file_ref idref="fl-d1"/>
      </object_component>
      <object_component id="oc-2fb">
         <name>.data:$O1$$</name>
         <load_address>0x200055c4</load_address>
         <run_address>0x200055c4</run_address>
         <size>0xc</size>
         <input_file_ref idref="fl-da"/>
      </object_component>
      <object_component id="oc-2fe">
         <name>.data:$O1$$</name>
         <load_address>0x200055e8</load_address>
         <run_address>0x200055e8</run_address>
         <size>0x8</size>
         <input_file_ref idref="fl-db"/>
      </object_component>
      <object_component id="oc-47c">
         <name>.data:$O1$$</name>
         <load_address>0x200055f0</load_address>
         <run_address>0x200055f0</run_address>
         <size>0x8</size>
         <input_file_ref idref="fl-de"/>
      </object_component>
      <object_component id="oc-419">
         <name>.data:_device</name>
         <load_address>0x200054a8</load_address>
         <run_address>0x200054a8</run_address>
         <size>0x78</size>
         <input_file_ref idref="fl-e1"/>
      </object_component>
      <object_component id="oc-3d6">
         <name>.data:_stream</name>
         <load_address>0x20005520</load_address>
         <run_address>0x20005520</run_address>
         <size>0x50</size>
         <input_file_ref idref="fl-e1"/>
      </object_component>
      <object_component id="oc-247">
         <name>.bss:ucHeap</name>
         <uninitialized>true</uninitialized>
         <run_address>0x2000026c</run_address>
         <size>0x4e20</size>
         <input_file_ref idref="fl-3"/>
      </object_component>
      <object_component id="oc-241">
         <name>.bss:xStart</name>
         <uninitialized>true</uninitialized>
         <run_address>0x200053a4</run_address>
         <size>0x8</size>
         <input_file_ref idref="fl-3"/>
      </object_component>
      <object_component id="oc-244">
         <name>.bss:xEnd</name>
         <uninitialized>true</uninitialized>
         <run_address>0x2000539c</run_address>
         <size>0x8</size>
         <input_file_ref idref="fl-3"/>
      </object_component>
      <object_component id="oc-171">
         <name>.bss</name>
         <uninitialized>true</uninitialized>
         <run_address>0x200053b4</run_address>
         <size>0x1</size>
         <input_file_ref idref="fl-5"/>
      </object_component>
      <object_component id="oc-fd">
         <name>.bss:pxReadyTasksLists</name>
         <uninitialized>true</uninitialized>
         <run_address>0x2000524c</run_address>
         <size>0x64</size>
         <input_file_ref idref="fl-9"/>
      </object_component>
      <object_component id="oc-115">
         <name>.bss:xDelayedTaskList1</name>
         <uninitialized>true</uninitialized>
         <run_address>0x20005328</run_address>
         <size>0x14</size>
         <input_file_ref idref="fl-9"/>
      </object_component>
      <object_component id="oc-118">
         <name>.bss:xDelayedTaskList2</name>
         <uninitialized>true</uninitialized>
         <run_address>0x2000533c</run_address>
         <size>0x14</size>
         <input_file_ref idref="fl-9"/>
      </object_component>
      <object_component id="oc-103">
         <name>.bss</name>
         <uninitialized>true</uninitialized>
         <run_address>0x2000538c</run_address>
         <size>0x8</size>
         <input_file_ref idref="fl-9"/>
      </object_component>
      <object_component id="oc-10f">
         <name>.bss:xPendingReadyList</name>
         <uninitialized>true</uninitialized>
         <run_address>0x20005350</run_address>
         <size>0x14</size>
         <input_file_ref idref="fl-9"/>
      </object_component>
      <object_component id="oc-100">
         <name>.bss:xTasksWaitingTermination</name>
         <uninitialized>true</uninitialized>
         <run_address>0x20005378</run_address>
         <size>0x14</size>
         <input_file_ref idref="fl-9"/>
      </object_component>
      <object_component id="oc-106">
         <name>.bss:xSuspendedTaskList</name>
         <uninitialized>true</uninitialized>
         <run_address>0x20005364</run_address>
         <size>0x14</size>
         <input_file_ref idref="fl-9"/>
      </object_component>
      <object_component id="oc-25c">
         <name>.bss:xActiveTimerList1</name>
         <uninitialized>true</uninitialized>
         <run_address>0x20005300</run_address>
         <size>0x14</size>
         <input_file_ref idref="fl-a"/>
      </object_component>
      <object_component id="oc-25f">
         <name>.bss:xActiveTimerList2</name>
         <uninitialized>true</uninitialized>
         <run_address>0x20005314</run_address>
         <size>0x14</size>
         <input_file_ref idref="fl-a"/>
      </object_component>
      <object_component id="oc-259">
         <name>.bss</name>
         <uninitialized>true</uninitialized>
         <run_address>0x20005394</run_address>
         <size>0x8</size>
         <input_file_ref idref="fl-a"/>
      </object_component>
      <object_component id="oc-4c8">
         <name>.bss:_CIOBUF_</name>
         <uninitialized>true</uninitialized>
         <run_address>0x2000508c</run_address>
         <size>0x120</size>
         <input_file_ref idref="fl-eb"/>
      </object_component>
      <object_component id="oc-289">
         <name>.common:xQueueRegistry</name>
         <uninitialized>true</uninitialized>
         <run_address>0x200052b0</run_address>
         <size>0x50</size>
      </object_component>
      <object_component id="oc-494">
         <name>.common:__TI_tmpnams</name>
         <uninitialized>true</uninitialized>
         <run_address>0x200051ac</run_address>
         <size>0xa0</size>
      </object_component>
      <object_component id="oc-4a3">
         <name>.common:parmbuf</name>
         <uninitialized>true</uninitialized>
         <run_address>0x200053ac</run_address>
         <size>0x8</size>
      </object_component>
      <object_component id="oc-27">
         <name>.sysmem</name>
         <uninitialized>true</uninitialized>
         <run_address>0x20005808</run_address>
         <size>0x10</size>
         <input_file_ref idref="fl-de"/>
      </object_component>
      <object_component id="oc-54b">
         <name>.sysmem</name>
         <uninitialized>true</uninitialized>
         <run_address>0x20005808</run_address>
         <size>0x0</size>
      </object_component>
      <object_component id="oc-24">
         <name>.stack</name>
         <uninitialized>true</uninitialized>
         <run_address>0x20005608</run_address>
         <size>0x4</size>
         <input_file_ref idref="fl-d2"/>
      </object_component>
      <object_component id="oc-54a">
         <name>.stack</name>
         <uninitialized>true</uninitialized>
         <run_address>0x20005608</run_address>
         <size>0x0</size>
      </object_component>
      <object_component id="oc-134">
         <name>.debug_info</name>
         <load_address>0x0</load_address>
         <run_address>0x0</run_address>
         <size>0x69f</size>
         <input_file_ref idref="fl-2"/>
      </object_component>
      <object_component id="oc-125">
         <name>.debug_info</name>
         <load_address>0x69f</load_address>
         <run_address>0x69f</run_address>
         <size>0x315</size>
         <input_file_ref idref="fl-2"/>
      </object_component>
      <object_component id="oc-22a">
         <name>.debug_info</name>
         <load_address>0x9b4</load_address>
         <run_address>0x9b4</run_address>
         <size>0x110</size>
         <input_file_ref idref="fl-2"/>
      </object_component>
      <object_component id="oc-a3">
         <name>.debug_info</name>
         <load_address>0xac4</load_address>
         <run_address>0xac4</run_address>
         <size>0x26b</size>
         <input_file_ref idref="fl-2"/>
      </object_component>
      <object_component id="oc-239">
         <name>.debug_info</name>
         <load_address>0xd2f</load_address>
         <run_address>0xd2f</run_address>
         <size>0x48b</size>
         <input_file_ref idref="fl-2"/>
      </object_component>
      <object_component id="oc-278">
         <name>.debug_info</name>
         <load_address>0x11ba</load_address>
         <run_address>0x11ba</run_address>
         <size>0x76</size>
         <input_file_ref idref="fl-2"/>
      </object_component>
      <object_component id="oc-27d">
         <name>.debug_info</name>
         <load_address>0x1230</load_address>
         <run_address>0x1230</run_address>
         <size>0x39</size>
         <input_file_ref idref="fl-2"/>
      </object_component>
      <object_component id="oc-44">
         <name>.debug_info</name>
         <load_address>0x1269</load_address>
         <run_address>0x1269</run_address>
         <size>0x84</size>
         <input_file_ref idref="fl-2"/>
      </object_component>
      <object_component id="oc-92">
         <name>.debug_info</name>
         <load_address>0x12ed</load_address>
         <run_address>0x12ed</run_address>
         <size>0x2c</size>
         <input_file_ref idref="fl-2"/>
      </object_component>
      <object_component id="oc-1e0">
         <name>.debug_info</name>
         <load_address>0x1319</load_address>
         <run_address>0x1319</run_address>
         <size>0x4f</size>
         <input_file_ref idref="fl-2"/>
      </object_component>
      <object_component id="oc-135">
         <name>.debug_info</name>
         <load_address>0x1368</load_address>
         <run_address>0x1368</run_address>
         <size>0x2a4</size>
         <input_file_ref idref="fl-2"/>
      </object_component>
      <object_component id="oc-9c">
         <name>.debug_info</name>
         <load_address>0x160c</load_address>
         <run_address>0x160c</run_address>
         <size>0xbb</size>
         <input_file_ref idref="fl-2"/>
      </object_component>
      <object_component id="oc-97">
         <name>.debug_info</name>
         <load_address>0x16c7</load_address>
         <run_address>0x16c7</run_address>
         <size>0x53</size>
         <input_file_ref idref="fl-2"/>
      </object_component>
      <object_component id="oc-12a">
         <name>.debug_info</name>
         <load_address>0x171a</load_address>
         <run_address>0x171a</run_address>
         <size>0x14c</size>
         <input_file_ref idref="fl-2"/>
      </object_component>
      <object_component id="oc-24b">
         <name>.debug_info</name>
         <load_address>0x1866</load_address>
         <run_address>0x1866</run_address>
         <size>0x404</size>
         <input_file_ref idref="fl-3"/>
      </object_component>
      <object_component id="oc-248">
         <name>.debug_info</name>
         <load_address>0x1c6a</load_address>
         <run_address>0x1c6a</run_address>
         <size>0xc8</size>
         <input_file_ref idref="fl-3"/>
      </object_component>
      <object_component id="oc-242">
         <name>.debug_info</name>
         <load_address>0x1d32</load_address>
         <run_address>0x1d32</run_address>
         <size>0xc8</size>
         <input_file_ref idref="fl-3"/>
      </object_component>
      <object_component id="oc-245">
         <name>.debug_info</name>
         <load_address>0x1dfa</load_address>
         <run_address>0x1dfa</run_address>
         <size>0xc4</size>
         <input_file_ref idref="fl-3"/>
      </object_component>
      <object_component id="oc-23f">
         <name>.debug_info</name>
         <load_address>0x1ebe</load_address>
         <run_address>0x1ebe</run_address>
         <size>0xe2</size>
         <input_file_ref idref="fl-3"/>
      </object_component>
      <object_component id="oc-f4">
         <name>.debug_info</name>
         <load_address>0x1fa0</load_address>
         <run_address>0x1fa0</run_address>
         <size>0x543</size>
         <input_file_ref idref="fl-3"/>
      </object_component>
      <object_component id="oc-31e">
         <name>.debug_info</name>
         <load_address>0x24e3</load_address>
         <run_address>0x24e3</run_address>
         <size>0x62</size>
         <input_file_ref idref="fl-3"/>
      </object_component>
      <object_component id="oc-24d">
         <name>.debug_info</name>
         <load_address>0x2545</load_address>
         <run_address>0x2545</run_address>
         <size>0x370</size>
         <input_file_ref idref="fl-4"/>
      </object_component>
      <object_component id="oc-f9">
         <name>.debug_info</name>
         <load_address>0x28b5</load_address>
         <run_address>0x28b5</run_address>
         <size>0x440</size>
         <input_file_ref idref="fl-4"/>
      </object_component>
      <object_component id="oc-1de">
         <name>.debug_info</name>
         <load_address>0x2cf5</load_address>
         <run_address>0x2cf5</run_address>
         <size>0xb66</size>
         <input_file_ref idref="fl-5"/>
      </object_component>
      <object_component id="oc-172">
         <name>.debug_info</name>
         <load_address>0x385b</load_address>
         <run_address>0x385b</run_address>
         <size>0xd0</size>
         <input_file_ref idref="fl-5"/>
      </object_component>
      <object_component id="oc-16f">
         <name>.debug_info</name>
         <load_address>0x392b</load_address>
         <run_address>0x392b</run_address>
         <size>0x164</size>
         <input_file_ref idref="fl-5"/>
      </object_component>
      <object_component id="oc-1d5">
         <name>.debug_info</name>
         <load_address>0x3a8f</load_address>
         <run_address>0x3a8f</run_address>
         <size>0xe1</size>
         <input_file_ref idref="fl-5"/>
      </object_component>
      <object_component id="oc-cb">
         <name>.debug_info</name>
         <load_address>0x3b70</load_address>
         <run_address>0x3b70</run_address>
         <size>0xbd9</size>
         <input_file_ref idref="fl-5"/>
      </object_component>
      <object_component id="oc-12f">
         <name>.debug_info</name>
         <load_address>0x4749</load_address>
         <run_address>0x4749</run_address>
         <size>0x48b</size>
         <input_file_ref idref="fl-5"/>
      </object_component>
      <object_component id="oc-299">
         <name>.debug_info</name>
         <load_address>0x4bd4</load_address>
         <run_address>0x4bd4</run_address>
         <size>0x4f</size>
         <input_file_ref idref="fl-5"/>
      </object_component>
      <object_component id="oc-29e">
         <name>.debug_info</name>
         <load_address>0x4c23</load_address>
         <run_address>0x4c23</run_address>
         <size>0x2c</size>
         <input_file_ref idref="fl-5"/>
      </object_component>
      <object_component id="oc-1e5">
         <name>.debug_info</name>
         <load_address>0x4c4f</load_address>
         <run_address>0x4c4f</run_address>
         <size>0x8b</size>
         <input_file_ref idref="fl-5"/>
      </object_component>
      <object_component id="oc-120">
         <name>.debug_info</name>
         <load_address>0x4cda</load_address>
         <run_address>0x4cda</run_address>
         <size>0x53</size>
         <input_file_ref idref="fl-5"/>
      </object_component>
      <object_component id="oc-91">
         <name>.debug_info</name>
         <load_address>0x4d2d</load_address>
         <run_address>0x4d2d</run_address>
         <size>0x441</size>
         <input_file_ref idref="fl-6"/>
      </object_component>
      <object_component id="oc-84">
         <name>.debug_info</name>
         <load_address>0x516e</load_address>
         <run_address>0x516e</run_address>
         <size>0x13d</size>
         <input_file_ref idref="fl-6"/>
      </object_component>
      <object_component id="oc-8e">
         <name>.debug_info</name>
         <load_address>0x52ab</load_address>
         <run_address>0x52ab</run_address>
         <size>0x148</size>
         <input_file_ref idref="fl-6"/>
      </object_component>
      <object_component id="oc-37">
         <name>.debug_info</name>
         <load_address>0x53f3</load_address>
         <run_address>0x53f3</run_address>
         <size>0x628</size>
         <input_file_ref idref="fl-6"/>
      </object_component>
      <object_component id="oc-32">
         <name>.debug_info</name>
         <load_address>0x5a1b</load_address>
         <run_address>0x5a1b</run_address>
         <size>0x22a</size>
         <input_file_ref idref="fl-7"/>
      </object_component>
      <object_component id="oc-28a">
         <name>.debug_info</name>
         <load_address>0x5c45</load_address>
         <run_address>0x5c45</run_address>
         <size>0x8e4</size>
         <input_file_ref idref="fl-8"/>
      </object_component>
      <object_component id="oc-152">
         <name>.debug_info</name>
         <load_address>0x6529</load_address>
         <run_address>0x6529</run_address>
         <size>0x3b48</size>
         <input_file_ref idref="fl-8"/>
      </object_component>
      <object_component id="oc-343">
         <name>.debug_info</name>
         <load_address>0xa071</load_address>
         <run_address>0xa071</run_address>
         <size>0x253</size>
         <input_file_ref idref="fl-8"/>
      </object_component>
      <object_component id="oc-28d">
         <name>.debug_info</name>
         <load_address>0xa2c4</load_address>
         <run_address>0xa2c4</run_address>
         <size>0x46</size>
         <input_file_ref idref="fl-8"/>
      </object_component>
      <object_component id="oc-22f">
         <name>.debug_info</name>
         <load_address>0xa30a</load_address>
         <run_address>0xa30a</run_address>
         <size>0x35</size>
         <input_file_ref idref="fl-8"/>
      </object_component>
      <object_component id="oc-e9">
         <name>.debug_info</name>
         <load_address>0xa33f</load_address>
         <run_address>0xa33f</run_address>
         <size>0x7e8</size>
         <input_file_ref idref="fl-9"/>
      </object_component>
      <object_component id="oc-81">
         <name>.debug_info</name>
         <load_address>0xab27</load_address>
         <run_address>0xab27</run_address>
         <size>0x335</size>
         <input_file_ref idref="fl-9"/>
      </object_component>
      <object_component id="oc-fe">
         <name>.debug_info</name>
         <load_address>0xae5c</load_address>
         <run_address>0xae5c</run_address>
         <size>0xde</size>
         <input_file_ref idref="fl-9"/>
      </object_component>
      <object_component id="oc-116">
         <name>.debug_info</name>
         <load_address>0xaf3a</load_address>
         <run_address>0xaf3a</run_address>
         <size>0xde</size>
         <input_file_ref idref="fl-9"/>
      </object_component>
      <object_component id="oc-119">
         <name>.debug_info</name>
         <load_address>0xb018</load_address>
         <run_address>0xb018</run_address>
         <size>0xde</size>
         <input_file_ref idref="fl-9"/>
      </object_component>
      <object_component id="oc-104">
         <name>.debug_info</name>
         <load_address>0xb0f6</load_address>
         <run_address>0xb0f6</run_address>
         <size>0x121</size>
         <input_file_ref idref="fl-9"/>
      </object_component>
      <object_component id="oc-110">
         <name>.debug_info</name>
         <load_address>0xb217</load_address>
         <run_address>0xb217</run_address>
         <size>0xde</size>
         <input_file_ref idref="fl-9"/>
      </object_component>
      <object_component id="oc-101">
         <name>.debug_info</name>
         <load_address>0xb2f5</load_address>
         <run_address>0xb2f5</run_address>
         <size>0xec</size>
         <input_file_ref idref="fl-9"/>
      </object_component>
      <object_component id="oc-107">
         <name>.debug_info</name>
         <load_address>0xb3e1</load_address>
         <run_address>0xb3e1</run_address>
         <size>0xe0</size>
         <input_file_ref idref="fl-9"/>
      </object_component>
      <object_component id="oc-113">
         <name>.debug_info</name>
         <load_address>0xb4c1</load_address>
         <run_address>0xb4c1</run_address>
         <size>0xdf</size>
         <input_file_ref idref="fl-9"/>
      </object_component>
      <object_component id="oc-89">
         <name>.debug_info</name>
         <load_address>0xb5a0</load_address>
         <run_address>0xb5a0</run_address>
         <size>0x55b9</size>
         <input_file_ref idref="fl-9"/>
      </object_component>
      <object_component id="oc-ea">
         <name>.debug_info</name>
         <load_address>0x10b59</load_address>
         <run_address>0x10b59</run_address>
         <size>0x30c</size>
         <input_file_ref idref="fl-9"/>
      </object_component>
      <object_component id="oc-234">
         <name>.debug_info</name>
         <load_address>0x10e65</load_address>
         <run_address>0x10e65</run_address>
         <size>0x15a</size>
         <input_file_ref idref="fl-9"/>
      </object_component>
      <object_component id="oc-268">
         <name>.debug_info</name>
         <load_address>0x10fbf</load_address>
         <run_address>0x10fbf</run_address>
         <size>0x85f</size>
         <input_file_ref idref="fl-a"/>
      </object_component>
      <object_component id="oc-25d">
         <name>.debug_info</name>
         <load_address>0x1181e</load_address>
         <run_address>0x1181e</run_address>
         <size>0xde</size>
         <input_file_ref idref="fl-a"/>
      </object_component>
      <object_component id="oc-260">
         <name>.debug_info</name>
         <load_address>0x118fc</load_address>
         <run_address>0x118fc</run_address>
         <size>0xde</size>
         <input_file_ref idref="fl-a"/>
      </object_component>
      <object_component id="oc-25a">
         <name>.debug_info</name>
         <load_address>0x119da</load_address>
         <run_address>0x119da</run_address>
         <size>0x116</size>
         <input_file_ref idref="fl-a"/>
      </object_component>
      <object_component id="oc-257">
         <name>.debug_info</name>
         <load_address>0x11af0</load_address>
         <run_address>0x11af0</run_address>
         <size>0x102</size>
         <input_file_ref idref="fl-a"/>
      </object_component>
      <object_component id="oc-10b">
         <name>.debug_info</name>
         <load_address>0x11bf2</load_address>
         <run_address>0x11bf2</run_address>
         <size>0x213f</size>
         <input_file_ref idref="fl-a"/>
      </object_component>
      <object_component id="oc-269">
         <name>.debug_info</name>
         <load_address>0x13d31</load_address>
         <run_address>0x13d31</run_address>
         <size>0x1e2</size>
         <input_file_ref idref="fl-a"/>
      </object_component>
      <object_component id="oc-263">
         <name>.debug_info</name>
         <load_address>0x13f13</load_address>
         <run_address>0x13f13</run_address>
         <size>0x46</size>
         <input_file_ref idref="fl-a"/>
      </object_component>
      <object_component id="oc-3d">
         <name>.debug_info</name>
         <load_address>0x13f59</load_address>
         <run_address>0x13f59</run_address>
         <size>0x328</size>
         <input_file_ref idref="fl-b"/>
      </object_component>
      <object_component id="oc-13">
         <name>.debug_info</name>
         <load_address>0x14281</load_address>
         <run_address>0x14281</run_address>
         <size>0xe7</size>
         <input_file_ref idref="fl-b"/>
      </object_component>
      <object_component id="oc-2d">
         <name>.debug_info</name>
         <load_address>0x14368</load_address>
         <run_address>0x14368</run_address>
         <size>0x4cb</size>
         <input_file_ref idref="fl-b"/>
      </object_component>
      <object_component id="oc-295">
         <name>.debug_info</name>
         <load_address>0x14833</load_address>
         <run_address>0x14833</run_address>
         <size>0x3e4</size>
         <input_file_ref idref="fl-11"/>
      </object_component>
      <object_component id="oc-2c4">
         <name>.debug_info</name>
         <load_address>0x14c17</load_address>
         <run_address>0x14c17</run_address>
         <size>0x164</size>
         <input_file_ref idref="fl-11"/>
      </object_component>
      <object_component id="oc-183">
         <name>.debug_info</name>
         <load_address>0x14d7b</load_address>
         <run_address>0x14d7b</run_address>
         <size>0x284</size>
         <input_file_ref idref="fl-11"/>
      </object_component>
      <object_component id="oc-16b">
         <name>.debug_info</name>
         <load_address>0x14fff</load_address>
         <run_address>0x14fff</run_address>
         <size>0x2ac</size>
         <input_file_ref idref="fl-11"/>
      </object_component>
      <object_component id="oc-2ac">
         <name>.debug_info</name>
         <load_address>0x152ab</load_address>
         <run_address>0x152ab</run_address>
         <size>0x2bc</size>
         <input_file_ref idref="fl-11"/>
      </object_component>
      <object_component id="oc-195">
         <name>.debug_info</name>
         <load_address>0x15567</load_address>
         <run_address>0x15567</run_address>
         <size>0x31f</size>
         <input_file_ref idref="fl-11"/>
      </object_component>
      <object_component id="oc-1ae">
         <name>.debug_info</name>
         <load_address>0x15886</load_address>
         <run_address>0x15886</run_address>
         <size>0x29b</size>
         <input_file_ref idref="fl-11"/>
      </object_component>
      <object_component id="oc-18a">
         <name>.debug_info</name>
         <load_address>0x15b21</load_address>
         <run_address>0x15b21</run_address>
         <size>0x2c0</size>
         <input_file_ref idref="fl-11"/>
      </object_component>
      <object_component id="oc-190">
         <name>.debug_info</name>
         <load_address>0x15de1</load_address>
         <run_address>0x15de1</run_address>
         <size>0x2a5</size>
         <input_file_ref idref="fl-11"/>
      </object_component>
      <object_component id="oc-166">
         <name>.debug_info</name>
         <load_address>0x16086</load_address>
         <run_address>0x16086</run_address>
         <size>0x284</size>
         <input_file_ref idref="fl-11"/>
      </object_component>
      <object_component id="oc-1a8">
         <name>.debug_info</name>
         <load_address>0x1630a</load_address>
         <run_address>0x1630a</run_address>
         <size>0x289</size>
         <input_file_ref idref="fl-11"/>
      </object_component>
      <object_component id="oc-33c">
         <name>.debug_info</name>
         <load_address>0x16593</load_address>
         <run_address>0x16593</run_address>
         <size>0x26b</size>
         <input_file_ref idref="fl-11"/>
      </object_component>
      <object_component id="oc-335">
         <name>.debug_info</name>
         <load_address>0x167fe</load_address>
         <run_address>0x167fe</run_address>
         <size>0x297</size>
         <input_file_ref idref="fl-11"/>
      </object_component>
      <object_component id="oc-350">
         <name>.debug_info</name>
         <load_address>0x16a95</load_address>
         <run_address>0x16a95</run_address>
         <size>0xef</size>
         <input_file_ref idref="fl-11"/>
      </object_component>
      <object_component id="oc-283">
         <name>.debug_info</name>
         <load_address>0x16b84</load_address>
         <run_address>0x16b84</run_address>
         <size>0xbb</size>
         <input_file_ref idref="fl-11"/>
      </object_component>
      <object_component id="oc-2db">
         <name>.debug_info</name>
         <load_address>0x16c3f</load_address>
         <run_address>0x16c3f</run_address>
         <size>0x3b7</size>
         <input_file_ref idref="fl-12"/>
      </object_component>
      <object_component id="oc-2d8">
         <name>.debug_info</name>
         <load_address>0x16ff6</load_address>
         <run_address>0x16ff6</run_address>
         <size>0x15b</size>
         <input_file_ref idref="fl-12"/>
      </object_component>
      <object_component id="oc-364">
         <name>.debug_info</name>
         <load_address>0x17151</load_address>
         <run_address>0x17151</run_address>
         <size>0x160</size>
         <input_file_ref idref="fl-12"/>
      </object_component>
      <object_component id="oc-2d2">
         <name>.debug_info</name>
         <load_address>0x172b1</load_address>
         <run_address>0x172b1</run_address>
         <size>0x2ca</size>
         <input_file_ref idref="fl-12"/>
      </object_component>
      <object_component id="oc-1ca">
         <name>.debug_info</name>
         <load_address>0x1757b</load_address>
         <run_address>0x1757b</run_address>
         <size>0x247</size>
         <input_file_ref idref="fl-12"/>
      </object_component>
      <object_component id="oc-1c4">
         <name>.debug_info</name>
         <load_address>0x177c2</load_address>
         <run_address>0x177c2</run_address>
         <size>0x271</size>
         <input_file_ref idref="fl-12"/>
      </object_component>
      <object_component id="oc-2a6">
         <name>.debug_info</name>
         <load_address>0x17a33</load_address>
         <run_address>0x17a33</run_address>
         <size>0x441</size>
         <input_file_ref idref="fl-13"/>
      </object_component>
      <object_component id="oc-2b3">
         <name>.debug_info</name>
         <load_address>0x17e74</load_address>
         <run_address>0x17e74</run_address>
         <size>0x156</size>
         <input_file_ref idref="fl-13"/>
      </object_component>
      <object_component id="oc-17c">
         <name>.debug_info</name>
         <load_address>0x17fca</load_address>
         <run_address>0x17fca</run_address>
         <size>0x288</size>
         <input_file_ref idref="fl-13"/>
      </object_component>
      <object_component id="oc-176">
         <name>.debug_info</name>
         <load_address>0x18252</load_address>
         <run_address>0x18252</run_address>
         <size>0x286</size>
         <input_file_ref idref="fl-13"/>
      </object_component>
      <object_component id="oc-1cf">
         <name>.debug_info</name>
         <load_address>0x184d8</load_address>
         <run_address>0x184d8</run_address>
         <size>0x2e4</size>
         <input_file_ref idref="fl-13"/>
      </object_component>
      <object_component id="oc-199">
         <name>.debug_info</name>
         <load_address>0x187bc</load_address>
         <run_address>0x187bc</run_address>
         <size>0x2be</size>
         <input_file_ref idref="fl-13"/>
      </object_component>
      <object_component id="oc-34c">
         <name>.debug_info</name>
         <load_address>0x18a7a</load_address>
         <run_address>0x18a7a</run_address>
         <size>0x51</size>
         <input_file_ref idref="fl-13"/>
      </object_component>
      <object_component id="oc-288">
         <name>.debug_info</name>
         <load_address>0x18acb</load_address>
         <run_address>0x18acb</run_address>
         <size>0x3cb</size>
         <input_file_ref idref="fl-14"/>
      </object_component>
      <object_component id="oc-35d">
         <name>.debug_info</name>
         <load_address>0x18e96</load_address>
         <run_address>0x18e96</run_address>
         <size>0x160</size>
         <input_file_ref idref="fl-14"/>
      </object_component>
      <object_component id="oc-360">
         <name>.debug_info</name>
         <load_address>0x18ff6</load_address>
         <run_address>0x18ff6</run_address>
         <size>0x172</size>
         <input_file_ref idref="fl-14"/>
      </object_component>
      <object_component id="oc-2cb">
         <name>.debug_info</name>
         <load_address>0x19168</load_address>
         <run_address>0x19168</run_address>
         <size>0x287</size>
         <input_file_ref idref="fl-14"/>
      </object_component>
      <object_component id="oc-1b8">
         <name>.debug_info</name>
         <load_address>0x193ef</load_address>
         <run_address>0x193ef</run_address>
         <size>0x2cc</size>
         <input_file_ref idref="fl-14"/>
      </object_component>
      <object_component id="oc-1be">
         <name>.debug_info</name>
         <load_address>0x196bb</load_address>
         <run_address>0x196bb</run_address>
         <size>0x298</size>
         <input_file_ref idref="fl-14"/>
      </object_component>
      <object_component id="oc-15e">
         <name>.debug_info</name>
         <load_address>0x19953</load_address>
         <run_address>0x19953</run_address>
         <size>0x296</size>
         <input_file_ref idref="fl-14"/>
      </object_component>
      <object_component id="oc-1b2">
         <name>.debug_info</name>
         <load_address>0x19be9</load_address>
         <run_address>0x19be9</run_address>
         <size>0x258</size>
         <input_file_ref idref="fl-14"/>
      </object_component>
      <object_component id="oc-2be">
         <name>.debug_info</name>
         <load_address>0x19e41</load_address>
         <run_address>0x19e41</run_address>
         <size>0x250</size>
         <input_file_ref idref="fl-14"/>
      </object_component>
      <object_component id="oc-2b8">
         <name>.debug_info</name>
         <load_address>0x1a091</load_address>
         <run_address>0x1a091</run_address>
         <size>0x252</size>
         <input_file_ref idref="fl-14"/>
      </object_component>
      <object_component id="oc-19f">
         <name>.debug_info</name>
         <load_address>0x1a2e3</load_address>
         <run_address>0x1a2e3</run_address>
         <size>0x32f</size>
         <input_file_ref idref="fl-14"/>
      </object_component>
      <object_component id="oc-14b">
         <name>.debug_info</name>
         <load_address>0x1a612</load_address>
         <run_address>0x1a612</run_address>
         <size>0x27c</size>
         <input_file_ref idref="fl-14"/>
      </object_component>
      <object_component id="oc-157">
         <name>.debug_info</name>
         <load_address>0x1a88e</load_address>
         <run_address>0x1a88e</run_address>
         <size>0x256</size>
         <input_file_ref idref="fl-14"/>
      </object_component>
      <object_component id="oc-2dd">
         <name>.debug_info</name>
         <load_address>0x1aae4</load_address>
         <run_address>0x1aae4</run_address>
         <size>0x21b</size>
         <input_file_ref idref="fl-15"/>
      </object_component>
      <object_component id="oc-4c">
         <name>.debug_info</name>
         <load_address>0x1acff</load_address>
         <run_address>0x1acff</run_address>
         <size>0x119</size>
         <input_file_ref idref="fl-cb"/>
      </object_component>
      <object_component id="oc-c0">
         <name>.debug_info</name>
         <load_address>0x1ae18</load_address>
         <run_address>0x1ae18</run_address>
         <size>0x147</size>
         <input_file_ref idref="fl-cc"/>
      </object_component>
      <object_component id="oc-bc">
         <name>.debug_info</name>
         <load_address>0x1af5f</load_address>
         <run_address>0x1af5f</run_address>
         <size>0x2d4</size>
         <input_file_ref idref="fl-cd"/>
      </object_component>
      <object_component id="oc-5c">
         <name>.debug_info</name>
         <load_address>0x1b233</load_address>
         <run_address>0x1b233</run_address>
         <size>0x1b5</size>
         <input_file_ref idref="fl-cd"/>
      </object_component>
      <object_component id="oc-b7">
         <name>.debug_info</name>
         <load_address>0x1b3e8</load_address>
         <run_address>0x1b3e8</run_address>
         <size>0x46</size>
         <input_file_ref idref="fl-cd"/>
      </object_component>
      <object_component id="oc-141">
         <name>.debug_info</name>
         <load_address>0x1b42e</load_address>
         <run_address>0x1b42e</run_address>
         <size>0x2c</size>
         <input_file_ref idref="fl-cd"/>
      </object_component>
      <object_component id="oc-54">
         <name>.debug_info</name>
         <load_address>0x1b45a</load_address>
         <run_address>0x1b45a</run_address>
[...]
      </symbol>
      <symbol id="sm-61b">
         <name>xTimerGetExpiryTime</name>
         <value>0x4089</value>
         <object_component_ref idref="oc-109"/>
      </symbol>
      <symbol id="sm-61c">
         <name>uxTimerGetTimerNumber</name>
         <value>0x45d5</value>
         <object_component_ref idref="oc-109"/>
      </symbol>
      <symbol id="sm-61d">
         <name>xTimerIsTimerActive</name>
         <value>0x4505</value>
         <object_component_ref idref="oc-109"/>
      </symbol>
      <symbol id="sm-61e">
         <name>xTimerGetPeriod</name>
         <value>0x4019</value>
         <object_component_ref idref="oc-109"/>
      </symbol>
      <symbol id="sm-61f">
         <name>xTimerCreate</name>
         <value>0x3f13</value>
         <object_component_ref idref="oc-109"/>
      </symbol>
      <symbol id="sm-620">
         <name>vTimerSetReloadMode</name>
         <value>0x402b</value>
         <object_component_ref idref="oc-109"/>
      </symbol>
      <symbol id="sm-621">
         <name>xTimerGenericCommand</name>
         <value>0x3f9f</value>
         <object_component_ref idref="oc-109"/>
      </symbol>
      <symbol id="sm-622">
         <name>uxTimerGetReloadMode</name>
         <value>0x4061</value>
         <object_component_ref idref="oc-109"/>
      </symbol>
      <symbol id="sm-623">
         <name>pvTimerGetTimerID</name>
         <value>0x4531</value>
         <object_component_ref idref="oc-109"/>
      </symbol>
      <symbol id="sm-624">
         <name>xTimerPendFunctionCallFromISR</name>
         <value>0x4565</value>
         <object_component_ref idref="oc-109"/>
      </symbol>
      <symbol id="sm-625">
         <name>xTimerPendFunctionCall</name>
         <value>0x459b</value>
         <object_component_ref idref="oc-109"/>
      </symbol>
      <symbol id="sm-626">
         <name>vTimerSetTimerID</name>
         <value>0x454b</value>
         <object_component_ref idref="oc-109"/>
      </symbol>
      <symbol id="sm-647">
         <name>StartCritical</name>
         <value>0x5e95</value>
         <object_component_ref idref="oc-2a"/>
      </symbol>
      <symbol id="sm-648">
         <name>ResetISR</name>
         <value>0x5e81</value>
         <object_component_ref idref="oc-2a"/>
      </symbol>
      <symbol id="sm-649">
         <name>EndCritical</name>
         <value>0x5e9d</value>
         <object_component_ref idref="oc-2a"/>
      </symbol>
      <symbol id="sm-64a">
         <name>g_pfnVectors</name>
         <value>0x0</value>
         <object_component_ref idref="oc-12"/>
      </symbol>
      <symbol id="sm-64b">
         <name>DisableInterrupts</name>
         <value>0x5e8d</value>
         <object_component_ref idref="oc-2a"/>
      </symbol>
      <symbol id="sm-64c">
         <name>WaitForInterrupt</name>
         <value>0x5ea3</value>
         <object_component_ref idref="oc-2a"/>
      </symbol>
      <symbol id="sm-64d">
         <name>EnableInterrupts</name>
         <value>0x5e91</value>
         <object_component_ref idref="oc-2a"/>
      </symbol>
      <symbol id="sm-6c5">
         <name>GPIOPinConfigure</name>
         <value>0x595d</value>
         <object_component_ref idref="oc-1a4"/>
      </symbol>
      <symbol id="sm-6c6">
         <name>GPIOPinTypeGPIOInput</name>
         <value>0x5f85</value>
         <object_component_ref idref="oc-18c"/>
      </symbol>
      <symbol id="sm-6c7">
         <name>GPIOPinTypeUART</name>
         <value>0x5f9b</value>
         <object_component_ref idref="oc-1aa"/>
      </symbol>
      <symbol id="sm-6c8">
         <name>GPIOPinTypeGPIOOutput</name>
         <value>0x5f21</value>
         <object_component_ref idref="oc-186"/>
      </symbol>
      <symbol id="sm-6c9">
         <name>GPIOPinRead</name>
         <value>0x6067</value>
         <object_component_ref idref="oc-162"/>
      </symbol>
      <symbol id="sm-6ca">
         <name>GPIODirModeSet</name>
         <value>0x5db1</value>
         <object_component_ref idref="oc-2a9"/>
      </symbol>
      <symbol id="sm-6cb">
         <name>GPIOPinWrite</name>
         <value>0x606d</value>
         <object_component_ref idref="oc-168"/>
      </symbol>
      <symbol id="sm-6cc">
         <name>GPIOPadConfigSet</name>
         <value>0x49b1</value>
         <object_component_ref idref="oc-192"/>
      </symbol>
      <symbol id="sm-6cd">
         <name>GPIOUnlockPin</name>
         <value>0x5f3d</value>
         <object_component_ref idref="oc-180"/>
      </symbol>
      <symbol id="sm-707">
         <name>IntEnable</name>
         <value>0x5659</value>
         <object_component_ref idref="oc-1c2"/>
      </symbol>
      <symbol id="sm-708">
         <name>IntRegister</name>
         <value>0x5c7d</value>
         <object_component_ref idref="oc-2cf"/>
      </symbol>
      <symbol id="sm-709">
         <name>g_pfnRAMVectors</name>
         <value>0x20000000</value>
         <object_component_ref idref="oc-363"/>
      </symbol>
      <symbol id="sm-70a">
         <name>IntMasterEnable</name>
         <value>0x6003</value>
         <object_component_ref idref="oc-1c8"/>
      </symbol>
      <symbol id="sm-768">
         <name>SysCtlClockSet</name>
         <value>0x4f7d</value>
         <object_component_ref idref="oc-1ce"/>
      </symbol>
      <symbol id="sm-769">
         <name>SysCtlDelay</name>
         <value>0x6073</value>
         <object_component_ref idref="oc-2e3"/>
      </symbol>
      <symbol id="sm-76a">
         <name>SysCtlPeripheralEnable</name>
         <value>0x5cb1</value>
         <object_component_ref idref="oc-174"/>
      </symbol>
      <symbol id="sm-76b">
         <name>SysCtlClockGet</name>
         <value>0x4c51</value>
         <object_component_ref idref="oc-198"/>
      </symbol>
      <symbol id="sm-76c">
         <name>SysCtlPeripheralReady</name>
         <value>0x5bd5</value>
         <object_component_ref idref="oc-17a"/>
      </symbol>
      <symbol id="sm-7de">
         <name>UARTConfigSetExpClk</name>
         <value>0x5a3d</value>
         <object_component_ref idref="oc-19e"/>
      </symbol>
      <symbol id="sm-7df">
         <name>UARTDisable</name>
         <value>0x5ea9</value>
         <object_component_ref idref="oc-2b6"/>
      </symbol>
      <symbol id="sm-7e0">
         <name>UARTIntEnable</name>
         <value>0x6057</value>
         <object_component_ref idref="oc-1bc"/>
      </symbol>
      <symbol id="sm-7e1">
         <name>UARTCharPut</name>
         <value>0x6043</value>
         <object_component_ref idref="oc-14a"/>
      </symbol>
      <symbol id="sm-7e2">
         <name>UARTEnable</name>
         <value>0x5fc7</value>
         <object_component_ref idref="oc-2bc"/>
      </symbol>
      <symbol id="sm-7e3">
         <name>UARTFIFOEnable</name>
         <value>0x604d</value>
         <object_component_ref idref="oc-1b0"/>
      </symbol>
      <symbol id="sm-7e4">
         <name>UARTIntClear</name>
         <value>0x6079</value>
         <object_component_ref idref="oc-15c"/>
      </symbol>
      <symbol id="sm-7e5">
         <name>UARTCharGet</name>
         <value>0x6039</value>
         <object_component_ref idref="oc-156"/>
      </symbol>
      <symbol id="sm-7e6">
         <name>UARTIntRegister</name>
         <value>0x5f55</value>
         <object_component_ref idref="oc-1b6"/>
      </symbol>
      <symbol id="sm-7f0">
         <name>CPUcpsie</name>
         <value>0x6021</value>
         <object_component_ref idref="oc-2dc"/>
      </symbol>
      <symbol id="sm-80b">
         <name>memcpy</name>
         <value>0x530b</value>
         <object_component_ref idref="oc-49"/>
      </symbol>
      <symbol id="sm-80c">
         <name>__aeabi_memcpy</name>
         <value>0x530b</value>
         <object_component_ref idref="oc-49"/>
      </symbol>
      <symbol id="sm-80d">
         <name>__aeabi_memcpy8</name>
         <value>0x530b</value>
         <object_component_ref idref="oc-49"/>
      </symbol>
      <symbol id="sm-80e">
         <name>__aeabi_memcpy4</name>
         <value>0x530b</value>
         <object_component_ref idref="oc-49"/>
      </symbol>
      <symbol id="sm-81d">
         <name>__aeabi_memset</name>
         <value>0x5427</value>
         <object_component_ref idref="oc-bd"/>
      </symbol>
      <symbol id="sm-81e">
         <name>memset</name>
         <value>0x542d</value>
         <object_component_ref idref="oc-bd"/>
      </symbol>
      <symbol id="sm-81f">
         <name>__aeabi_memset8</name>
         <value>0x5427</value>
         <object_component_ref idref="oc-bd"/>
      </symbol>
      <symbol id="sm-820">
         <name>__aeabi_memset4</name>
         <value>0x5427</value>
         <object_component_ref idref="oc-bd"/>
      </symbol>
      <symbol id="sm-821">
         <name>__aeabi_memclr8</name>
         <value>0x5425</value>
         <object_component_ref idref="oc-bd"/>
      </symbol>
      <symbol id="sm-822">
         <name>__aeabi_memclr4</name>
         <value>0x5425</value>
         <object_component_ref idref="oc-bd"/>
      </symbol>
      <symbol id="sm-823">
         <name>__aeabi_memclr</name>
         <value>0x5425</value>
         <object_component_ref idref="oc-bd"/>
      </symbol>
      <symbol id="sm-83a">
         <name>__TI_zero_init</name>
         <value>0x602d</value>
         <object_component_ref idref="oc-5b"/>
      </symbol>
      <symbol id="sm-851">
         <name>__TI_decompress_none</name>
         <value>0x6013</value>
         <object_component_ref idref="oc-1b"/>
      </symbol>
      <symbol id="sm-874">
         <name>__TI_decompress_lzss</name>
         <value>0x56c1</value>
         <object_component_ref idref="oc-15"/>
      </symbol>
      <symbol id="sm-888">
         <name>_abort_msg</name>
         <value>0x5ee9</value>
         <object_component_ref idref="oc-1d7"/>
      </symbol>
      <symbol id="sm-89d">
         <name>__TI_tmpnams</name>
         <value>0x200051ac</value>
      </symbol>
      <symbol id="sm-89e">
         <name>__aeabi_stdout</name>
         <value>0x200055bc</value>
         <object_component_ref idref="oc-38c"/>
      </symbol>
      <symbol id="sm-89f">
         <name>__aeabi_stderr</name>
         <value>0x200055c0</value>
         <object_component_ref idref="oc-38c"/>
      </symbol>
      <symbol id="sm-8a0">
         <name>__aeabi_stdin</name>
         <value>0x200055b8</value>
         <object_component_ref idref="oc-38c"/>
      </symbol>
      <symbol id="sm-8a1">
         <name>_ftable</name>
         <value>0x200053b8</value>
         <object_component_ref idref="oc-2f3"/>
      </symbol>
      <symbol id="sm-8a2">
         <name>__TI_ft_end</name>
         <value>0x200055b4</value>
         <object_component_ref idref="oc-38c"/>
      </symbol>
      <symbol id="sm-8b5">
         <name>__stack</name>
         <value>0x20005608</value>
         <object_component_ref idref="oc-24"/>
      </symbol>
      <symbol id="sm-8b6">
         <name>_c_int00_noargs</name>
         <value>0x5d4d</value>
         <object_component_ref idref="oc-67"/>
      </symbol>
      <symbol id="sm-8d7">
         <name>__TI_doflush</name>
         <value>0x59a9</value>
         <object_component_ref idref="oc-37e"/>
      </symbol>
      <symbol id="sm-8d8">
         <name>fflush</name>
         <value>0x53a9</value>
         <object_component_ref idref="oc-2ed"/>
      </symbol>
      <symbol id="sm-8f6">
         <name>fputs</name>
         <value>0x4d69</value>
         <object_component_ref idref="oc-2e7"/>
      </symbol>
      <symbol id="sm-90e">
         <name>__TI_wrt_ok</name>
         <value>0x578d</value>
         <object_component_ref idref="oc-36c"/>
      </symbol>
      <symbol id="sm-92a">
         <name>setvbuf</name>
         <value>0x5155</value>
         <object_component_ref idref="oc-3c9"/>
      </symbol>
      <symbol id="sm-952">
         <name>__TI_auto_init_nobinit_nopinit</name>
         <value>0x5b0d</value>
         <object_component_ref idref="oc-1f6"/>
      </symbol>
      <symbol id="sm-95c">
         <name>_system_pre_init</name>
         <value>0x607d</value>
         <object_component_ref idref="oc-c3"/>
      </symbol>
      <symbol id="sm-983">
         <name>C$$EXIT</name>
         <value>0x6081</value>
         <object_component_ref idref="oc-1ea"/>
      </symbol>
      <symbol id="sm-984">
         <name>abort</name>
         <value>0x6081</value>
         <object_component_ref idref="oc-1ea"/>
      </symbol>
      <symbol id="sm-985">
         <name>__TI_dtors_ptr</name>
         <value>0x200055c8</value>
         <object_component_ref idref="oc-2fb"/>
      </symbol>
      <symbol id="sm-986">
         <name>__TI_cleanup_ptr</name>
         <value>0x200055c4</value>
         <object_component_ref idref="oc-2fb"/>
      </symbol>
      <symbol id="sm-987">
         <name>__TI_enable_exit_profile_output</name>
         <value>0x200055cc</value>
         <object_component_ref idref="oc-2fb"/>
      </symbol>
      <symbol id="sm-988">
         <name>exit</name>
         <value>0x59f5</value>
         <object_component_ref idref="oc-1f0"/>
      </symbol>
      <symbol id="sm-99d">
         <name>_nop</name>
         <value>0x4c4f</value>
         <object_component_ref idref="oc-39e"/>
      </symbol>
      <symbol id="sm-99e">
         <name>_lock</name>
         <value>0x200055e8</value>
         <object_component_ref idref="oc-2fe"/>
      </symbol>
      <symbol id="sm-99f">
         <name>_unlock</name>
         <value>0x200055ec</value>
         <object_component_ref idref="oc-2fe"/>
      </symbol>
      <symbol id="sm-9b0">
         <name>memchr</name>
         <value>0x5ec9</value>
         <object_component_ref idref="oc-378"/>
      </symbol>
      <symbol id="sm-a39">
         <name>_sys_memory</name>
         <value>0x20005808</value>
         <object_component_ref idref="oc-27"/>
      </symbol>
      <symbol id="sm-a3a">
         <name>free</name>
         <value>0x5071</value>
         <object_component_ref idref="oc-3fa"/>
      </symbol>
      <symbol id="sm-a3b">
         <name>memalign</name>
         <value>0x4e7d</value>
         <object_component_ref idref="oc-43c"/>
      </symbol>
      <symbol id="sm-a3c">
         <name>malloc</name>
         <value>0x605f</value>
         <object_component_ref idref="oc-400"/>
      </symbol>
      <symbol id="sm-a3d">
         <name>aligned_alloc</name>
         <value>0x4e7d</value>
         <object_component_ref idref="oc-43c"/>
      </symbol>
      <symbol id="sm-a4b">
         <name>strlen</name>
         <value>0x5fef</value>
         <object_component_ref idref="oc-372"/>
      </symbol>
      <symbol id="sm-a65">
         <name>write</name>
         <value>0x5e59</value>
         <object_component_ref idref="oc-384"/>
      </symbol>
      <symbol id="sm-a76">
         <name>_stream</name>
         <value>0x20005520</value>
         <object_component_ref idref="oc-3d6"/>
      </symbol>
      <symbol id="sm-a77">
         <name>_device</name>
         <value>0x200054a8</value>
         <object_component_ref idref="oc-419"/>
      </symbol>
      <symbol id="sm-a87">
         <name>__TI_cleanup</name>
         <value>0x5ce5</value>
         <object_component_ref idref="oc-406"/>
      </symbol>
      <symbol id="sm-a99">
         <name>fseek</name>
         <value>0x5729</value>
         <object_component_ref idref="oc-3c3"/>
      </symbol>
      <symbol id="sm-aaa">
         <name>HOSTclose</name>
         <value>0x5a85</value>
         <object_component_ref idref="oc-452"/>
      </symbol>
      <symbol id="sm-abb">
         <name>HOSTlseek</name>
         <value>0x55f1</value>
         <object_component_ref idref="oc-464"/>
      </symbol>
      <symbol id="sm-acd">
         <name>parmbuf</name>
         <value>0x200053ac</value>
      </symbol>
      <symbol id="sm-ace">
         <name>HOSTopen</name>
         <value>0x57f1</value>
         <object_component_ref idref="oc-44c"/>
      </symbol>
      <symbol id="sm-adf">
         <name>HOSTread</name>
         <value>0x58ad</value>
         <object_component_ref idref="oc-458"/>
      </symbol>
      <symbol id="sm-af0">
         <name>HOSTrename</name>
         <value>0x5585</value>
         <object_component_ref idref="oc-470"/>
      </symbol>
      <symbol id="sm-b01">
         <name>HOSTunlink</name>
         <value>0x5ac9</value>
         <object_component_ref idref="oc-46a"/>
      </symbol>
      <symbol id="sm-b12">
         <name>HOSTwrite</name>
         <value>0x5905</value>
         <object_component_ref idref="oc-45e"/>
      </symbol>
      <symbol id="sm-b36">
         <name>__TI_readmsg</name>
         <value>0x5d19</value>
         <object_component_ref idref="oc-49d"/>
      </symbol>
      <symbol id="sm-b37">
         <name>C$$IO$$</name>
         <value>0x5c3b</value>
         <object_component_ref idref="oc-497"/>
      </symbol>
      <symbol id="sm-b38">
         <name>__CIOBUF_</name>
         <value>0x2000508c</value>
         <object_component_ref idref="oc-4c8"/>
      </symbol>
      <symbol id="sm-b39">
         <name>__TI_writemsg</name>
         <value>0x5c0d</value>
         <object_component_ref idref="oc-497"/>
      </symbol>
      <symbol id="sm-b4a">
         <name>lseek</name>
         <value>0x5e31</value>
         <object_component_ref idref="oc-3f2"/>
      </symbol>
      <symbol id="sm-b5f">
         <name>__TI_closefile</name>
         <value>0x54a1</value>
         <object_component_ref idref="oc-443"/>
      </symbol>
      <symbol id="sm-b87">
         <name>finddevice</name>
         <value>0x5d81</value>
         <object_component_ref idref="oc-4ec"/>
      </symbol>
      <symbol id="sm-b88">
         <name>getdevice</name>
         <value>0x5b51</value>
         <object_component_ref idref="oc-4be"/>
      </symbol>
      <symbol id="sm-b98">
         <name>strchr</name>
         <value>0x5fb1</value>
         <object_component_ref idref="oc-4e0"/>
      </symbol>
      <symbol id="sm-ba7">
         <name>strcmp</name>
         <value>0x5f6d</value>
         <object_component_ref idref="oc-505"/>
      </symbol>
      <symbol id="sm-bb5">
         <name>strcpy</name>
         <value>0x5fdb</value>
         <object_component_ref idref="oc-4b1"/>
      </symbol>
      <symbol id="sm-bc5">
         <name>strncpy</name>
         <value>0x5c45</value>
         <object_component_ref idref="oc-4e6"/>
      </symbol>
      <symbol id="sm-bda">
         <name>close</name>
         <value>0x5851</value>
         <object_component_ref idref="oc-488"/>
      </symbol>
      <symbol id="sm-bea">
         <name>unlink</name>
         <value>0x5ddd</value>
         <object_component_ref idref="oc-48e"/>
      </symbol>
      <symbol id="sm-beb">
         <name>__TI_static_base__</name>
         <value>0x0</value>
      </symbol>
      <symbol id="sm-bee">
         <name>__mpu_init</name>
         <value>0x0</value>
      </symbol>
      <symbol id="sm-bef">
         <name>_system_post_cinit</name>
         <value>0x0</value>
      </symbol>
      <symbol id="sm-bf0">
         <name>remove</name>
         <value>0x5ddd</value>
      </symbol>
   </symbol_table>
   <title>Link successful</title>
</link_info>
