******************************************************************************
                  TI ARM Linker PC v20.2.5                     
******************************************************************************
>> Linked Mon Sep 20 07:29:05 2021

OUTPUT FILE NAME:   <FreeRTOS_Task.out>
ENTRY POINT SYMBOL: "_c_int00_noargs"  address: 00005d4d


MEMORY CONFIGURATION

         name            origin    length      used     unused   attr    fill
----------------------  --------  ---------  --------  --------  ----  --------
  FLASH                 00000000   00040000  000062e0  00039d20  R  X
  SRAM                  20000000   00008000  00005813  000027ed  RW X


SEGMENT ALLOCATION MAP

run origin  load origin   length   init length attrs members
----------  ----------- ---------- ----------- ----- -------
00000000    00000000    000062e0   000062e0    r-x
  00000000    00000000    0000026c   0000026c    r-- .intvecs
  0000026c    0000026c    00005e18   00005e18    r-x .text
  00006084    00006084    0000019c   0000019c    r-- .const
  00006220    00006220    000000c0   000000c0    r-- .cinit
20000000    20000000    00005818   00000000    rw-
  20000000    20000000    0000026c   00000000    rw- .vtable
  2000026c    2000026c    00005149   00000000    rw- .bss
  200053b8    200053b8    0000024e   00000000    rw- .data
  20005608    20005608    00000200   00000000    rw- .stack
  20005808    20005808    00000010   00000000    rw- .sysmem


SECTION ALLOCATION MAP

 output                                  attributes/
section   page    origin      length       input sections
--------  ----  ----------  ----------   ----------------
.intvecs   0    00000000    0000026c     
                  00000000    0000026c     tm4c123gh6pm_startup_ccs.obj (.intvecs)

.text      0    0000026c    00005e18     
                  0000026c    00002450     tasks.obj (.text)
                  000026bc    00000f6c     queue.obj (.text)
                  00003628    000008c0     main.obj (.text)
                  00003ee8    00000728     timers.obj (.text)
                  00004610    000001d8     heap_2.obj (.text)
                  000047e8    000001c8     port.obj (.text)
                  000049b0    0000016c     driverlib.lib : gpio.obj (.text:GPIOPadConfigSet)
                  00004b1c    00000132     list.obj (.text)
                  00004c4e    00000002     rtsv7M4_T_le_v4SPD16_eabi.lib : _lock.c.obj (.text:_nop)
                  00004c50    00000118     driverlib.lib : sysctl.obj (.text:SysCtlClockGet)
                  00004d68    00000114     rtsv7M4_T_le_v4SPD16_eabi.lib : fputs.c.obj (.text:fputs)
                  00004e7c    00000100                                   : memory.c.obj (.text:aligned_alloc)
                  00004f7c    000000f4     driverlib.lib : sysctl.obj (.text:SysCtlClockSet)
                  00005070    000000e4     rtsv7M4_T_le_v4SPD16_eabi.lib : memory.c.obj (.text:free)
                  00005154    000000dc                                   : setvbuf.c.obj (.text:setvbuf)
                  00005230    000000da     portasm.obj (.text)
                  0000530a    0000009c     rtsv7M4_T_le_v4SPD16_eabi.lib : memcpy_t2.asm.obj (.text)
                  000053a6    00000002     --HOLE-- [fill = 0]
                  000053a8    0000007c                                   : fflush.c.obj (.text:fflush)
                  00005424    0000007a                                   : memset_t2.asm.obj (.text)
                  0000549e    00000002     --HOLE-- [fill = 0]
                  000054a0    00000074                                   : fclose.c.obj (.text:__TI_closefile)
                  00005514    00000070                                   : memory.c.obj (.text:split)
                  00005584    0000006c                                   : hostrename.c.obj (.text:HOSTrename)
                  000055f0    00000068                                   : hostlseek.c.obj (.text:HOSTlseek)
                  00005658    00000068     driverlib.lib : interrupt.obj (.text:IntEnable)
                  000056c0    00000068     rtsv7M4_T_le_v4SPD16_eabi.lib : copy_decompress_lzss.c.obj (.text:decompress:lzss:__TI_decompress_lzss)
                  00005728    00000064                                   : fseek.c.obj (.text:fseek)
                  0000578c    00000062                                   : _io_perm.c.obj (.text:__TI_wrt_ok)
                  000057ee    00000002     --HOLE-- [fill = 0]
                  000057f0    00000060                                   : hostopen.c.obj (.text:HOSTopen)
                  00005850    0000005c                                   : close.c.obj (.text:close)
                  000058ac    00000058                                   : hostread.c.obj (.text:HOSTread)
                  00005904    00000058                                   : hostwrite.c.obj (.text:HOSTwrite)
                  0000595c    0000004c     driverlib.lib : gpio.obj (.text:GPIOPinConfigure)
                  000059a8    0000004c     rtsv7M4_T_le_v4SPD16_eabi.lib : fflush.c.obj (.text:__TI_doflush)
                  000059f4    00000048                                   : exit.c.obj (.text:exit)
                  00005a3c    00000046     driverlib.lib : uart.obj (.text:UARTConfigSetExpClk)
                  00005a82    00000002     --HOLE-- [fill = 0]
                  00005a84    00000044     rtsv7M4_T_le_v4SPD16_eabi.lib : hostclose.c.obj (.text:HOSTclose)
                  00005ac8    00000044                                   : hostunlink.c.obj (.text:HOSTunlink)
                  00005b0c    00000044                                   : autoinit.c.obj (.text:__TI_auto_init_nobinit_nopinit:__TI_auto_init_nobinit_nopinit)
                  00005b50    00000044                                   : getdevice.c.obj (.text:getdevice)
                  00005b94    00000040     driverlib.lib : uart.obj (.text:_UARTIntNumberGet)
                  00005bd4    00000038                   : sysctl.obj (.text:SysCtlPeripheralReady)
                  00005c0c    00000038     rtsv7M4_T_le_v4SPD16_eabi.lib : trgmsg.c.obj (.text:__TI_writemsg)
                  00005c44    00000036                                   : strncpy.c.obj (.text:strncpy)
                  00005c7a    00000002     --HOLE-- [fill = 0]
                  00005c7c    00000034     driverlib.lib : interrupt.obj (.text:IntRegister)
                  00005cb0    00000034                   : sysctl.obj (.text:SysCtlPeripheralEnable)
                  00005ce4    00000034     rtsv7M4_T_le_v4SPD16_eabi.lib : fopen.c.obj (.text:__TI_cleanup)
                  00005d18    00000034                                   : trgmsg.c.obj (.text:__TI_readmsg)
                  00005d4c    00000034                                   : boot_cortex_m.c.obj (.text:_c_int00_noargs:_c_int00_noargs)
                  00005d80    00000030                                   : getdevice.c.obj (.text:finddevice)
                  00005db0    0000002c     driverlib.lib : gpio.obj (.text:GPIODirModeSet)
                  00005ddc    0000002c     rtsv7M4_T_le_v4SPD16_eabi.lib : unlink.c.obj (.text:unlink)
                  00005e08    00000028                                   : memory.c.obj (.text:free_list_insert)
                  00005e30    00000028                                   : lseek.c.obj (.text:lseek)
                  00005e58    00000028                                   : write.c.obj (.text:write)
                  00005e80    00000026     tm4c123gh6pm_startup_ccs.obj (.text)
                  00005ea6    00000002     --HOLE-- [fill = 0]
                  00005ea8    00000020     driverlib.lib : uart.obj (.text:UARTDisable)
                  00005ec8    00000020     rtsv7M4_T_le_v4SPD16_eabi.lib : memchr.c.obj (.text:memchr)
                  00005ee8    0000001c                                   : assert.c.obj (.text:_abort_msg)
                  00005f04    0000001c                                   : memory.c.obj (.text:free_list_remove)
                  00005f20    0000001a     driverlib.lib : gpio.obj (.text:GPIOPinTypeGPIOOutput)
                  00005f3a    00000002     --HOLE-- [fill = 0]
                  00005f3c    00000018                   : gpio.obj (.text:GPIOUnlockPin)
                  00005f54    00000018                   : uart.obj (.text:UARTIntRegister)
                  00005f6c    00000018     rtsv7M4_T_le_v4SPD16_eabi.lib : strcmp.c.obj (.text:strcmp)
                  00005f84    00000016     driverlib.lib : gpio.obj (.text:GPIOPinTypeGPIOInput)
                  00005f9a    00000016                   : gpio.obj (.text:GPIOPinTypeUART)
                  00005fb0    00000016     rtsv7M4_T_le_v4SPD16_eabi.lib : strchr.c.obj (.text:strchr)
                  00005fc6    00000014     driverlib.lib : uart.obj (.text:UARTEnable)
                  00005fda    00000014     rtsv7M4_T_le_v4SPD16_eabi.lib : strcpy.c.obj (.text:strcpy)
                  00005fee    00000014                                   : strlen.c.obj (.text:strlen)
                  00006002    00000010     driverlib.lib : interrupt.obj (.text:IntMasterEnable)
                  00006012    0000000e     rtsv7M4_T_le_v4SPD16_eabi.lib : copy_decompress_none.c.obj (.text:decompress:none:__TI_decompress_none)
                  00006020    0000000c     driverlib.lib : cpu.obj (.text:CPUcpsie)
                  0000602c    0000000c     rtsv7M4_T_le_v4SPD16_eabi.lib : copy_zero_init.c.obj (.text:decompress:ZI:__TI_zero_init)
                  00006038    0000000a     driverlib.lib : uart.obj (.text:UARTCharGet)
                  00006042    0000000a                   : uart.obj (.text:UARTCharPut)
                  0000604c    0000000a                   : uart.obj (.text:UARTFIFOEnable)
                  00006056    00000008                   : uart.obj (.text:UARTIntEnable)
                  0000605e    00000008     rtsv7M4_T_le_v4SPD16_eabi.lib : memory.c.obj (.text:malloc)
                  00006066    00000006     driverlib.lib : gpio.obj (.text:GPIOPinRead)
                  0000606c    00000006                   : gpio.obj (.text:GPIOPinWrite)
                  00006072    00000006                   : sysctl.obj (.text:SysCtlDelay)
                  00006078    00000004                   : uart.obj (.text:UARTIntClear)
                  0000607c    00000004     rtsv7M4_T_le_v4SPD16_eabi.lib : pre_init.c.obj (.text:_system_pre_init)
                  00006080    00000004                                   : exit.c.obj (.text:abort:abort)

.const     0    00006084    0000019c     
                  00006084    00000090     driverlib.lib : gpio.obj (.const:g_pui32GPIOBaseAddrs)
                  00006114    0000006c                   : sysctl.obj (.const:g_pui32Xtals)
                  00006180    00000040                   : uart.obj (.const:g_ppui32UARTIntMap)
                  000061c0    00000040                   : uart.obj (.const:g_ppui32UARTIntMapSnowflake)
                  00006200    00000014                   : interrupt.obj (.const:g_pui32EnRegs)
                  00006214    00000008     port.obj (.const)
                  0000621c    00000004     tasks.obj (.const)

.cinit     0    00006220    000000c0     
                  00006220    0000008a     (.cinit..data.load) [load image, compression = lzss]
                  000062aa    00000002     --HOLE-- [fill = 0]
                  000062ac    0000000c     (__TI_handler_table)
                  000062b8    00000008     (.cinit..bss.load) [load image, compression = zero_init]
                  000062c0    00000008     (.cinit..vtable.load) [load image, compression = zero_init]
                  000062c8    00000018     (__TI_cinit_table)

.init_array 
*          0    00000000    00000000     UNINITIALIZED

.vtable    0    20000000    0000026c     UNINITIALIZED
                  20000000    0000026c     driverlib.lib : interrupt.obj (.vtable)

.bss       0    2000026c    00005149     UNINITIALIZED
                  2000026c    00004e20     heap_2.obj (.bss:ucHeap)
                  2000508c    00000120     rtsv7M4_T_le_v4SPD16_eabi.lib : trgmsg.c.obj (.bss:_CIOBUF_)
                  200051ac    000000a0     (.common:__TI_tmpnams)
                  2000524c    00000064     tasks.obj (.bss:pxReadyTasksLists)
                  200052b0    00000050     (.common:xQueueRegistry)
                  20005300    00000014     timers.obj (.bss:xActiveTimerList1)
                  20005314    00000014     timers.obj (.bss:xActiveTimerList2)
                  20005328    00000014     tasks.obj (.bss:xDelayedTaskList1)
                  2000533c    00000014     tasks.obj (.bss:xDelayedTaskList2)
                  20005350    00000014     tasks.obj (.bss:xPendingReadyList)
                  20005364    00000014     tasks.obj (.bss:xSuspendedTaskList)
                  20005378    00000014     tasks.obj (.bss:xTasksWaitingTermination)
                  2000538c    00000008     tasks.obj (.bss)
                  20005394    00000008     timers.obj (.bss)
                  2000539c    00000008     heap_2.obj (.bss:xEnd)
                  200053a4    00000008     heap_2.obj (.bss:xStart)
                  200053ac    00000008     (.common:parmbuf)
                  200053b4    00000001     main.obj (.bss)

.data      0    200053b8    0000024e     UNINITIALIZED
                  200053b8    000000f0     rtsv7M4_T_le_v4SPD16_eabi.lib : defs.c.obj (.data:_ftable)
                  200054a8    00000078                                   : host_device.c.obj (.data:_device)
                  20005520    00000050                                   : host_device.c.obj (.data:_stream)
                  20005570    00000034     tasks.obj (.data)
                  200055a4    00000010     main.obj (.data)
                  200055b4    00000010     rtsv7M4_T_le_v4SPD16_eabi.lib : defs.c.obj (.data)
                  200055c4    0000000c                                   : exit.c.obj (.data:$O1$$)
                  200055d0    0000000c     port.obj (.data)
                  200055dc    0000000a     timers.obj (.data)
                  200055e6    00000002     --HOLE--
                  200055e8    00000008     rtsv7M4_T_le_v4SPD16_eabi.lib : _lock.c.obj (.data:$O1$$)
                  200055f0    00000008                                   : memory.c.obj (.data:$O1$$)
                  200055f8    00000008     heap_2.obj (.data)
                  20005600    00000006     main.obj (.data:TimerReceivePeriods)

.stack     0    20005608    00000200     UNINITIALIZED
                  20005608    00000004     rtsv7M4_T_le_v4SPD16_eabi.lib : boot_cortex_m.c.obj (.stack)
                  2000560c    000001fc     --HOLE--

.sysmem    0    20005808    00000010     UNINITIALIZED
                  20005808    00000010     rtsv7M4_T_le_v4SPD16_eabi.lib : memory.c.obj (.sysmem)

__llvm_prf_cnts 
*          0    20000000    00000000     UNINITIALIZED

MODULE SUMMARY

       Module                         code    ro data   rw data
       ------                         ----    -------   -------
    .\
       heap_2.obj                     472     0         20024  
       tasks.obj                      9296    4         260    
       queue.obj                      3948    0         80     
       main.obj                       2240    0         23     
       timers.obj                     1832    0         58     
       tm4c123gh6pm_startup_ccs.obj   38      620       0      
       port.obj                       456     8         12     
       list.obj                       306     0         0      
       portasm.obj                    218     0         0      
    +--+------------------------------+-------+---------+---------+
       Total:                         18806   632       20457  
                                                               
    C:/ti/TivaWare_C_Series-2.2.0.295/driverlib/ccs/Debug/driverlib.lib
       interrupt.obj                  172     20        620    
       sysctl.obj                     638     108       0      
       gpio.obj                       590     144       0      
       uart.obj                       252     128       0      
       cpu.obj                        12      0         0      
    +--+------------------------------+-------+---------+---------+
       Total:                         1664    400       620    
                                                               
    C:\ti\ccs1040\ccs\tools\compiler\ti-cgt-arm_20.2.5.LTS\lib\rtsv7M4_T_le_v4SPD16_eabi.lib
       memory.c.obj                   672     0         8      
       defs.c.obj                     0       0         416    
       trgmsg.c.obj                   108     0         288    
       fputs.c.obj                    276     0         0      
       setvbuf.c.obj                  220     0         0      
       fflush.c.obj                   200     0         0      
       host_device.c.obj              0       0         200    
       memcpy_t2.asm.obj              156     0         0      
       memset_t2.asm.obj              122     0         0      
       fclose.c.obj                   116     0         0      
       getdevice.c.obj                116     0         0      
       hostrename.c.obj               108     0         0      
       copy_decompress_lzss.c.obj     104     0         0      
       hostlseek.c.obj                104     0         0      
       hostopen.c.obj                 96      0         8      
       fseek.c.obj                    100     0         0      
       _io_perm.c.obj                 98      0         0      
       close.c.obj                    92      0         0      
       exit.c.obj                     76      0         12     
       hostread.c.obj                 88      0         0      
       hostwrite.c.obj                88      0         0      
       autoinit.c.obj                 68      0         0      
       hostclose.c.obj                68      0         0      
       hostunlink.c.obj               68      0         0      
       strncpy.c.obj                  54      0         0      
       boot_cortex_m.c.obj            52      0         0      
       fopen.c.obj                    52      0         0      
       unlink.c.obj                   44      0         0      
       lseek.c.obj                    40      0         0      
       write.c.obj                    40      0         0      
       memchr.c.obj                   32      0         0      
       assert.c.obj                   28      0         0      
       strcmp.c.obj                   24      0         0      
       strchr.c.obj                   22      0         0      
       strcpy.c.obj                   20      0         0      
       strlen.c.obj                   20      0         0      
       copy_decompress_none.c.obj     14      0         0      
       copy_zero_init.c.obj           12      0         0      
       _lock.c.obj                    2       0         8      
       pre_init.c.obj                 4       0         0      
    +--+------------------------------+-------+---------+---------+
       Total:                         3604    0         940    
                                                               
       Heap:                          0       0         16     
       Stack:                         0       0         512    
       Linker Generated:              0       190       0      
    +--+------------------------------+-------+---------+---------+
       Grand Total:                   24074   1222      22545  


LINKER GENERATED COPY TABLES

__TI_cinit_table @ 000062c8 records: 3, size/record: 8, table size: 24
	.data: load addr=00006220, load size=0000008a bytes, run addr=200053b8, run size=0000024e bytes, compression=lzss
	.bss: load addr=000062b8, load size=00000008 bytes, run addr=2000026c, run size=00005149 bytes, compression=zero_init
	.vtable: load addr=000062c0, load size=00000008 bytes, run addr=20000000, run size=0000026c bytes, compression=zero_init


LINKER GENERATED HANDLER TABLE

__TI_handler_table @ 000062ac records: 3, size/record: 4, table size: 12
	index: 0, handler: __TI_zero_init
	index: 1, handler: __TI_decompress_lzss
	index: 2, handler: __TI_decompress_none


GLOBAL SYMBOLS: SORTED ALPHABETICALLY BY Name 

address   name                               
-------   ----                               
00006081  C$$EXIT                            
00005c3b  C$$IO$$                            
00006021  CPUcpsie                           
00005e8d  DisableInterrupts                  
00005e91  EnableInterrupts                   
00005e9d  EndCritical                        
00005db1  GPIODirModeSet                     
000049b1  GPIOPadConfigSet                   
0000595d  GPIOPinConfigure                   
00006067  GPIOPinRead                        
00005f85  GPIOPinTypeGPIOInput               
00005f21  GPIOPinTypeGPIOOutput              
00005f9b  GPIOPinTypeUART                    
0000606d  GPIOPinWrite                       
00005f3d  GPIOUnlockPin                      
00003875  GPIO_TimerPeriodTask               
00005a85  HOSTclose                          
000055f1  HOSTlseek                          
000057f1  HOSTopen                           
000058ad  HOSTread                           
00005585  HOSTrename                         
00005ac9  HOSTunlink                         
00005905  HOSTwrite                          
00005659  IntEnable                          
00006003  IntMasterEnable                    
00005c7d  IntRegister                        
00003665  RXTimerCallBack                    
0000378f  ReceiverTask                       
00005e81  ResetISR                           
00003695  SenderTask                         
00005e95  StartCritical                      
00004c51  SysCtlClockGet                     
00004f7d  SysCtlClockSet                     
00006073  SysCtlDelay                        
00005cb1  SysCtlPeripheralEnable             
00005bd5  SysCtlPeripheralReady              
00003629  SystemInit                         
20005600  TimerReceivePeriods                
00003675  UART0_INT_Handler                  
00006039  UARTCharGet                        
00006043  UARTCharPut                        
00005a3d  UARTConfigSetExpClk                
00005ea9  UARTDisable                        
00005fc7  UARTEnable                         
0000604d  UARTFIFOEnable                     
00006079  UARTIntClear                       
00006057  UARTIntEnable                      
00005f55  UARTIntRegister                    
00005ea3  WaitForInterrupt                   
2000508c  __CIOBUF_                          
20005808  __STACK_END                        
00000200  __STACK_SIZE                       
20005808  __STACK_TOP                        
00000010  __SYSMEM_SIZE                      
000062c8  __TI_CINIT_Base                    
000062e0  __TI_CINIT_Limit                   
000062ac  __TI_Handler_Table_Base            
000062b8  __TI_Handler_Table_Limit           
00005b0d  __TI_auto_init_nobinit_nopinit     
00005ce5  __TI_cleanup                       
200055c4  __TI_cleanup_ptr                   
000054a1  __TI_closefile                     
000056c1  __TI_decompress_lzss               
00006013  __TI_decompress_none               
000059a9  __TI_doflush                       
200055c8  __TI_dtors_ptr                     
200055cc  __TI_enable_exit_profile_output    
200055b4  __TI_ft_end                        
ffffffff  __TI_pprof_out_hndl                
ffffffff  __TI_prof_data_size                
ffffffff  __TI_prof_data_start               
00005d19  __TI_readmsg                       
00000000  __TI_static_base__                 
200051ac  __TI_tmpnams                       
00005c0d  __TI_writemsg                      
0000578d  __TI_wrt_ok                        
0000602d  __TI_zero_init                     
00005425  __aeabi_memclr                     
00005425  __aeabi_memclr4                    
00005425  __aeabi_memclr8                    
0000530b  __aeabi_memcpy                     
0000530b  __aeabi_memcpy4                    
0000530b  __aeabi_memcpy8                    
00005427  __aeabi_memset                     
00005427  __aeabi_memset4                    
00005427  __aeabi_memset8                    
200055c0  __aeabi_stderr                     
200055b8  __aeabi_stdin                      
200055bc  __aeabi_stdout                     
ffffffff  __binit__                          
ffffffff  __c_args__                         
UNDEFED   __mpu_init                         
20005608  __stack                            
20000000  __start___llvm_prf_cnts            
20000000  __stop___llvm_prf_cnts             
00005ee9  _abort_msg                         
00005d4d  _c_int00_noargs                    
200054a8  _device                            
200053b8  _ftable                            
200055e8  _lock                              
00004c4f  _nop                               
20005520  _stream                            
20005808  _sys_memory                        
UNDEFED   _system_post_cinit                 
0000607d  _system_pre_init                   
200055ec  _unlock                            
00006081  abort                              
00004e7d  aligned_alloc                      
ffffffff  binit                              
00005851  close                              
00000655  eTaskGetState                      
000059f5  exit                               
000053a9  fflush                             
00005d81  finddevice                         
00004d69  fputs                              
00005071  free                               
00005729  fseek                              
20000000  g_pfnRAMVectors                    
00000000  g_pfnVectors                       
00005b51  getdevice                          
00005e31  lseek                              
00003c49  main                               
0000605f  malloc                             
00004e7d  memalign                           
00005ec9  memchr                             
0000530b  memcpy                             
0000542d  memset                             
200053ac  parmbuf                            
00003411  pcQueueGetName                     
00000e25  pcTaskGetName                      
000040a3  pcTimerGetName                     
00004611  pvPortMalloc                       
00001ebb  pvTaskIncrementMutexHeldCount      
00004531  pvTimerGetTimerID                  
20005570  pxCurrentTCB                       
000047e9  pxPortInitialiseStack              
00005ddd  remove                             
00005155  setvbuf                            
00005fb1  strchr                             
00005f6d  strcmp                             
00005fdb  strcpy                             
00005fef  strlen                             
00005c45  strncpy                            
00003129  ucQueueGetQueueType                
00006214  ulMaxSyscallInterruptPriority      
00005241  ulPortGetIPSR                      
00001ee1  ulTaskGenericNotifyTake            
0000256f  ulTaskGenericNotifyValueClear      
00005ddd  unlink                             
00004c07  uxListRemove                       
00003109  uxQueueGetQueueNumber              
000030a7  uxQueueMessagesWaiting             
000030dd  uxQueueMessagesWaitingFromISR      
000030bd  uxQueueSpacesAvailable             
00000e1b  uxTaskGetNumberOfTasks             
00001aff  uxTaskGetStackHighWaterMark        
00000fb9  uxTaskGetSystemState               
00001865  uxTaskGetTaskNumber                
00000719  uxTaskPriorityGet                  
00000741  uxTaskPriorityGetFromISR           
00001e95  uxTaskResetEventItemValue          
00004061  uxTimerGetReloadMode               
000045d5  uxTimerGetTimerNumber              
0000621c  uxTopUsedPriority                  
00004b1d  vListInitialise                    
00004b4d  vListInitialiseItem                
00004b99  vListInsert                        
00004b5d  vListInsertEnd                     
000052fd  vPortEnableVFP                     
000048e7  vPortEndScheduler                  
000048e9  vPortEnterCritical                 
00004909  vPortExitCritical                  
00004729  vPortFree                          
0000478d  vPortInitialiseBlocks              
000052b9  vPortSVCHandler                    
00004945  vPortSetupTimerInterrupt           
000052d9  vPortStartFirstTask                
0000495f  vPortValidateInterruptPriority     
000033a3  vQueueAddToRegistry                
000030f3  vQueueDelete                       
00003117  vQueueSetQueueNumber               
00003451  vQueueUnregisterQueue              
00003495  vQueueWaitForMessageRestricted     
00000601  vTaskDelay                         
000004c7  vTaskDelete                        
00000bf1  vTaskEndScheduler                  
000023bd  vTaskGenericNotifyGiveFromISR      
00001975  vTaskGetInfo                       
0000178d  vTaskInternalSetTimeOutState       
00001859  vTaskMissedYield                   
000013f9  vTaskPlaceOnEventList              
00001495  vTaskPlaceOnEventListRestricted    
00001429  vTaskPlaceOnUnorderedEventList     
00001da1  vTaskPriorityDisinheritAfterTimeout
0000078d  vTaskPrioritySet                   
0000165d  vTaskRemoveFromUnorderedEventList  
000009ef  vTaskResume                        
00001889  vTaskSetTaskNumber                 
0000176f  vTaskSetTimeOutState               
00000b97  vTaskStartScheduler                
000008dd  vTaskSuspend                       
00000c0d  vTaskSuspendAll                    
00001375  vTaskSwitchContext                 
0000402b  vTimerSetReloadMode                
0000454b  vTimerSetTimerID                   
000045e3  vTimerSetTimerNumber               
00005e59  write                              
00004787  xPortGetFreeHeapSize               
00005259  xPortPendSVHandler                 
00004853  xPortStartScheduler                
0000491f  xPortSysTickHandler                
00003509  xQueueAddToSet                     
0000286f  xQueueCreateMutex                  
000034f5  xQueueCreateSet                    
0000278f  xQueueGenericCreate                
000026bd  xQueueGenericReset                 
0000291f  xQueueGenericSend                  
00002a89  xQueueGenericSendFromISR           
00002b55  xQueueGiveFromISR                  
0000289b  xQueueGiveMutexRecursive           
00003337  xQueueIsQueueEmptyFromISR          
0000337d  xQueueIsQueueFullFromISR           
00002e8b  xQueuePeek                         
00003051  xQueuePeekFromISR                  
00002c07  xQueueReceive                      
00002fb3  xQueueReceiveFromISR               
200052b0  xQueueRegistry                     
0000353d  xQueueRemoveFromSet                
0000357f  xQueueSelectFromSet                
0000359b  xQueueSelectFromSetFromISR         
00002d2b  xQueueSemaphoreTake                
000028d7  xQueueTakeMutexRecursive           
000010b1  xTaskAbortDelay                    
00001091  xTaskCatchUpTicks                  
000017ad  xTaskCheckForTimeOut               
0000026d  xTaskCreate                        
00000553  xTaskDelayUntil                    
00002051  xTaskGenericNotify                 
000021d9  xTaskGenericNotifyFromISR          
00002525  xTaskGenericNotifyStateClear       
00001f87  xTaskGenericNotifyWait             
00001b6d  xTaskGetCurrentTaskHandle          
00000f35  xTaskGetHandle                     
0000108b  xTaskGetIdleTaskHandle             
00001b91  xTaskGetSchedulerState             
00000dcd  xTaskGetTickCount                  
00000ded  xTaskGetTickCountFromISR           
00001199  xTaskIncrementTick                 
00001ccd  xTaskPriorityDisinherit            
00001bcd  xTaskPriorityInherit               
00001505  xTaskRemoveFromEventList           
00000c29  xTaskResumeAll                     
00000abd  xTaskResumeFromISR                 
00003f13  xTimerCreate                       
00003ee9  xTimerCreateTimerTask              
00003f9f  xTimerGenericCommand               
00004089  xTimerGetExpiryTime                
00004019  xTimerGetPeriod                    
00004013  xTimerGetTimerDaemonTaskHandle     
00004505  xTimerIsTimerActive                
0000459b  xTimerPendFunctionCall             
00004565  xTimerPendFunctionCallFromISR      


GLOBAL SYMBOLS: SORTED BY Symbol Address 

address   name                               
-------   ----                               
00000000  __TI_static_base__                 
00000000  g_pfnVectors                       
00000010  __SYSMEM_SIZE                      
00000200  __STACK_SIZE                       
0000026d  xTaskCreate                        
000004c7  vTaskDelete                        
00000553  xTaskDelayUntil                    
00000601  vTaskDelay                         
00000655  eTaskGetState                      
00000719  uxTaskPriorityGet                  
00000741  uxTaskPriorityGetFromISR           
0000078d  vTaskPrioritySet                   
000008dd  vTaskSuspend                       
000009ef  vTaskResume                        
00000abd  xTaskResumeFromISR                 
00000b97  vTaskStartScheduler                
00000bf1  vTaskEndScheduler                  
00000c0d  vTaskSuspendAll                    
00000c29  xTaskResumeAll                     
00000dcd  xTaskGetTickCount                  
00000ded  xTaskGetTickCountFromISR           
00000e1b  uxTaskGetNumberOfTasks             
00000e25  pcTaskGetName                      
00000f35  xTaskGetHandle                     
00000fb9  uxTaskGetSystemState               
0000108b  xTaskGetIdleTaskHandle             
00001091  xTaskCatchUpTicks                  
000010b1  xTaskAbortDelay                    
00001199  xTaskIncrementTick                 
00001375  vTaskSwitchContext                 
000013f9  vTaskPlaceOnEventList              
00001429  vTaskPlaceOnUnorderedEventList     
00001495  vTaskPlaceOnEventListRestricted    
00001505  xTaskRemoveFromEventList           
0000165d  vTaskRemoveFromUnorderedEventList  
0000176f  vTaskSetTimeOutState               
0000178d  vTaskInternalSetTimeOutState       
000017ad  xTaskCheckForTimeOut               
00001859  vTaskMissedYield                   
00001865  uxTaskGetTaskNumber                
00001889  vTaskSetTaskNumber                 
00001975  vTaskGetInfo                       
00001aff  uxTaskGetStackHighWaterMark        
00001b6d  xTaskGetCurrentTaskHandle          
00001b91  xTaskGetSchedulerState             
00001bcd  xTaskPriorityInherit               
00001ccd  xTaskPriorityDisinherit            
00001da1  vTaskPriorityDisinheritAfterTimeout
00001e95  uxTaskResetEventItemValue          
00001ebb  pvTaskIncrementMutexHeldCount      
00001ee1  ulTaskGenericNotifyTake            
00001f87  xTaskGenericNotifyWait             
00002051  xTaskGenericNotify                 
000021d9  xTaskGenericNotifyFromISR          
000023bd  vTaskGenericNotifyGiveFromISR      
00002525  xTaskGenericNotifyStateClear       
0000256f  ulTaskGenericNotifyValueClear      
000026bd  xQueueGenericReset                 
0000278f  xQueueGenericCreate                
0000286f  xQueueCreateMutex                  
0000289b  xQueueGiveMutexRecursive           
000028d7  xQueueTakeMutexRecursive           
0000291f  xQueueGenericSend                  
00002a89  xQueueGenericSendFromISR           
00002b55  xQueueGiveFromISR                  
00002c07  xQueueReceive                      
00002d2b  xQueueSemaphoreTake                
00002e8b  xQueuePeek                         
00002fb3  xQueueReceiveFromISR               
00003051  xQueuePeekFromISR                  
000030a7  uxQueueMessagesWaiting             
000030bd  uxQueueSpacesAvailable             
000030dd  uxQueueMessagesWaitingFromISR      
000030f3  vQueueDelete                       
00003109  uxQueueGetQueueNumber              
00003117  vQueueSetQueueNumber               
00003129  ucQueueGetQueueType                
00003337  xQueueIsQueueEmptyFromISR          
0000337d  xQueueIsQueueFullFromISR           
000033a3  vQueueAddToRegistry                
00003411  pcQueueGetName                     
00003451  vQueueUnregisterQueue              
00003495  vQueueWaitForMessageRestricted     
000034f5  xQueueCreateSet                    
00003509  xQueueAddToSet                     
0000353d  xQueueRemoveFromSet                
0000357f  xQueueSelectFromSet                
0000359b  xQueueSelectFromSetFromISR         
00003629  SystemInit                         
00003665  RXTimerCallBack                    
00003675  UART0_INT_Handler                  
00003695  SenderTask                         
0000378f  ReceiverTask                       
00003875  GPIO_TimerPeriodTask               
00003c49  main                               
00003ee9  xTimerCreateTimerTask              
00003f13  xTimerCreate                       
00003f9f  xTimerGenericCommand               
00004013  xTimerGetTimerDaemonTaskHandle     
00004019  xTimerGetPeriod                    
0000402b  vTimerSetReloadMode                
00004061  uxTimerGetReloadMode               
00004089  xTimerGetExpiryTime                
000040a3  pcTimerGetName                     
00004505  xTimerIsTimerActive                
00004531  pvTimerGetTimerID                  
0000454b  vTimerSetTimerID                   
00004565  xTimerPendFunctionCallFromISR      
0000459b  xTimerPendFunctionCall             
000045d5  uxTimerGetTimerNumber              
000045e3  vTimerSetTimerNumber               
00004611  pvPortMalloc                       
00004729  vPortFree                          
00004787  xPortGetFreeHeapSize               
0000478d  vPortInitialiseBlocks              
000047e9  pxPortInitialiseStack              
00004853  xPortStartScheduler                
000048e7  vPortEndScheduler                  
000048e9  vPortEnterCritical                 
00004909  vPortExitCritical                  
0000491f  xPortSysTickHandler                
00004945  vPortSetupTimerInterrupt           
0000495f  vPortValidateInterruptPriority     
000049b1  GPIOPadConfigSet                   
00004b1d  vListInitialise                    
00004b4d  vListInitialiseItem                
00004b5d  vListInsertEnd                     
00004b99  vListInsert                        
00004c07  uxListRemove                       
00004c4f  _nop                               
00004c51  SysCtlClockGet                     
00004d69  fputs                              
00004e7d  aligned_alloc                      
00004e7d  memalign                           
00004f7d  SysCtlClockSet                     
00005071  free                               
00005155  setvbuf                            
00005241  ulPortGetIPSR                      
00005259  xPortPendSVHandler                 
000052b9  vPortSVCHandler                    
000052d9  vPortStartFirstTask                
000052fd  vPortEnableVFP                     
0000530b  __aeabi_memcpy                     
0000530b  __aeabi_memcpy4                    
0000530b  __aeabi_memcpy8                    
0000530b  memcpy                             
000053a9  fflush                             
00005425  __aeabi_memclr                     
00005425  __aeabi_memclr4                    
00005425  __aeabi_memclr8                    
00005427  __aeabi_memset                     
00005427  __aeabi_memset4                    
00005427  __aeabi_memset8                    
0000542d  memset                             
000054a1  __TI_closefile                     
00005585  HOSTrename                         
000055f1  HOSTlseek                          
00005659  IntEnable                          
000056c1  __TI_decompress_lzss               
00005729  fseek                              
0000578d  __TI_wrt_ok                        
000057f1  HOSTopen                           
00005851  close                              
000058ad  HOSTread                           
00005905  HOSTwrite                          
0000595d  GPIOPinConfigure                   
000059a9  __TI_doflush                       
000059f5  exit                               
00005a3d  UARTConfigSetExpClk                
00005a85  HOSTclose                          
00005ac9  HOSTunlink                         
00005b0d  __TI_auto_init_nobinit_nopinit     
00005b51  getdevice                          
00005bd5  SysCtlPeripheralReady              
00005c0d  __TI_writemsg                      
00005c3b  C$$IO$$                            
00005c45  strncpy                            
00005c7d  IntRegister                        
00005cb1  SysCtlPeripheralEnable             
00005ce5  __TI_cleanup                       
00005d19  __TI_readmsg                       
00005d4d  _c_int00_noargs                    
00005d81  finddevice                         
00005db1  GPIODirModeSet                     
00005ddd  remove                             
00005ddd  unlink                             
00005e31  lseek                              
00005e59  write                              
00005e81  ResetISR                           
00005e8d  DisableInterrupts                  
00005e91  EnableInterrupts                   
00005e95  StartCritical                      
00005e9d  EndCritical                        
00005ea3  WaitForInterrupt                   
00005ea9  UARTDisable                        
00005ec9  memchr                             
00005ee9  _abort_msg                         
00005f21  GPIOPinTypeGPIOOutput              
00005f3d  GPIOUnlockPin                      
00005f55  UARTIntRegister                    
00005f6d  strcmp                             
00005f85  GPIOPinTypeGPIOInput               
00005f9b  GPIOPinTypeUART                    
00005fb1  strchr                             
00005fc7  UARTEnable                         
00005fdb  strcpy                             
00005fef  strlen                             
00006003  IntMasterEnable                    
00006013  __TI_decompress_none               
00006021  CPUcpsie                           
0000602d  __TI_zero_init                     
00006039  UARTCharGet                        
00006043  UARTCharPut                        
0000604d  UARTFIFOEnable                     
00006057  UARTIntEnable                      
0000605f  malloc                             
00006067  GPIOPinRead                        
0000606d  GPIOPinWrite                       
00006073  SysCtlDelay                        
00006079  UARTIntClear                       
0000607d  _system_pre_init                   
00006081  C$$EXIT                            
00006081  abort                              
00006214  ulMaxSyscallInterruptPriority      
0000621c  uxTopUsedPriority                  
000062ac  __TI_Handler_Table_Base            
000062b8  __TI_Handler_Table_Limit           
000062c8  __TI_CINIT_Base                    
000062e0  __TI_CINIT_Limit                   
20000000  __start___llvm_prf_cnts            
20000000  __stop___llvm_prf_cnts             
20000000  g_pfnRAMVectors                    
2000508c  __CIOBUF_                          
200051ac  __TI_tmpnams                       
200052b0  xQueueRegistry                     
200053ac  parmbuf                            
200053b8  _ftable                            
200054a8  _device                            
20005520  _stream                            
20005570  pxCurrentTCB                       
200055b4  __TI_ft_end                        
200055b8  __aeabi_stdin                      
200055bc  __aeabi_stdout                     
200055c0  __aeabi_stderr                     
200055c4  __TI_cleanup_ptr                   
200055c8  __TI_dtors_ptr                     
200055cc  __TI_enable_exit_profile_output    
200055e8  _lock                              
200055ec  _unlock                            
20005600  TimerReceivePeriods                
20005608  __stack                            
20005808  __STACK_END                        
20005808  __STACK_TOP                        
20005808  _sys_memory                        
ffffffff  __TI_pprof_out_hndl                
ffffffff  __TI_prof_data_size                
ffffffff  __TI_prof_data_start               
ffffffff  __binit__                          
ffffffff  __c_args__                         
ffffffff  binit                              
UNDEFED   __mpu_init                         
UNDEFED   _system_post_cinit                 

[262 symbols]
