******************************************************************************
                  TI ARM Linker PC v20.2.5                     
******************************************************************************
>> Linked Fri Sep 17 12:39:21 2021

OUTPUT FILE NAME:   <FreeRTOS_Task.out>
ENTRY POINT SYMBOL: "_c_int00_noargs"  address: 0000349d


MEMORY CONFIGURATION

         name            origin    length      used     unused   attr    fill
----------------------  --------  ---------  --------  --------  ----  --------
  FLASH                 00000000   00040000  00003710  0003c8f0  R  X
  SRAM                  20000000   00008000  00005148  00002eb8  RW X


SEGMENT ALLOCATION MAP

run origin  load origin   length   init length attrs members
----------  ----------- ---------- ----------- ----- -------
00000000    00000000    00003710   00003710    r-x
  00000000    00000000    0000026c   0000026c    r-- .intvecs
  0000026c    0000026c    0000335c   0000335c    r-x .text
  000035c8    000035c8    00000108   00000108    r-- .const
  000036d0    000036d0    00000040   00000040    r-- .cinit
20000000    20000000    00005148   00000000    rw-
  20000000    20000000    00004f00   00000000    rw- .bss
  20004f00    20004f00    00000200   00000000    rw- .stack
  20005100    20005100    00000048   00000000    rw- .data


SECTION ALLOCATION MAP

 output                                  attributes/
section   page    origin      length       input sections
--------  ----  ----------  ----------   ----------------
.intvecs   0    00000000    0000026c     
                  00000000    0000026c     tm4c123gh6pm_startup_ccs.obj (.intvecs)

.text      0    0000026c    0000335c     
                  0000026c    000023b4     tasks.obj (.text)
                  00002620    00000294     main.obj (.text)
                  000028b4    000001d8     heap_2.obj (.text)
                  00002a8c    000001c8     port.obj (.text)
                  00002c54    0000016c     driverlib.lib : gpio.obj (.text:GPIOPadConfigSet)
                  00002dc0    00000132     list.obj (.text)
                  00002ef2    00000002     --HOLE-- [fill = 0]
                  00002ef4    00000118     driverlib.lib : sysctl.obj (.text:SysCtlClockGet)
                  0000300c    000000f4                   : sysctl.obj (.text:SysCtlClockSet)
                  00003100    000000da     portasm.obj (.text)
                  000031da    0000009c     rtsv7M4_T_le_v4SPD16_eabi.lib : memcpy_t2.asm.obj (.text)
                  00003276    0000007a                                   : memset_t2.asm.obj (.text)
                  000032f0    00000068                                   : copy_decompress_lzss.c.obj (.text:decompress:lzss:__TI_decompress_lzss)
                  00003358    0000004c     driverlib.lib : gpio.obj (.text:GPIOPinConfigure)
                  000033a4    00000046                   : uart.obj (.text:UARTConfigSetExpClk)
                  000033ea    00000002     --HOLE-- [fill = 0]
                  000033ec    00000044     rtsv7M4_T_le_v4SPD16_eabi.lib : autoinit.c.obj (.text:__TI_auto_init_nobinit_nopinit:__TI_auto_init_nobinit_nopinit)
                  00003430    00000038     driverlib.lib : sysctl.obj (.text:SysCtlPeripheralReady)
                  00003468    00000034                   : sysctl.obj (.text:SysCtlPeripheralEnable)
                  0000349c    00000034     rtsv7M4_T_le_v4SPD16_eabi.lib : boot_cortex_m.c.obj (.text:_c_int00_noargs:_c_int00_noargs)
                  000034d0    0000002c     driverlib.lib : gpio.obj (.text:GPIODirModeSet)
                  000034fc    00000020                   : uart.obj (.text:UARTDisable)
                  0000351c    0000001a                   : gpio.obj (.text:GPIOPinTypeGPIOOutput)
                  00003536    00000002     --HOLE-- [fill = 0]
                  00003538    00000018                   : gpio.obj (.text:GPIOUnlockPin)
                  00003550    00000016                   : gpio.obj (.text:GPIOPinTypeUART)
                  00003566    00000014                   : uart.obj (.text:UARTEnable)
                  0000357a    0000000e     rtsv7M4_T_le_v4SPD16_eabi.lib : copy_decompress_none.c.obj (.text:decompress:none:__TI_decompress_none)
                  00003588    0000000c                                   : copy_zero_init.c.obj (.text:decompress:ZI:__TI_zero_init)
                  00003594    0000000c     tm4c123gh6pm_startup_ccs.obj (.text)
                  000035a0    0000000a     driverlib.lib : uart.obj (.text:UARTCharGet)
                  000035aa    0000000a                   : uart.obj (.text:UARTCharPut)
                  000035b4    00000006                   : gpio.obj (.text:GPIOPinWrite)
                  000035ba    00000006                   : sysctl.obj (.text:SysCtlDelay)
                  000035c0    00000004     rtsv7M4_T_le_v4SPD16_eabi.lib : pre_init.c.obj (.text:_system_pre_init)
                  000035c4    00000004                                   : exit.c.obj (.text:abort:abort)

.const     0    000035c8    00000108     
                  000035c8    00000090     driverlib.lib : gpio.obj (.const:g_pui32GPIOBaseAddrs)
                  00003658    0000006c                   : sysctl.obj (.const:g_pui32Xtals)
                  000036c4    00000008     port.obj (.const)
                  000036cc    00000004     tasks.obj (.const)

.cinit     0    000036d0    00000040     
                  000036d0    0000001b     (.cinit..data.load) [load image, compression = lzss]
                  000036eb    00000001     --HOLE-- [fill = 0]
                  000036ec    0000000c     (__TI_handler_table)
                  000036f8    00000008     (.cinit..bss.load) [load image, compression = zero_init]
                  00003700    00000010     (__TI_cinit_table)

.init_array 
*          0    00000000    00000000     UNINITIALIZED

.bss       0    20000000    00004f00     UNINITIALIZED
                  20000000    00004e20     heap_2.obj (.bss:ucHeap)
                  20004e20    00000064     tasks.obj (.bss:pxReadyTasksLists)
                  20004e84    00000014     tasks.obj (.bss:xDelayedTaskList1)
                  20004e98    00000014     tasks.obj (.bss:xDelayedTaskList2)
                  20004eac    00000014     tasks.obj (.bss:xPendingReadyList)
                  20004ec0    00000014     tasks.obj (.bss:xSuspendedTaskList)
                  20004ed4    00000014     tasks.obj (.bss:xTasksWaitingTermination)
                  20004ee8    00000008     tasks.obj (.bss)
                  20004ef0    00000008     heap_2.obj (.bss:xEnd)
                  20004ef8    00000008     heap_2.obj (.bss:xStart)

.data      0    20005100    00000048     UNINITIALIZED
                  20005100    00000034     tasks.obj (.data)
                  20005134    0000000c     port.obj (.data)
                  20005140    00000008     heap_2.obj (.data)

.stack     0    20004f00    00000200     UNINITIALIZED
                  20004f00    00000004     rtsv7M4_T_le_v4SPD16_eabi.lib : boot_cortex_m.c.obj (.stack)
                  20004f04    000001fc     --HOLE--

__llvm_prf_cnts 
*          0    20000000    00000000     UNINITIALIZED

MODULE SUMMARY

       Module                         code    ro data   rw data
       ------                         ----    -------   -------
    .\
       heap_2.obj                     472     0         20024  
       tasks.obj                      9140    4         260    
       main.obj                       660     0         0      
       tm4c123gh6pm_startup_ccs.obj   12      620       0      
       port.obj                       456     8         12     
       list.obj                       306     0         0      
       portasm.obj                    218     0         0      
    +--+------------------------------+-------+---------+---------+
       Total:                         11264   632       20296  
                                                               
    C:/ti/TivaWare_C_Series-2.2.0.295/driverlib/ccs/Debug/driverlib.lib
       sysctl.obj                     638     108       0      
       gpio.obj                       562     144       0      
       uart.obj                       142     0         0      
    +--+------------------------------+-------+---------+---------+
       Total:                         1342    252       0      
                                                               
    C:\ti\ccs1040\ccs\tools\compiler\ti-cgt-arm_20.2.5.LTS\lib\rtsv7M4_T_le_v4SPD16_eabi.lib
       memcpy_t2.asm.obj              156     0         0      
       memset_t2.asm.obj              122     0         0      
       copy_decompress_lzss.c.obj     104     0         0      
       autoinit.c.obj                 68      0         0      
       boot_cortex_m.c.obj            52      0         0      
       copy_decompress_none.c.obj     14      0         0      
       copy_zero_init.c.obj           12      0         0      
       exit.c.obj                     4       0         0      
       pre_init.c.obj                 4       0         0      
    +--+------------------------------+-------+---------+---------+
       Total:                         536     0         0      
                                                               
       Stack:                         0       0         512    
       Linker Generated:              0       63        0      
    +--+------------------------------+-------+---------+---------+
       Grand Total:                   13142   947       20808  


LINKER GENERATED COPY TABLES

__TI_cinit_table @ 00003700 records: 2, size/record: 8, table size: 16
	.data: load addr=000036d0, load size=0000001b bytes, run addr=20005100, run size=00000048 bytes, compression=lzss
	.bss: load addr=000036f8, load size=00000008 bytes, run addr=20000000, run size=00004f00 bytes, compression=zero_init


LINKER GENERATED HANDLER TABLE

__TI_handler_table @ 000036ec records: 3, size/record: 4, table size: 12
	index: 0, handler: __TI_decompress_lzss
	index: 1, handler: __TI_decompress_none
	index: 2, handler: __TI_zero_init


GLOBAL SYMBOLS: SORTED ALPHABETICALLY BY Name 

address   name                               
-------   ----                               
000035c5  C$$EXIT                            
000034d1  GPIODirModeSet                     
00002c55  GPIOPadConfigSet                   
00003359  GPIOPinConfigure                   
0000351d  GPIOPinTypeGPIOOutput              
00003551  GPIOPinTypeUART                    
000035b5  GPIOPinWrite                       
00003539  GPIOUnlockPin                      
00003595  ResetISR                           
00002ef5  SysCtlClockGet                     
0000300d  SysCtlClockSet                     
000035bb  SysCtlDelay                        
00003469  SysCtlPeripheralEnable             
00003431  SysCtlPeripheralReady              
00002621  SystemInit                         
000035a1  UARTCharGet                        
000035ab  UARTCharPut                        
000033a5  UARTConfigSetExpClk                
000034fd  UARTDisable                        
00003567  UARTEnable                         
20005100  __STACK_END                        
00000200  __STACK_SIZE                       
20005100  __STACK_TOP                        
00003700  __TI_CINIT_Base                    
00003710  __TI_CINIT_Limit                   
000036ec  __TI_Handler_Table_Base            
000036f8  __TI_Handler_Table_Limit           
000033ed  __TI_auto_init_nobinit_nopinit     
000032f1  __TI_decompress_lzss               
0000357b  __TI_decompress_none               
ffffffff  __TI_pprof_out_hndl                
ffffffff  __TI_prof_data_size                
ffffffff  __TI_prof_data_start               
00000000  __TI_static_base__                 
00003589  __TI_zero_init                     
00003277  __aeabi_memclr                     
00003277  __aeabi_memclr4                    
00003277  __aeabi_memclr8                    
000031db  __aeabi_memcpy                     
000031db  __aeabi_memcpy4                    
000031db  __aeabi_memcpy8                    
00003279  __aeabi_memset                     
00003279  __aeabi_memset4                    
00003279  __aeabi_memset8                    
ffffffff  __binit__                          
ffffffff  __c_args__                         
UNDEFED   __mpu_init                         
20004f00  __stack                            
20000000  __start___llvm_prf_cnts            
20000000  __stop___llvm_prf_cnts             
0000349d  _c_int00_noargs                    
UNDEFED   _system_post_cinit                 
000035c1  _system_pre_init                   
000035c5  abort                              
ffffffff  binit                              
00000655  eTaskGetState                      
00000000  g_pfnVectors                       
000027b3  main                               
000031db  memcpy                             
0000327f  memset                             
00000e19  pcTaskGetName                      
000028b5  pvPortMalloc                       
00001e1f  pvTaskIncrementMutexHeldCount      
20005100  pxCurrentTCB                       
00002a8d  pxPortInitialiseStack              
000036c4  ulMaxSyscallInterruptPriority      
00003111  ulPortGetIPSR                      
00001e45  ulTaskGenericNotifyTake            
000024d3  ulTaskGenericNotifyValueClear      
00002eab  uxListRemove                       
00000e0d  uxTaskGetNumberOfTasks             
00001a65  uxTaskGetStackHighWaterMark        
00000fa9  uxTaskGetSystemState               
000017d1  uxTaskGetTaskNumber                
00000719  uxTaskPriorityGet                  
00000741  uxTaskPriorityGetFromISR           
00001df9  uxTaskResetEventItemValue          
000036cc  uxTopUsedPriority                  
00002dc1  vListInitialise                    
00002df1  vListInitialiseItem                
00002e3d  vListInsert                        
00002e01  vListInsertEnd                     
000031cd  vPortEnableVFP                     
00002b8b  vPortEndScheduler                  
00002b8d  vPortEnterCritical                 
00002bad  vPortExitCritical                  
000029cd  vPortFree                          
00002a31  vPortInitialiseBlocks              
00003189  vPortSVCHandler                    
00002be9  vPortSetupTimerInterrupt           
000031a9  vPortStartFirstTask                
00002c03  vPortValidateInterruptPriority     
00000601  vTaskDelay                         
000004c7  vTaskDelete                        
00000be1  vTaskEndScheduler                  
00002321  vTaskGenericNotifyGiveFromISR      
000018d5  vTaskGetInfo                       
000016fb  vTaskInternalSetTimeOutState       
000017c5  vTaskMissedYield                   
000013d1  vTaskPlaceOnEventList              
00001401  vTaskPlaceOnUnorderedEventList     
00001d05  vTaskPriorityDisinheritAfterTimeout
0000078d  vTaskPrioritySet                   
000015c1  vTaskRemoveFromUnorderedEventList  
000009ef  vTaskResume                        
000017f1  vTaskSetTaskNumber                 
000016dd  vTaskSetTimeOutState               
00000b97  vTaskStartScheduler                
000008dd  vTaskSuspend                       
00000bfd  vTaskSuspendAll                    
0000134d  vTaskSwitchContext                 
00002a2b  xPortGetFreeHeapSize               
00003129  xPortPendSVHandler                 
00002af7  xPortStartScheduler                
00002bc3  xPortSysTickHandler                
000010a1  xTaskAbortDelay                    
00001081  xTaskCatchUpTicks                  
00001719  xTaskCheckForTimeOut               
0000026d  xTaskCreate                        
00000553  xTaskDelayUntil                    
00001fb5  xTaskGenericNotify                 
0000213d  xTaskGenericNotifyFromISR          
00002489  xTaskGenericNotifyStateClear       
00001eeb  xTaskGenericNotifyWait             
00001ad1  xTaskGetCurrentTaskHandle          
00000f25  xTaskGetHandle                     
0000107b  xTaskGetIdleTaskHandle             
00001af1  xTaskGetSchedulerState             
00000db9  xTaskGetTickCount                  
00000dd9  xTaskGetTickCountFromISR           
00001181  xTaskIncrementTick                 
00001c31  xTaskPriorityDisinherit            
00001b31  xTaskPriorityInherit               
0000146d  xTaskRemoveFromEventList           
00000c19  xTaskResumeAll                     
00000abd  xTaskResumeFromISR                 


GLOBAL SYMBOLS: SORTED BY Symbol Address 

address   name                               
-------   ----                               
00000000  __TI_static_base__                 
00000000  g_pfnVectors                       
00000200  __STACK_SIZE                       
0000026d  xTaskCreate                        
000004c7  vTaskDelete                        
00000553  xTaskDelayUntil                    
00000601  vTaskDelay                         
00000655  eTaskGetState                      
00000719  uxTaskPriorityGet                  
00000741  uxTaskPriorityGetFromISR           
0000078d  vTaskPrioritySet                   
000008dd  vTaskSuspend                       
000009ef  vTaskResume                        
00000abd  xTaskResumeFromISR                 
00000b97  vTaskStartScheduler                
00000be1  vTaskEndScheduler                  
00000bfd  vTaskSuspendAll                    
00000c19  xTaskResumeAll                     
00000db9  xTaskGetTickCount                  
00000dd9  xTaskGetTickCountFromISR           
00000e0d  uxTaskGetNumberOfTasks             
00000e19  pcTaskGetName                      
00000f25  xTaskGetHandle                     
00000fa9  uxTaskGetSystemState               
0000107b  xTaskGetIdleTaskHandle             
00001081  xTaskCatchUpTicks                  
000010a1  xTaskAbortDelay                    
00001181  xTaskIncrementTick                 
0000134d  vTaskSwitchContext                 
000013d1  vTaskPlaceOnEventList              
00001401  vTaskPlaceOnUnorderedEventList     
0000146d  xTaskRemoveFromEventList           
000015c1  vTaskRemoveFromUnorderedEventList  
000016dd  vTaskSetTimeOutState               
000016fb  vTaskInternalSetTimeOutState       
00001719  xTaskCheckForTimeOut               
000017c5  vTaskMissedYield                   
000017d1  uxTaskGetTaskNumber                
000017f1  vTaskSetTaskNumber                 
000018d5  vTaskGetInfo                       
00001a65  uxTaskGetStackHighWaterMark        
00001ad1  xTaskGetCurrentTaskHandle          
00001af1  xTaskGetSchedulerState             
00001b31  xTaskPriorityInherit               
00001c31  xTaskPriorityDisinherit            
00001d05  vTaskPriorityDisinheritAfterTimeout
00001df9  uxTaskResetEventItemValue          
00001e1f  pvTaskIncrementMutexHeldCount      
00001e45  ulTaskGenericNotifyTake            
00001eeb  xTaskGenericNotifyWait             
00001fb5  xTaskGenericNotify                 
0000213d  xTaskGenericNotifyFromISR          
00002321  vTaskGenericNotifyGiveFromISR      
00002489  xTaskGenericNotifyStateClear       
000024d3  ulTaskGenericNotifyValueClear      
00002621  SystemInit                         
000027b3  main                               
000028b5  pvPortMalloc                       
000029cd  vPortFree                          
00002a2b  xPortGetFreeHeapSize               
00002a31  vPortInitialiseBlocks              
00002a8d  pxPortInitialiseStack              
00002af7  xPortStartScheduler                
00002b8b  vPortEndScheduler                  
00002b8d  vPortEnterCritical                 
00002bad  vPortExitCritical                  
00002bc3  xPortSysTickHandler                
00002be9  vPortSetupTimerInterrupt           
00002c03  vPortValidateInterruptPriority     
00002c55  GPIOPadConfigSet                   
00002dc1  vListInitialise                    
00002df1  vListInitialiseItem                
00002e01  vListInsertEnd                     
00002e3d  vListInsert                        
00002eab  uxListRemove                       
00002ef5  SysCtlClockGet                     
0000300d  SysCtlClockSet                     
00003111  ulPortGetIPSR                      
00003129  xPortPendSVHandler                 
00003189  vPortSVCHandler                    
000031a9  vPortStartFirstTask                
000031cd  vPortEnableVFP                     
000031db  __aeabi_memcpy                     
000031db  __aeabi_memcpy4                    
000031db  __aeabi_memcpy8                    
000031db  memcpy                             
00003277  __aeabi_memclr                     
00003277  __aeabi_memclr4                    
00003277  __aeabi_memclr8                    
00003279  __aeabi_memset                     
00003279  __aeabi_memset4                    
00003279  __aeabi_memset8                    
0000327f  memset                             
000032f1  __TI_decompress_lzss               
00003359  GPIOPinConfigure                   
000033a5  UARTConfigSetExpClk                
000033ed  __TI_auto_init_nobinit_nopinit     
00003431  SysCtlPeripheralReady              
00003469  SysCtlPeripheralEnable             
0000349d  _c_int00_noargs                    
000034d1  GPIODirModeSet                     
000034fd  UARTDisable                        
0000351d  GPIOPinTypeGPIOOutput              
00003539  GPIOUnlockPin                      
00003551  GPIOPinTypeUART                    
00003567  UARTEnable                         
0000357b  __TI_decompress_none               
00003589  __TI_zero_init                     
00003595  ResetISR                           
000035a1  UARTCharGet                        
000035ab  UARTCharPut                        
000035b5  GPIOPinWrite                       
000035bb  SysCtlDelay                        
000035c1  _system_pre_init                   
000035c5  C$$EXIT                            
000035c5  abort                              
000036c4  ulMaxSyscallInterruptPriority      
000036cc  uxTopUsedPriority                  
000036ec  __TI_Handler_Table_Base            
000036f8  __TI_Handler_Table_Limit           
00003700  __TI_CINIT_Base                    
00003710  __TI_CINIT_Limit                   
20000000  __start___llvm_prf_cnts            
20000000  __stop___llvm_prf_cnts             
20004f00  __stack                            
20005100  __STACK_END                        
20005100  __STACK_TOP                        
20005100  pxCurrentTCB                       
ffffffff  __TI_pprof_out_hndl                
ffffffff  __TI_prof_data_size                
ffffffff  __TI_prof_data_start               
ffffffff  __binit__                          
ffffffff  __c_args__                         
ffffffff  binit                              
UNDEFED   __mpu_init                         
UNDEFED   _system_post_cinit                 

[136 symbols]
