<html>
<body>
<pre>
<h1>µVision Build Log</h1>
<h2>Tool Versions:</h2>
IDE-Version: µVision V5.35.0.0
Copyright (C) 2021 ARM Ltd and ARM Germany GmbH. All rights reserved.
License Information: Ahmed Eldaly, Cairo university, LIC=----
 
Tool Versions:
Toolchain:       MDK-Lite  Version: 5.35.0.2
Toolchain Path:  C:\Keil_v5\ARM\ARMCLANG\Bin
C Compiler:      ArmClang.exe V6.16
Assembler:       Armasm.exe V6.16
Linker/Locator:  ArmLink.exe V6.16
Library Manager: ArmAr.exe V6.16
Hex Converter:   FromElf.exe V6.16
CPU DLL:         SARMCM3.DLL V5.35.0.2
Dialog DLL:      DCM.DLL V1.17.3.0
Target DLL:      UL2CM3.DLL V1.164.0.0
Dialog DLL:      TCM.DLL V1.53.0.0
 
<h2>Project:</h2>
E:\EECE\Shell\Tasks\Week1\GPIO_code\GPIO_code.uvproj
Project File Date:  09/10/2021

<h2>Output:</h2>
*** Using Compiler 'V6.16', folder: 'C:\Keil_v5\ARM\ARMCLANG\Bin'
Rebuild target 'Target 1'
assembling startup_TM4C123.s...
main.c(4): warning: no previous prototype for function 'SystemInit' [-Wmissing-prototypes]
void SystemInit (){}
     ^
main.c(4): note: declare 'static' if the function is not intended to be used outside of this translation unit
void SystemInit (){}
^
static 
main.c(4): warning: this old-style function definition is not preceded by a prototype [-Wstrict-prototypes]
void SystemInit (){}
                ^
main.c(6): warning: no previous prototype for function 'Timer0_Task' [-Wmissing-prototypes]
void Timer0_Task (void)
     ^
main.c(6): note: declare 'static' if the function is not intended to be used outside of this translation unit
void Timer0_Task (void)
^
static 
main.c(11): warning: no previous prototype for function 'delayMs' [-Wmissing-prototypes]
void delayMs (int n)
     ^
main.c(11): note: declare 'static' if the function is not intended to be used outside of this translation unit
void delayMs (int n)
^
static 
main.c(22): warning: no previous prototype for function 'Timer0A_Handler' [-Wmissing-prototypes]
void Timer0A_Handler (void)
     ^
main.c(22): note: declare 'static' if the function is not intended to be used outside of this translation unit
void Timer0A_Handler (void)
^
static 
main.c(35): warning: implicit conversion changes signedness: 'int' to 'unsigned int' [-Wsign-conversion]
        GPIO_PORTF_AFSEL_R &= ~0x0E;
                           ~~ ^~~~~
main.c(30): warning: no previous prototype for function 'PORTF_init' [-Wmissing-prototypes]
void PORTF_init(void)
     ^
main.c(30): note: declare 'static' if the function is not intended to be used outside of this translation unit
void PORTF_init(void)
^
static 
main.c(40): warning: no previous prototype for function 'Timer0A_Init' [-Wmissing-prototypes]
void Timer0A_Init(void)
     ^
main.c(40): note: declare 'static' if the function is not intended to be used outside of this translation unit
void Timer0A_Init(void)
^
static 
main.c(59): warning: implicit declaration of function '__enable_irq' is invalid in C99 [-Wimplicit-function-declaration]
        __enable_irq();
        ^
main.c(64): warning: no newline at end of file [-Wnewline-eof]
}
 ^
10 warnings generated.
compiling main.c...
linking...
Program Size: Code=664 RO-data=636 RW-data=0 ZI-data=608  
".\Objects\GPIO_code.axf" - 0 Error(s), 10 Warning(s).
Build Time Elapsed:  00:00:05
</pre>
</body>
</html>
